******************************************************************************
                  TI ARM Linker PC v18.1.4                     
******************************************************************************
>> Linked Wed Feb 27 09:55:40 2019

OUTPUT FILE NAME:   <lab5.out>
ENTRY POINT SYMBOL: "_c_int00_noargs"  address: 2000e1f1


MEMORY CONFIGURATION

         name            origin    length      used     unused   attr    fill
----------------------  --------  ---------  --------  --------  ----  --------
  SRAM_CODE             20004000   00013000  0000b488  00007b78  RW X
  SRAM_DATA             20017000   00019000  0000adf0  0000e210  RW X


SEGMENT ALLOCATION MAP

run origin  load origin   length   init length attrs members
----------  ----------- ---------- ----------- ----- -------
20004000    20004000    0000b490   0000b490    r-x
  20004000    20004000    00000400   00000400    r-- .intvecs
  20004400    20004400    0000a4ce   0000a4ce    r-x .text
  2000e8d0    2000e8d0    00000b3a   00000b3a    r-- .const
  2000f410    2000f410    00000080   00000080    r-- .cinit
20017000    20017000    00009df0   00000000    rw-
  20017000    20017000    00008000   00000000    rw- .sysmem
  2001f000    2001f000    00001d0c   00000000    rw- .bss
  20020d0c    20020d0c    000000e4   00000000    rw- .data
2002f000    2002f000    00001000   00000000    rw-
  2002f000    2002f000    00001000   00000000    rw- .stack


SECTION ALLOCATION MAP

 output                                  attributes/
section   page    origin      length       input sections
--------  ----  ----------  ----------   ----------------
.intvecs   0    20004000    00000400     
                  20004000    00000400     startup_ccs.obj (.intvecs)

.init_array 
*          0    20004000    00000000     UNINITIALIZED

.text      0    20004400    0000a4ce     
                  20004400    00001d64     main.obj (.text)
                  20006164    00000a80     Adafruit_GFX.obj (.text)
                  20006be4    00000a4a     rtsv7M4_T_le_eabi.lib : _printfi.c.obj (.text:__TI_printfi)
                  2000762e    00000002     driverlib.a : interrupt.obj (.text:IntDefaultHandler)
                  20007630    00000590     simplelink.a : driver.obj (.text:_SlDrvMsgRead)
                  20007bc0    000004aa     Adafruit_OLED.obj (.text)
                  2000806a    00000002     rtsv7M4_T_le_eabi.lib : _lock.c.obj (.text:_nop)
                  2000806c    000003e4     gpio_if.obj (.text)
                  20008450    00000280     uart_if.obj (.text)
                  200086d0    0000027c     simplelink.a : wlan.obj (.text:sl_WlanConnect)
                  2000894c    00000268     rtsv7M4_T_le_eabi.lib : _printfi.c.obj (.text:_pconv_a)
                  20008bb4    0000024c     simplelink.a : driver.obj (.text:_SlDrvRxHdrRead)
                  20008e00    000001e4                  : driver.obj (.text:_SlDrvDataReadOp)
                  20008fe4    000001d0                  : driver.obj (.text:_SlDrvReleasePoolObj)
                  200091b4    000001cc     rtsv7M4_T_le_eabi.lib : _printfi.c.obj (.text:_pconv_g)
                  20009380    000001b6                           : fd_add_t2.asm.obj (.text)
                  20009536    00000002                           : div0.asm.obj (.text)
                  20009538    000001b4     simplelink.a : driver.obj (.text:_SlDrvDriverCBInit)
                  200096ec    0000019c                  : driver.obj (.text:_SlDrvMsgWrite)
                  20009888    00000190                  : driver.obj (.text:_SlDrvWaitForPoolObj)
                  20009a18    0000018c                  : socket.obj (.text:sl_Connect)
                  20009ba4    00000178     driverlib.a : prcm.obj (.text:PRCMCC3200MCUInit)
                  20009d1c    00000170     simplelink.a : driver.obj (.text:_SlFindAndSetActiveObj)
                  20009e8c    00000150                  : driver.obj (.text:_SlDrvDataWriteOp)
                  20009fdc    00000148                  : cc_pal.obj (.text:spi_Open)
                  2000a124    00000144                  : driver.obj (.text:_SlDrvMsgReadCmdCtx)
                  2000a268    00000144                  : netapp.obj (.text:sl_NetAppDnsGetHostByName)
                  2000a3ac    0000013c     rtsv7M4_T_le_eabi.lib : _printfi.c.obj (.text:_pconv_e)
                  2000a4e8    00000136                           : fd_div_t2.asm.obj (.text)
                  2000a61e    00000002     --HOLE-- [fill = 0]
                  2000a620    00000134     simplelink.a : socket.obj (.text:sl_Send)
                  2000a754    00000130                  : driver.obj (.text:_SlDrvDriverCBDeinit)
                  2000a884    00000128     pin_mux_config.obj (.text)
                  2000a9ac    00000120     rtsv7M4_T_le_eabi.lib : _printfi.c.obj (.text:fcvt)
                  2000aacc    00000114                           : memory.c.obj (.text:realloc)
                  2000abe0    00000104     simplelink.a : netapp.obj (.text:_SlDrvNetAppEventHandler)
                  2000ace4    000000fc     rtsv7M4_T_le_eabi.lib : fd_mul_t2.asm.obj (.text)
                  2000ade0    000000f0     simplelink.a : device.obj (.text:sl_Stop)
                  2000aed0    000000f0                  : cc_pal.obj (.text:spi_Read)
                  2000afc0    000000f0     driverlib.a : udma.obj (.text:uDMAChannelTransferSet)
                  2000b0b0    000000ec     simplelink.a : device.obj (.text:sl_Start)
                  2000b19c    000000e8                  : driver.obj (.text:_SlAsyncEventGenericHandler)
                  2000b284    000000e8                  : driver.obj (.text:_SlDrvMsgReadSpawnCtx)
                  2000b36c    000000e4                  : netapp.obj (.text:sl_NetAppMDNSRegisterUnregisterService)
                  2000b450    000000dc                  : driver.obj (.text:_SlDrvClassifyRxMsg)
                  2000b52c    000000d8     rtsv7M4_T_le_eabi.lib : memory.c.obj (.text:free)
                  2000b604    000000d0                           : s_scalbn.c.obj (.text:scalbn)
                  2000b6d4    000000cc     simplelink.a : netapp.obj (.text:_sl_HandleAsync_DnsGetHostByService)
                  2000b7a0    000000cc                  : device.obj (.text:sl_DevGet)
                  2000b86c    000000c4                  : driver.obj (.text:_SlRemoveFromList)
                  2000b930    000000c0                  : driver.obj (.text:_SlDrvCmdOp)
                  2000b9f0    000000b1     rtsv7M4_T_le_eabi.lib : _printfi.c.obj (.text:_ltostr)
                  2000baa1    00000003     --HOLE-- [fill = 0]
                  2000baa4    000000b0     simplelink.a : nonos.obj (.text:_SlNonOsSemGet)
                  2000bb54    000000a8     driverlib.a : interrupt.obj (.text:IntDisable)
                  2000bbfc    000000a8                 : interrupt.obj (.text:IntEnable)
                  2000bca4    000000a4     simplelink.a : driver.obj (.text:_SlDriverHandleError)
                  2000bd48    000000a0     driverlib.a : spi.obj (.text:SPIConfigSetExpClk)
                  2000bde8    000000a0     simplelink.a : socket.obj (.text:sl_Recv)
                  2000be88    0000009c     rtsv7M4_T_le_eabi.lib : memcpy_t2.asm.obj (.text)
                  2000bf24    0000009a     simplelink.a : device.obj (.text:_SlDrvDeviceEventHandler)
                  2000bfbe    00000002     --HOLE-- [fill = 0]
                  2000bfc0    00000098                  : device.obj (.text:sl_DevSet)
                  2000c058    00000098                  : netcfg.obj (.text:sl_NetCfgSet)
                  2000c0f0    00000098                  : socket.obj (.text:sl_SetSockOpt)
                  2000c188    00000098                  : wlan.obj (.text:sl_WlanSet)
                  2000c220    00000098                  : cc_pal.obj (.text:spi_Write)
                  2000c2b8    00000096     rtsv7M4_T_le_eabi.lib : ull_div_t2.asm.obj (.text)
                  2000c34e    00000002     --HOLE-- [fill = 0]
                  2000c350    00000094     driverlib.a : prcm.obj (.text:PRCMPeripheralClockGet)
                  2000c3e4    00000090     simplelink.a : netapp.obj (.text:_sl_HandleAsync_DnsGetHostByName)
                  2000c474    00000090                  : netapp.obj (.text:_sl_HandleAsync_PingResponse)
                  2000c504    00000090                  : wlan.obj (.text:sl_WlanPolicySet)
                  2000c594    0000008c                  : cc_pal.obj (.text:SetupDMAReceive)
                  2000c620    0000008c                  : cc_pal.obj (.text:SetupDMASend)
                  2000c6ac    0000008c                  : driver.obj (.text:_SlDrvIsTimeoutExpired)
                  2000c738    0000008c                  : device.obj (.text:_sl_HandleAsync_InitComplete)
                  2000c7c4    0000008c                  : socket.obj (.text:sl_Socket)
                  2000c850    00000088     driverlib.a : pin.obj (.text:PinConfigSet)
                  2000c8d8    00000086     rtsv7M4_T_le_eabi.lib : fd_cmp_t2.asm.obj (.text:__aeabi_cdcmple)
                  2000c95e    00000086                           : fd_cmp_t2.asm.obj (.text:__aeabi_cdrcmple)
                  2000c9e4    00000084     simplelink.a : wlan.obj (.text:sl_WlanRxFilterSet)
                  2000ca68    00000082     driverlib.a : gpio.obj (.text:GPIOIntTypeSet)
                  2000caea    00000002     --HOLE-- [fill = 0]
                  2000caec    00000080     simplelink.a : socket.obj (.text:_sl_HandleAsync_Connect)
                  2000cb6c    00000080                  : cc_pal.obj (.text:spi_Read_CPU)
                  2000cbec    00000080                  : cc_pal.obj (.text:spi_Write_CPU)
                  2000cc6c    0000007a     rtsv7M4_T_le_eabi.lib : memset_t2.asm.obj (.text)
                  2000cce6    00000002     --HOLE-- [fill = 0]
                  2000cce8    00000078                           : memory.c.obj (.text:malloc)
                  2000cd60    00000078     simplelink.a : cc_pal.obj (.text:spi_Close)
                  2000cdd8    00000076     driverlib.a : uart.obj (.text:UARTConfigSetExpClk)
                  2000ce4e    00000002     --HOLE-- [fill = 0]
                  2000ce50    00000074     simplelink.a : nonos.obj (.text:_SlNonOsMainLoopTask)
                  2000cec4    0000006e     rtsv7M4_T_le_eabi.lib : _printfi.c.obj (.text:_mcpy)
                  2000cf32    00000002     --HOLE-- [fill = 0]
                  2000cf34    0000006c     simplelink.a : driver.obj (.text:_SlDrvCmdSend)
                  2000cfa0    0000006c                  : netapp.obj (.text:_sl_NetAppSendTokenValue)
                  2000d00c    00000068     rtsv7M4_T_le_eabi.lib : copy_decompress_lzss.c.obj (.text:decompress:lzss:__TI_decompress_lzss)
                  2000d074    00000064     simplelink.a : nonos.obj (.text:_SlNonOsSpawn)
                  2000d0d8    00000064                  : socket.obj (.text:_sl_HandleAsync_Accept)
                  2000d13c    00000064                  : netapp.obj (.text:sl_NetAppMDNSUnRegisterService)
                  2000d1a0    00000064     driverlib.a : udma.obj (.text:uDMAChannelAttributeDisable)
                  2000d204    00000064                 : udma.obj (.text:uDMAChannelAttributeEnable)
                  2000d268    00000060     simplelink.a : socket.obj (.text:sl_Close)
                  2000d2c8    00000060                  : wlan.obj (.text:sl_WlanProfileDel)
                  2000d328    00000060                  : wlan.obj (.text:sl_WlanSetMode)
                  2000d388    0000005c     rtsv7M4_T_le_eabi.lib : s_frexp.c.obj (.text:frexp)
                  2000d3e4    00000058     driverlib.a : interrupt.obj (.text:IntPendClear)
                  2000d43c    00000058                 : prcm.obj (.text:PRCMPeripheralReset)
                  2000d494    00000056     rtsv7M4_T_le_eabi.lib : _printfi.c.obj (.text:_pconv_f)
                  2000d4ea    00000002     --HOLE-- [fill = 0]
                  2000d4ec    00000054     driverlib.a : interrupt.obj (.text:IntPrioritySet)
                  2000d540    00000054     simplelink.a : driver.obj (.text:_SlDrvRxIrqHandler)
                  2000d594    00000054                  : socket.obj (.text:_sl_HandleAsync_Select)
                  2000d5e8    00000054     rtsv7M4_T_le_eabi.lib : ltoa.c.obj (.text:ltoa)
                  2000d63c    00000052                           : _printfi.c.obj (.text:_ecpy)
                  2000d68e    00000002     --HOLE-- [fill = 0]
                  2000d690    00000050     simplelink.a : device.obj (.text:_sl_HandleAsync_Stop)
                  2000d6e0    0000004c     driverlib.a : spi.obj (.text:SPIIntEnable)
                  2000d72c    0000004c                 : spi.obj (.text:SPIIntNumberGet)
                  2000d778    0000004c     simplelink.a : driver.obj (.text:_SlDrvProtectAsyncRespSetting)
                  2000d7c4    0000004c                  : socket.obj (.text:_sl_BuildAddress)
                  2000d810    0000004c     rtsv7M4_T_le_eabi.lib : atoi.c.obj (.text:atoi)
                  2000d85c    0000004c     driverlib.a : udma.obj (.text:uDMAChannelAssign)
                  2000d8a8    00000048                 : gpio.obj (.text:GPIOGetIntNumber)
                  2000d8f0    00000048                 : spi.obj (.text:SPIIntClear)
                  2000d938    00000048     simplelink.a : driver.obj (.text:_SlDrvBasicCmd)
                  2000d980    00000048     rtsv7M4_T_le_eabi.lib : fd_toi_t2.asm.obj (.text)
                  2000d9c8    00000044     driverlib.a : spi.obj (.text:SPIDmaMaskGet)
                  2000da0c    00000044                 : timer.obj (.text:TimerConfigure)
                  2000da50    00000044     simplelink.a : driver.obj (.text:_SlDrvSyncObjWaitTimeout)
                  2000da94    00000044     rtsv7M4_T_le_eabi.lib : autoinit.c.obj (.text:__TI_auto_init_nobinit_nopinit:__TI_auto_init_nobinit_nopinit)
                  2000dad8    00000044     simplelink.a : cc_pal.obj (.text:cc_SetupTransfer)
                  2000db1c    00000042                  : socket.obj (.text:sl_Htonl)
                  2000db5e    00000002     --HOLE-- [fill = 0]
                  2000db60    00000040     driverlib.a : pin.obj (.text:PinModeSet)
                  2000dba0    00000040     simplelink.a : socket.obj (.text:_sl_TruncatePayloadByProtocol)
                  2000dbe0    00000040     rtsv7M4_T_le_eabi.lib : sprintf.c.obj (.text:sprintf)
                  2000dc20    00000040                           : vsnprintf.c.obj (.text:vsnprintf)
                  2000dc60    0000003e     simplelink.a : cc_pal.obj (.text:NwpRegisterInterruptHandler)
                  2000dc9e    0000003e     rtsv7M4_T_le_eabi.lib : _printfi.c.obj (.text:_fcpy)
                  2000dcdc    0000003c     simplelink.a : netapp.obj (.text:CopyPingResultsToReport)
                  2000dd18    0000003c     driverlib.a : prcm.obj (.text:PRCMPeripheralClkEnable)
                  2000dd54    0000003c     rtsv7M4_T_le_eabi.lib : memory.c.obj (.text:minsert)
                  2000dd90    0000003c     simplelink.a : cc_pal.obj (.text:simplelink_timerA2_start)
                  2000ddcc    0000003c                  : socket.obj (.text:sl_Htons)
                  2000de08    0000003c     driverlib.a : udma.obj (.text:uDMAChannelControlSet)
                  2000de44    00000038     simplelink.a : cc_pal.obj (.text:NwpPowerOff)
                  2000de7c    00000038     rtsv7M4_T_le_eabi.lib : memory.c.obj (.text:minit)
                  2000deb4    00000038     simplelink.a : wlan.obj (.text:sl_WlanDisconnect)
                  2000deec    00000036     driverlib.a : gpio.obj (.text:GPIODirModeSet)
                  2000df22    00000002     --HOLE-- [fill = 0]
                  2000df24    00000034                 : prcm.obj (.text:PRCMPeripheralStatusGet)
                  2000df58    00000034                 : spi.obj (.text:SPIFIFOLevelSet)
                  2000df8c    00000030                 : pin.obj (.text:PinTypeGPIO)
                  2000dfbc    00000030                 : uart.obj (.text:UARTDisable)
                  2000dfec    00000030     rtsv7M4_T_le_eabi.lib : vsnprintf.c.obj (.text:_outs)
                  2000e01c    0000002e                           : i_tofd_t2.asm.obj (.text)
                  2000e04a    00000002     --HOLE-- [fill = 0]
                  2000e04c    0000002c     simplelink.a : cc_pal.obj (.text:NwpPowerOn)
                  2000e078    0000002c     driverlib.a : prcm.obj (.text:PRCMSysResetCauseGet)
                  2000e0a4    0000002c     simplelink.a : driver.obj (.text:_SlDrvObjGlobalLockWaitForever)
                  2000e0d0    0000002c                  : driver.obj (.text:_SlDrvProtectionObjLockWaitForever)
                  2000e0fc    0000002a     driverlib.a : timer.obj (.text:TimerLoadSet)
                  2000e126    0000002a                 : timer.obj (.text:TimerPrescaleSet)
                  2000e150    00000028                 : prcm.obj (.text:PRCMPeripheralClkDisable)
                  2000e178    00000028     simplelink.a : driver.obj (.text:_SlDrvGlobalObjUnLock)
                  2000e1a0    00000028                  : driver.obj (.text:_SlDrvProtectionObjUnLock)
                  2000e1c8    00000028                  : driver.obj (.text:_SlDrvSyncObjWaitForever)
                  2000e1f0    00000028     rtsv7M4_T_le_eabi.lib : boot_cortex_m.c.obj (.text:_c_int00_noargs:_c_int00_noargs)
                  2000e218    00000028                           : memory.c.obj (.text:mremove)
                  2000e240    00000026     simplelink.a : driver.obj (.text:_SlDrvObjLockWaitForever)
                  2000e266    00000002     --HOLE-- [fill = 0]
                  2000e268    00000024                  : cc_pal.obj (.text:DmaSpiSwIntHandler)
                  2000e28c    00000024     driverlib.a : interrupt.obj (.text:IntUnregister)
                  2000e2b0    00000024                 : uart.obj (.text:UARTEnable)
                  2000e2d4    00000024     rtsv7M4_T_le_eabi.lib : memmov.c.obj (.text:memmove)
                  2000e2f8    00000022     driverlib.a : spi.obj (.text:SPIReset)
                  2000e31a    00000022                 : spi.obj (.text:SPIWordCountSet)
                  2000e33c    00000020                 : gpio.obj (.text:GPIOPinWrite)
                  2000e35c    00000020                 : interrupt.obj (.text:IntRegister)
                  2000e37c    00000020     simplelink.a : cc_pal.obj (.text:NwpPrePowerOffTimout0)
                  2000e39c    00000020     driverlib.a : spi.obj (.text:SPIDataGet)
                  2000e3bc    00000020     simplelink.a : cc_pal.obj (.text:TimerGetCurrentTimestamp)
                  2000e3dc    00000020                  : driver.obj (.text:_SlDrvObjUnLock)
                  2000e3fc    00000020                  : driver.obj (.text:_SlDrvSyncObjSignal)
                  2000e41c    0000001e     driverlib.a : gpio.obj (.text:GPIOIntRegister)
                  2000e43a    0000001e                 : spi.obj (.text:SPIDataPut)
                  2000e458    0000001e                 : timer.obj (.text:TimerEnable)
                  2000e476    0000001e                 : uart.obj (.text:UARTCharPut)
                  2000e494    0000001e     simplelink.a : cc_pal.obj (.text:cc_UDMAChannelSelect)
                  2000e4b2    0000001c     driverlib.a : timer.obj (.text:TimerValueGet)
                  2000e4ce    0000001c                 : uart.obj (.text:UARTCharGetNonBlocking)
                  2000e4ea    0000001c     simplelink.a : driver.obj (.text:_SlDrvStartMeasureTimeout)
                  2000e506    0000001c     rtsv7M4_T_le_eabi.lib : memccpy.c.obj (.text:memccpy)
                  2000e522    00000002     --HOLE-- [fill = 0]
                  2000e524    0000001c     driverlib.a : udma.obj (.text:uDMAChannelEnable)
                  2000e540    0000001a                 : gpio.obj (.text:GPIOIntEnable)
                  2000e55a    0000001a                 : pin.obj (.text:PinTypeSPI)
                  2000e574    0000001a                 : pin.obj (.text:PinTypeUART)
                  2000e58e    0000001a                 : spi.obj (.text:SPIDmaDisable)
                  2000e5a8    0000001a                 : spi.obj (.text:SPIDmaEnable)
                  2000e5c2    0000001a                 : spi.obj (.text:SPIFIFODisable)
                  2000e5dc    0000001a                 : spi.obj (.text:SPIFIFOEnable)
                  2000e5f6    0000001a                 : spi.obj (.text:SPIIntUnregister)
                  2000e610    00000018                 : gpio.obj (.text:GPIOPinRead)
                  2000e628    00000018                 : spi.obj (.text:SPICSDisable)
                  2000e640    00000018                 : spi.obj (.text:SPICSEnable)
                  2000e658    00000018                 : spi.obj (.text:SPIDisable)
                  2000e670    00000018                 : spi.obj (.text:SPIEnable)
                  2000e688    00000018                 : uart.obj (.text:UARTBusy)
                  2000e6a0    00000018                 : uart.obj (.text:UARTCharsAvail)
                  2000e6b8    00000018                 : uart.obj (.text:UARTDMADisable)
                  2000e6d0    00000018     simplelink.a : nonos.obj (.text:_SlNonOsSemSet)
                  2000e6e8    00000018     rtsv7M4_T_le_eabi.lib : vsnprintf.c.obj (.text:_outc)
                  2000e700    00000018                           : sprintf.c.obj (.text:_outs)
                  2000e718    00000018     simplelink.a : device.obj (.text:_sl_GetStartResponseConvert)
                  2000e730    00000016     driverlib.a : prcm.obj (.text:PRCMHIBRegRead)
                  2000e746    00000016                 : prcm.obj (.text:PRCMHIBRegWrite)
                  2000e75c    00000016                 : uart.obj (.text:UARTCharGet)
                  2000e772    00000016                 : uart.obj (.text:UARTFIFODisable)
                  2000e788    00000016     simplelink.a : driver.obj (.text:_SlDrvMemZero)
                  2000e79e    00000016     rtsv7M4_T_le_eabi.lib : strchr.c.obj (.text:strchr)
                  2000e7b4    00000014     driverlib.a : cpu.obj (.text:CPUcpsie)
                  2000e7c8    00000014                 : gpio.obj (.text:GPIOIntClear)
                  2000e7dc    00000014                 : interrupt.obj (.text:IntVTableBaseSet)
                  2000e7f0    00000014     rtsv7M4_T_le_eabi.lib : strcpy.c.obj (.text:strcpy)
                  2000e804    00000014                           : strlen.c.obj (.text:strlen)
                  2000e818    00000012     driverlib.a : uart.obj (.text:UARTIntClear)
                  2000e82a    00000012     rtsv7M4_T_le_eabi.lib : wcslen.c.obj (.text:wcslen)
                  2000e83c    00000010     simplelink.a : driver.obj (.text:_SlDrvDispatchHttpServerEvents)
                  2000e84c    0000000e                  : driver.obj (.text:_SlDrvResetCmdExt)
                  2000e85a    0000000e     rtsv7M4_T_le_eabi.lib : copy_decompress_none.c.obj (.text:decompress:none:__TI_decompress_none)
                  2000e868    0000000e     startup_ccs.obj (.text)
                  2000e876    00000002     --HOLE-- [fill = 0]
                  2000e878    0000000c     simplelink.a : cc_pal.obj (.text:NwpMaskInterrupt)
                  2000e884    0000000c                  : cc_pal.obj (.text:NwpUnMaskInterrupt)
                  2000e890    0000000c     rtsv7M4_T_le_eabi.lib : copy_zero_init.c.obj (.text:decompress:ZI:__TI_zero_init)
                  2000e89c    0000000a     driverlib.a : interrupt.obj (.text:IntMasterEnable)
                  2000e8a6    0000000a     rtsv7M4_T_le_eabi.lib : sprintf.c.obj (.text:_outc)
                  2000e8b0    00000008                           : errno.c.obj (.text:__aeabi_errno_addr)
                  2000e8b8    00000008                           : s_copysign.c.obj (.text:copysign)
                  2000e8c0    00000006     driverlib.a : utils.obj (.text:UtilsDelay)
                  2000e8c6    00000004     rtsv7M4_T_le_eabi.lib : pre_init.c.obj (.text:_system_pre_init)
                  2000e8ca    00000004                           : exit.c.obj (.text:abort:abort)

.const     0    2000e8d0    00000b3a     
                  2000e8d0    000004fb     Adafruit_GFX.obj (.const:.string:font)
                  2000edcb    00000101     rtsv7M4_T_le_eabi.lib : ctype.c.obj (.const:.string:_ctypes_)
                  2000eecc    00000100     driverlib.a : pin.obj (.const:g_ulPinToPadMap)
                  2000efcc    000000d4                 : interrupt.obj (.const:g_pulRegs)
                  2000f0a0    000000a8                 : prcm.obj (.const:PRCM_PeriphRegsList)
                  2000f148    00000080                 : interrupt.obj (.const)
                  2000f1c8    0000003c     simplelink.a : driver.obj (.const:OpcodeTranslateTable)
                  2000f204    00000038                  : driver.obj (.const:_SlActionLookupTable)
                  2000f23c    00000030     main.obj (.const:.string)
                  2000f26c    0000002c     main.obj (.const:$P$T1$2)
                  2000f298    00000024     driverlib.a : spi.obj (.const:g_ppulSPIIntMap)
                  2000f2bc    00000022     main.obj (.const:.string:$P$T0$1)
                  2000f2de    00000002     --HOLE-- [fill = 0]
                  2000f2e0    00000020     simplelink.a : driver.obj (.const:RxMsgClassLUT)
                  2000f300    00000018     driverlib.a : spi.obj (.const)
                  2000f318    00000015     main.obj (.const:.string:$P$T6$7)
                  2000f32d    00000003     --HOLE-- [fill = 0]
                  2000f330    00000014     simplelink.a : driver.obj (.const:$P$T0$1)
                  2000f344    00000014                  : nonos.obj (.const:$P$T0$1)
                  2000f358    00000014     main.obj (.const:$P$T2$3)
                  2000f36c    00000010     simplelink.a : socket.obj (.const:.string:_SlPayloadByProtocolLUT)
                  2000f37c    0000000c     main.obj (.const:$P$T4$5)
                  2000f388    0000000c     main.obj (.const:.string:$P$T3$4)
                  2000f394    00000009     main.obj (.const:.string:$P$T5$6)
                  2000f39d    00000008     simplelink.a : device.obj (.const:StartResponseLUT)
                  2000f3a5    00000003     --HOLE-- [fill = 0]
                  2000f3a8    00000008                  : driver.obj (.const:g_H2NCnysPattern)
                  2000f3b0    00000008                  : driver.obj (.const:g_H2NSyncPattern)
                  2000f3b8    00000005     main.obj (.const:.string:$P$T7$8)
                  2000f3bd    00000001     --HOLE-- [fill = 0]
                  2000f3be    00000004     simplelink.a : wlan.obj (.const:$P$T0$1)
                  2000f3c2    00000004                  : socket.obj (.const:$P$T2$3)
                  2000f3c6    00000004                  : device.obj (.const:_SlDeviceGetCmdCtrl)
                  2000f3ca    00000004                  : device.obj (.const:_SlDeviceSetCmdCtrl)
                  2000f3ce    00000004                  : netapp.obj (.const:_SlGetHostByNameCtrl)
                  2000f3d2    00000004                  : netapp.obj (.const:_SlNetAppSendTokenValueCmdCtrl)
                  2000f3d6    00000004                  : netcfg.obj (.const:_SlNetCfgSetCmdCtrl)
                  2000f3da    00000004                  : wlan.obj (.const:_SlPolicySetCmdCtrl)
                  2000f3de    00000004                  : wlan.obj (.const:_SlProfileDelCmdCtrl)
                  2000f3e2    00000004                  : socket.obj (.const:_SlRecvCmdCtrl)
                  2000f3e6    00000004                  : netapp.obj (.const:_SlRegisterServiceCtrl)
                  2000f3ea    00000004                  : wlan.obj (.const:_SlRxFilterSetCmdCtrl)
                  2000f3ee    00000004                  : socket.obj (.const:_SlSendCmdCtrl)
                  2000f3f2    00000004                  : socket.obj (.const:_SlSetSockOptCmdCtrl)
                  2000f3f6    00000004                  : socket.obj (.const:_SlSockCloseCmdCtrl)
                  2000f3fa    00000004                  : socket.obj (.const:_SlSockSocketCmdCtrl)
                  2000f3fe    00000004                  : device.obj (.const:_SlStopCmdCtrl)
                  2000f402    00000004                  : wlan.obj (.const:_SlWlanCfgSetCmdCtrl)
                  2000f406    00000004                  : wlan.obj (.const:_SlWlanSetModeCmdCtrl)

.cinit     0    2000f410    00000080     
                  2000f410    00000055     (.cinit..data.load) [load image, compression = lzss]
                  2000f465    00000003     --HOLE-- [fill = 0]
                  2000f468    0000000c     (__TI_handler_table)
                  2000f474    00000004     --HOLE-- [fill = 0]
                  2000f478    00000008     (.cinit..bss.load) [load image, compression = zero_init]
                  2000f480    00000010     (__TI_cinit_table)

.sysmem    0    20017000    00008000     UNINITIALIZED
                  20017000    00000008     rtsv7M4_T_le_eabi.lib : memory.c.obj (.sysmem)
                  20017008    00007ff8     --HOLE--

.bss       0    2001f000    00001d0c     UNINITIALIZED
                  2001f000    00000fa0     (.common:buffer)
                  2001ffa0    000003c0     (.common:ComposingLetter)
                  20020360    000003c0     (.common:PreviousLetter)
                  20020720    000003c0     (.common:ReceivedLetter)
                  20020ae0    00000168     simplelink.a : driver.obj (.bss:g_StatMem)
                  20020c48    00000050     (.common:g_ucDinDout)
                  20020c98    0000002c     (.common:g_time)
                  20020cc4    00000024     (.common:g_ucConnectionSSID)
                  20020ce8    00000008     (.common:g_ucConnectionBSSID)
                  20020cf0    00000004     uart_if.obj (.bss)
                  20020cf4    00000004     (.common:currentButton)
                  20020cf8    00000004     (.common:currentPress)
                  20020cfc    00000004     (.common:previousButton)
                  20020d00    00000004     (.common:previousPress)
                  20020d04    00000001     (.common:PIN8_intflag)
                  20020d05    00000001     (.common:RxIrqCnt)
                  20020d06    00000001     (.common:g_bDeviceRestartIsRequired)
                  20020d07    00000001     (.common:g_cDummy)
                  20020d08    00000001     (.common:g_ucLED1Pin)
                  20020d09    00000001     (.common:g_ucLED2Pin)
                  20020d0a    00000001     (.common:g_ucLED3Pin)
                  20020d0b    00000001     (.common:g_ucLED4Pin)

.data      0    20020d0c    000000e4     UNINITIALIZED
                  20020d0c    0000003c     simplelink.a : nonos.obj (.data:g__SlNonOsCB)
                  20020d48    00000038     main.obj (.data)
                  20020d80    00000015     Adafruit_GFX.obj (.data)
                  20020d95    00000003     --HOLE--
                  20020d98    00000014     gpio_if.obj (.data:ulReg)
                  20020dac    00000010     gpio_if.obj (.data)
                  20020dbc    0000000d     simplelink.a : driver.obj (.data)
                  20020dc9    00000003     --HOLE--
                  20020dcc    0000000c     rtsv7M4_T_le_eabi.lib : memory.c.obj (.data:$O1$$)
                  20020dd8    00000009     simplelink.a : cc_pal.obj (.data)
                  20020de1    00000003     --HOLE--
                  20020de4    00000008     rtsv7M4_T_le_eabi.lib : _lock.c.obj (.data:$O1$$)
                  20020dec    00000004                           : errno.c.obj (.data)

.stack     0    2002f000    00001000     UNINITIALIZED
                  2002f000    00000004     rtsv7M4_T_le_eabi.lib : boot_cortex_m.c.obj (.stack)
                  2002f004    00000ffc     --HOLE--

MODULE SUMMARY

       Module                       code    ro data   rw data
       ------                       ----    -------   -------
    .\
       main.obj                     7524    205       7041   
       Adafruit_GFX.obj             2688    1275      21     
       Adafruit_OLED.obj            1194    0         0      
       startup_ccs.obj              14      1024      0      
       gpio_if.obj                  996     0         40     
       uart_if.obj                  640     0         4      
       pin_mux_config.obj           296     0         0      
    +--+----------------------------+-------+---------+---------+
       Total:                       13352   2504      7106   
                                                             
    C:/ti/CC3200SDK_1.3.0/cc3200-sdk/driverlib/ccs/Release/driverlib.a
       prcm.obj                     852     168       0      
       interrupt.obj                608     340       0      
       spi.obj                      860     60        0      
       udma.obj                     604     0         0      
       pin.obj                      300     256       0      
       uart.obj                     394     0         0      
       gpio.obj                     388     0         0      
       timer.obj                    210     0         0      
       cpu.obj                      20      0         0      
       utils.obj                    6       0         0      
    +--+----------------------------+-------+---------+---------+
       Total:                       4242    824       0      
                                                             
    C:/ti/CC3200SDK_1.3.0/cc3200-sdk/simplelink/ccs/NON_OS/simplelink.a
       driver.obj                   7714    184       375    
       cc_pal.obj                   1820    0         90     
       socket.obj                   1830    40        0      
       netapp.obj                   1572    12        0      
       wlan.obj                     1312    24        0      
       device.obj                   1230    20        0      
       nonos.obj                    416     20        60     
       netcfg.obj                   152     4         0      
    +--+----------------------------+-------+---------+---------+
       Total:                       16046   304       525    
                                                             
    C:\ti\ccsv8\tools\compiler\ti-cgt-arm_18.1.4.LTS\lib\rtsv7M4_T_le_eabi.lib
       _printfi.c.obj               4831    0         0      
       memory.c.obj                 768     0         12     
       fd_add_t2.asm.obj            438     0         0      
       fd_div_t2.asm.obj            310     0         0      
       fd_cmp_t2.asm.obj            268     0         0      
       ctype.c.obj                  0       257       0      
       fd_mul_t2.asm.obj            252     0         0      
       s_scalbn.c.obj               208     0         0      
       memcpy_t2.asm.obj            156     0         0      
       ull_div_t2.asm.obj           150     0         0      
       vsnprintf.c.obj              136     0         0      
       memset_t2.asm.obj            122     0         0      
       copy_decompress_lzss.c.obj   104     0         0      
       sprintf.c.obj                98      0         0      
       s_frexp.c.obj                92      0         0      
       ltoa.c.obj                   84      0         0      
       atoi.c.obj                   76      0         0      
       fd_toi_t2.asm.obj            72      0         0      
       autoinit.c.obj               68      0         0      
       i_tofd_t2.asm.obj            46      0         0      
       boot_cortex_m.c.obj          40      0         0      
       memmov.c.obj                 36      0         0      
       memccpy.c.obj                28      0         0      
       strchr.c.obj                 22      0         0      
       strcpy.c.obj                 20      0         0      
       strlen.c.obj                 20      0         0      
       wcslen.c.obj                 18      0         0      
       copy_decompress_none.c.obj   14      0         0      
       copy_zero_init.c.obj         12      0         0      
       errno.c.obj                  8       0         4      
       _lock.c.obj                  2       0         8      
       s_copysign.c.obj             8       0         0      
       exit.c.obj                   4       0         0      
       pre_init.c.obj               4       0         0      
       div0.asm.obj                 2       0         0      
    +--+----------------------------+-------+---------+---------+
       Total:                       8517    257       24     
                                                             
       Heap:                        0       0         32768  
       Stack:                       0       0         4096   
       Linker Generated:            0       121       0      
    +--+----------------------------+-------+---------+---------+
       Grand Total:                 42157   4010      44519  


LINKER GENERATED COPY TABLES

__TI_cinit_table @ 2000f480 records: 2, size/record: 8, table size: 16
	.data: load addr=2000f410, load size=00000055 bytes, run addr=20020d0c, run size=000000e4 bytes, compression=lzss
	.bss: load addr=2000f478, load size=00000008 bytes, run addr=2001f000, run size=00001d0c bytes, compression=zero_init


LINKER GENERATED HANDLER TABLE

__TI_handler_table @ 2000f468 records: 3, size/record: 4, table size: 12
	index: 0, handler: __TI_decompress_lzss
	index: 1, handler: __TI_decompress_none
	index: 2, handler: __TI_zero_init


GLOBAL SYMBOLS: SORTED ALPHABETICALLY BY Name 

address   name                                  
-------   ----                                  
20007c55  Adafruit_Init                         
2000e8cb  C$$EXIT                               
2000e7b5  CPUcpsie                              
200059e3  CheckMessage                          
200058cf  ClearComposingMessage                 
20005939  ClearPreviousMessage                  
20008491  ClearTerm                             
20007dcb  Color565                              
2001ffa0  ComposingLetter                       
200050e5  Decode                                
200053b1  Display                               
20005a6f  DisplayMessage                        
2000e269  DmaSpiSwIntHandler                    
2000849b  Error                                 
2000deed  GPIODirModeSet                        
2000e7c9  GPIOIntClear                          
2000e541  GPIOIntEnable                         
2000e41d  GPIOIntRegister                       
2000ca69  GPIOIntTypeSet                        
2000e611  GPIOPinRead                           
2000e33d  GPIOPinWrite                          
20008371  GPIO_IF_ConfigureNIntEnable           
20008415  GPIO_IF_Get                           
2000832b  GPIO_IF_GetPortNPin                   
200080a9  GPIO_IF_LedConfigure                  
200081cf  GPIO_IF_LedOff                        
200080f9  GPIO_IF_LedOn                         
20008293  GPIO_IF_LedStatus                     
200082fd  GPIO_IF_LedToggle                     
200083c9  GPIO_IF_Set                           
200084d3  GetCmd                                
20008451  InitTerm                              
2000bb55  IntDisable                            
2000bbfd  IntEnable                             
2000e89d  IntMasterEnable                       
2000d3e5  IntPendClear                          
2000d4ed  IntPrioritySet                        
2000e35d  IntRegister                           
2000e28d  IntUnregister                         
2000e7dd  IntVTableBaseSet                      
20005837  MasterMain                            
2000846f  Message                               
2000e879  NwpMaskInterrupt                      
2000de45  NwpPowerOff                           
2000e04d  NwpPowerOn                            
2000e37d  NwpPrePowerOffTimout0                 
2000dc61  NwpRegisterInterruptHandler           
2000e885  NwpUnMaskInterrupt                    
2000f1c8  OpcodeTranslateTable                  
20006b0f  Outstr                                
20020d04  PIN8_intflag                          
20009ba5  PRCMCC3200MCUInit                     
2000e731  PRCMHIBRegRead                        
2000e747  PRCMHIBRegWrite                       
2000e151  PRCMPeripheralClkDisable              
2000dd19  PRCMPeripheralClkEnable               
2000c351  PRCMPeripheralClockGet                
2000d43d  PRCMPeripheralReset                   
2000df25  PRCMPeripheralStatusGet               
2000e079  PRCMSysResetCauseGet                  
2000c851  PinConfigSet                          
2000db61  PinModeSet                            
2000a885  PinMuxConfig                          
2000df8d  PinTypeGPIO                           
2000e55b  PinTypeSPI                            
2000e575  PinTypeUART                           
20020360  PreviousLetter                        
20005b71  ProcessIR                             
20020720  ReceivedLetter                        
20008611  Report                                
2000e869  ResetISR                              
20020d05  RxIrqCnt                              
2000e629  SPICSDisable                          
2000e641  SPICSEnable                           
2000bd49  SPIConfigSetExpClk                    
2000e39d  SPIDataGet                            
2000e43b  SPIDataPut                            
2000e659  SPIDisable                            
2000e58f  SPIDmaDisable                         
2000e5a9  SPIDmaEnable                          
2000e671  SPIEnable                             
2000e5c3  SPIFIFODisable                        
2000e5dd  SPIFIFOEnable                         
2000df59  SPIFIFOLevelSet                       
2000d8f1  SPIIntClear                           
2000d6e1  SPIIntEnable                          
2000e5f7  SPIIntUnregister                      
2000e2f9  SPIReset                              
2000e31b  SPIWordCountSet                       
20005991  SendMessage                           
20005865  SetupCommunication                    
200045d5  SimpleLinkGeneralEventHandler         
200045b1  SimpleLinkHttpServerCallback          
2000450f  SimpleLinkNetAppEventHandler          
200045f5  SimpleLinkSockEventHandler            
20004401  SimpleLinkWlanEventHandler            
2000da0d  TimerConfigure                        
2000e459  TimerEnable                           
2000e3bd  TimerGetCurrentTimestamp              
2000e0fd  TimerLoadSet                          
2000e127  TimerPrescaleSet                      
2000e4b3  TimerValueGet                         
20008579  TrimSpace                             
2000e689  UARTBusy                              
2000e75d  UARTCharGet                           
2000e4cf  UARTCharGetNonBlocking                
2000e477  UARTCharPut                           
2000e6a1  UARTCharsAvail                        
2000cdd9  UARTConfigSetExpClk                   
2000e6b9  UARTDMADisable                        
2000dfbd  UARTDisable                           
2000e2b1  UARTEnable                            
2000e773  UARTFIFODisable                       
2000e819  UARTIntClear                          
2000e8c1  UtilsDelay                            
2000f204  _SlActionLookupTable                  
2000bca5  _SlDriverHandleError                  
2000d939  _SlDrvBasicCmd                        
2000b931  _SlDrvCmdOp                           
2000cf35  _SlDrvCmdSend                         
20008e01  _SlDrvDataReadOp                      
20009e8d  _SlDrvDataWriteOp                     
2000bf25  _SlDrvDeviceEventHandler              
2000e83d  _SlDrvDispatchHttpServerEvents        
2000a755  _SlDrvDriverCBDeinit                  
20009539  _SlDrvDriverCBInit                    
2000e179  _SlDrvGlobalObjUnLock                 
2000c6ad  _SlDrvIsTimeoutExpired                
2000e789  _SlDrvMemZero                         
2000b285  _SlDrvMsgReadSpawnCtx                 
2000abe1  _SlDrvNetAppEventHandler              
2000e241  _SlDrvObjLockWaitForever              
2000e3dd  _SlDrvObjUnLock                       
2000d779  _SlDrvProtectAsyncRespSetting         
2000e0d1  _SlDrvProtectionObjLockWaitForever    
2000e1a1  _SlDrvProtectionObjUnLock             
20008fe5  _SlDrvReleasePoolObj                  
2000e84d  _SlDrvResetCmdExt                     
2000d541  _SlDrvRxIrqHandler                    
2000e4eb  _SlDrvStartMeasureTimeout             
2000e3fd  _SlDrvSyncObjSignal                   
2000e1c9  _SlDrvSyncObjWaitForever              
2000da51  _SlDrvSyncObjWaitTimeout              
20009889  _SlDrvWaitForPoolObj                  
2000f3d2  _SlNetAppSendTokenValueCmdCtrl        
2000ce51  _SlNonOsMainLoopTask                  
2000baa5  _SlNonOsSemGet                        
2000e6d1  _SlNonOsSemSet                        
2000d075  _SlNonOsSpawn                         
20030000  __STACK_END                           
00001000  __STACK_SIZE                          
00008000  __SYSMEM_SIZE                         
2000f480  __TI_CINIT_Base                       
2000f490  __TI_CINIT_Limit                      
2000f468  __TI_Handler_Table_Base               
2000f474  __TI_Handler_Table_Limit              
2000da95  __TI_auto_init_nobinit_nopinit        
2000d00d  __TI_decompress_lzss                  
2000e85b  __TI_decompress_none                  
ffffffff  __TI_pprof_out_hndl                   
20006be5  __TI_printfi                          
ffffffff  __TI_prof_data_size                   
ffffffff  __TI_prof_data_start                  
2000f410  __TI_static_base__                    
2000e891  __TI_zero_init                        
2000c8d9  __aeabi_cdcmpeq                       
2000c8d9  __aeabi_cdcmple                       
2000c95f  __aeabi_cdrcmple                      
2000d981  __aeabi_d2iz                          
2000938b  __aeabi_dadd                          
2000a4e9  __aeabi_ddiv                          
2000ace5  __aeabi_dmul                          
20009381  __aeabi_dsub                          
2000e8b1  __aeabi_errno_addr                    
2000e01d  __aeabi_i2d                           
20009537  __aeabi_idiv0                         
20009537  __aeabi_ldiv0                         
2000cc6d  __aeabi_memclr                        
2000cc6d  __aeabi_memclr4                       
2000cc6d  __aeabi_memclr8                       
2000be89  __aeabi_memcpy                        
2000be89  __aeabi_memcpy4                       
2000be89  __aeabi_memcpy8                       
2000cc6f  __aeabi_memset                        
2000cc6f  __aeabi_memset4                       
2000cc6f  __aeabi_memset8                       
2000c2b9  __aeabi_uldivmod                      
ffffffff  __binit__                             
ffffffff  __c_args__                            
UNDEFED   __mpu_init                            
2002f000  __stack                               
2000e1f1  _c_int00_noargs                       
2000edcb  _ctypes_                              
20020de4  _lock                                 
2000806b  _nop                                  
2000d0d9  _sl_HandleAsync_Accept                
2000caed  _sl_HandleAsync_Connect               
2000c3e5  _sl_HandleAsync_DnsGetHostByName      
2000b6d5  _sl_HandleAsync_DnsGetHostByService   
2000c739  _sl_HandleAsync_InitComplete          
2000c475  _sl_HandleAsync_PingResponse          
2000d595  _sl_HandleAsync_Select                
2000d691  _sl_HandleAsync_Stop                  
2000cfa1  _sl_NetAppSendTokenValue              
20017000  _sys_memory                           
UNDEFED   _system_post_cinit                    
2000e8c7  _system_pre_init                      
20020de8  _unlock                               
2000e8cb  abort                                 
2000d811  atoi                                  
ffffffff  binit                                 
2001f000  buffer                                
20020d50  bufferSize                            
20020d58  composing_x                           
20020d5c  composing_y                           
2000e8b9  copysign                              
2000e8b9  copysignl                             
20020cf4  currentButton                         
20020cf8  currentPress                          
20020d80  cursor_x                              
20020d84  cursor_y                              
200069c3  drawChar                              
20006165  drawCircle                            
20006299  drawCircleHelper                      
20007f75  drawFastHLine                         
20007ed5  drawFastVLine                         
200064df  drawLine                              
20008011  drawPixel                             
200065cb  drawRect                              
20006619  drawRoundRect                         
20006781  drawTriangle                          
20020dec  errno                                 
200063b7  fillCircle                            
200063f1  fillCircleHelper                      
20007e23  fillRect                              
20006707  fillRoundRect                         
20007e0d  fillScreen                            
200067c3  fillTriangle                          
200056c1  forwardLetter                         
2000b52d  free                                  
2000d389  frexp                                 
2000d389  frexpl                                
20020d7c  g_Host                                
20020dbc  g_SlDeviceStatus                      
20020dd8  g_SpiFd                               
20020d0c  g__SlNonOsCB                          
20020d06  g_bDeviceRestartIsRequired            
20020d07  g_cDummy                              
20020dc0  g_pCB                                 
20020ddc  g_pHostIntHdl                         
20004000  g_pfnVectors                          
20020c98  g_time                                
20020ce8  g_ucConnectionBSSID                   
20020cc4  g_ucConnectionSSID                    
20020de0  g_ucDMAEnabled                        
20020c48  g_ucDinDout                           
20020d08  g_ucLED1Pin                           
20020d09  g_ucLED2Pin                           
20020d0a  g_ucLED3Pin                           
20020d0b  g_ucLED4Pin                           
20020dac  g_uiLED1Port                          
20020db0  g_uiLED2Port                          
20020db4  g_uiLED3Port                          
20020db8  g_uiLED4Port                          
20020d78  g_ulGatewayIP                         
20020d74  g_ulPingPacketsRecv                   
20020d70  g_ulStatus                            
20007d87  goTo                                  
20006bc3  height                                
2000804f  invert                                
20020d48  isButton                              
2000b605  ldexp                                 
2000b605  ldexpl                                
2000d5e9  ltoa                                  
20005d9b  main                                  
2000cce9  malloc                                
2000e507  memccpy                               
2000be89  memcpy                                
2000e2d5  memmove                               
2000cc75  memset                                
20020d68  messageReady                          
2000de7d  minit                                 
20020dc4  pPingCallBackFunc                     
20020cfc  previousButton                        
20020d00  previousPress                         
20020d6c  previousSize                          
20004d49  printErrConvenience                   
2000aacd  realloc                               
20020d54  receiveSize                           
20020d60  received_x                            
20020d64  received_y                            
20020d4c  sameButton                            
2000b605  scalbn                                
2000b605  scalbnl                               
20006b5b  setCursor                             
20006b93  setTextColor                          
20006b73  setTextSize                           
20006bab  setTextWrap                           
2000dd91  simplelink_timerA2_start              
2000d269  sl_Close                              
20009a19  sl_Connect                            
2000b7a1  sl_DevGet                             
2000bfc1  sl_DevSet                             
2000db1d  sl_Htonl                              
2000ddcd  sl_Htons                              
2000a269  sl_NetAppDnsGetHostByName             
2000b36d  sl_NetAppMDNSRegisterUnregisterService
2000d13d  sl_NetAppMDNSUnRegisterService        
2000c059  sl_NetCfgSet                          
2000bde9  sl_Recv                               
2000a621  sl_Send                               
2000c0f1  sl_SetSockOpt                         
2000c7c5  sl_Socket                             
2000b0b1  sl_Start                              
2000ade1  sl_Stop                               
200086d1  sl_WlanConnect                        
2000deb5  sl_WlanDisconnect                     
2000c505  sl_WlanPolicySet                      
2000d2c9  sl_WlanProfileDel                     
2000c9e5  sl_WlanRxFilterSet                    
2000c189  sl_WlanSet                            
2000d329  sl_WlanSetMode                        
2000cd61  spi_Close                             
20009fdd  spi_Open                              
2000aed1  spi_Read                              
2000c221  spi_Write                             
2000dbe1  sprintf                               
2000e79f  strchr                                
2000e7f1  strcpy                                
2000e805  strlen                                
20020d90  textbgcolor                           
20020d8c  textcolor                             
20020d88  textsize                              
200054df  toLetter                              
2000d85d  uDMAChannelAssign                     
2000d1a1  uDMAChannelAttributeDisable           
2000d205  uDMAChannelAttributeEnable            
2000de09  uDMAChannelControlSet                 
2000e525  uDMAChannelEnable                     
2000afc1  uDMAChannelTransferSet                
2000dc21  vsnprintf                             
2000e82b  wcslen                                
20006bbf  width                                 
20020d94  wrap                                  
20007bc1  writeCommand                          
20007c0b  writeData                             


GLOBAL SYMBOLS: SORTED BY Symbol Address 

address   name                                  
-------   ----                                  
00001000  __STACK_SIZE                          
00008000  __SYSMEM_SIZE                         
20004000  g_pfnVectors                          
20004401  SimpleLinkWlanEventHandler            
2000450f  SimpleLinkNetAppEventHandler          
200045b1  SimpleLinkHttpServerCallback          
200045d5  SimpleLinkGeneralEventHandler         
200045f5  SimpleLinkSockEventHandler            
20004d49  printErrConvenience                   
200050e5  Decode                                
200053b1  Display                               
200054df  toLetter                              
200056c1  forwardLetter                         
20005837  MasterMain                            
20005865  SetupCommunication                    
200058cf  ClearComposingMessage                 
20005939  ClearPreviousMessage                  
20005991  SendMessage                           
200059e3  CheckMessage                          
20005a6f  DisplayMessage                        
20005b71  ProcessIR                             
20005d9b  main                                  
20006165  drawCircle                            
20006299  drawCircleHelper                      
200063b7  fillCircle                            
200063f1  fillCircleHelper                      
200064df  drawLine                              
200065cb  drawRect                              
20006619  drawRoundRect                         
20006707  fillRoundRect                         
20006781  drawTriangle                          
200067c3  fillTriangle                          
200069c3  drawChar                              
20006b0f  Outstr                                
20006b5b  setCursor                             
20006b73  setTextSize                           
20006b93  setTextColor                          
20006bab  setTextWrap                           
20006bbf  width                                 
20006bc3  height                                
20006be5  __TI_printfi                          
20007bc1  writeCommand                          
20007c0b  writeData                             
20007c55  Adafruit_Init                         
20007d87  goTo                                  
20007dcb  Color565                              
20007e0d  fillScreen                            
20007e23  fillRect                              
20007ed5  drawFastVLine                         
20007f75  drawFastHLine                         
20008011  drawPixel                             
2000804f  invert                                
2000806b  _nop                                  
200080a9  GPIO_IF_LedConfigure                  
200080f9  GPIO_IF_LedOn                         
200081cf  GPIO_IF_LedOff                        
20008293  GPIO_IF_LedStatus                     
200082fd  GPIO_IF_LedToggle                     
2000832b  GPIO_IF_GetPortNPin                   
20008371  GPIO_IF_ConfigureNIntEnable           
200083c9  GPIO_IF_Set                           
20008415  GPIO_IF_Get                           
20008451  InitTerm                              
2000846f  Message                               
20008491  ClearTerm                             
2000849b  Error                                 
200084d3  GetCmd                                
20008579  TrimSpace                             
20008611  Report                                
200086d1  sl_WlanConnect                        
20008e01  _SlDrvDataReadOp                      
20008fe5  _SlDrvReleasePoolObj                  
20009381  __aeabi_dsub                          
2000938b  __aeabi_dadd                          
20009537  __aeabi_idiv0                         
20009537  __aeabi_ldiv0                         
20009539  _SlDrvDriverCBInit                    
20009889  _SlDrvWaitForPoolObj                  
20009a19  sl_Connect                            
20009ba5  PRCMCC3200MCUInit                     
20009e8d  _SlDrvDataWriteOp                     
20009fdd  spi_Open                              
2000a269  sl_NetAppDnsGetHostByName             
2000a4e9  __aeabi_ddiv                          
2000a621  sl_Send                               
2000a755  _SlDrvDriverCBDeinit                  
2000a885  PinMuxConfig                          
2000aacd  realloc                               
2000abe1  _SlDrvNetAppEventHandler              
2000ace5  __aeabi_dmul                          
2000ade1  sl_Stop                               
2000aed1  spi_Read                              
2000afc1  uDMAChannelTransferSet                
2000b0b1  sl_Start                              
2000b285  _SlDrvMsgReadSpawnCtx                 
2000b36d  sl_NetAppMDNSRegisterUnregisterService
2000b52d  free                                  
2000b605  ldexp                                 
2000b605  ldexpl                                
2000b605  scalbn                                
2000b605  scalbnl                               
2000b6d5  _sl_HandleAsync_DnsGetHostByService   
2000b7a1  sl_DevGet                             
2000b931  _SlDrvCmdOp                           
2000baa5  _SlNonOsSemGet                        
2000bb55  IntDisable                            
2000bbfd  IntEnable                             
2000bca5  _SlDriverHandleError                  
2000bd49  SPIConfigSetExpClk                    
2000bde9  sl_Recv                               
2000be89  __aeabi_memcpy                        
2000be89  __aeabi_memcpy4                       
2000be89  __aeabi_memcpy8                       
2000be89  memcpy                                
2000bf25  _SlDrvDeviceEventHandler              
2000bfc1  sl_DevSet                             
2000c059  sl_NetCfgSet                          
2000c0f1  sl_SetSockOpt                         
2000c189  sl_WlanSet                            
2000c221  spi_Write                             
2000c2b9  __aeabi_uldivmod                      
2000c351  PRCMPeripheralClockGet                
2000c3e5  _sl_HandleAsync_DnsGetHostByName      
2000c475  _sl_HandleAsync_PingResponse          
2000c505  sl_WlanPolicySet                      
2000c6ad  _SlDrvIsTimeoutExpired                
2000c739  _sl_HandleAsync_InitComplete          
2000c7c5  sl_Socket                             
2000c851  PinConfigSet                          
2000c8d9  __aeabi_cdcmpeq                       
2000c8d9  __aeabi_cdcmple                       
2000c95f  __aeabi_cdrcmple                      
2000c9e5  sl_WlanRxFilterSet                    
2000ca69  GPIOIntTypeSet                        
2000caed  _sl_HandleAsync_Connect               
2000cc6d  __aeabi_memclr                        
2000cc6d  __aeabi_memclr4                       
2000cc6d  __aeabi_memclr8                       
2000cc6f  __aeabi_memset                        
2000cc6f  __aeabi_memset4                       
2000cc6f  __aeabi_memset8                       
2000cc75  memset                                
2000cce9  malloc                                
2000cd61  spi_Close                             
2000cdd9  UARTConfigSetExpClk                   
2000ce51  _SlNonOsMainLoopTask                  
2000cf35  _SlDrvCmdSend                         
2000cfa1  _sl_NetAppSendTokenValue              
2000d00d  __TI_decompress_lzss                  
2000d075  _SlNonOsSpawn                         
2000d0d9  _sl_HandleAsync_Accept                
2000d13d  sl_NetAppMDNSUnRegisterService        
2000d1a1  uDMAChannelAttributeDisable           
2000d205  uDMAChannelAttributeEnable            
2000d269  sl_Close                              
2000d2c9  sl_WlanProfileDel                     
2000d329  sl_WlanSetMode                        
2000d389  frexp                                 
2000d389  frexpl                                
2000d3e5  IntPendClear                          
2000d43d  PRCMPeripheralReset                   
2000d4ed  IntPrioritySet                        
2000d541  _SlDrvRxIrqHandler                    
2000d595  _sl_HandleAsync_Select                
2000d5e9  ltoa                                  
2000d691  _sl_HandleAsync_Stop                  
2000d6e1  SPIIntEnable                          
2000d779  _SlDrvProtectAsyncRespSetting         
2000d811  atoi                                  
2000d85d  uDMAChannelAssign                     
2000d8f1  SPIIntClear                           
2000d939  _SlDrvBasicCmd                        
2000d981  __aeabi_d2iz                          
2000da0d  TimerConfigure                        
2000da51  _SlDrvSyncObjWaitTimeout              
2000da95  __TI_auto_init_nobinit_nopinit        
2000db1d  sl_Htonl                              
2000db61  PinModeSet                            
2000dbe1  sprintf                               
2000dc21  vsnprintf                             
2000dc61  NwpRegisterInterruptHandler           
2000dd19  PRCMPeripheralClkEnable               
2000dd91  simplelink_timerA2_start              
2000ddcd  sl_Htons                              
2000de09  uDMAChannelControlSet                 
2000de45  NwpPowerOff                           
2000de7d  minit                                 
2000deb5  sl_WlanDisconnect                     
2000deed  GPIODirModeSet                        
2000df25  PRCMPeripheralStatusGet               
2000df59  SPIFIFOLevelSet                       
2000df8d  PinTypeGPIO                           
2000dfbd  UARTDisable                           
2000e01d  __aeabi_i2d                           
2000e04d  NwpPowerOn                            
2000e079  PRCMSysResetCauseGet                  
2000e0d1  _SlDrvProtectionObjLockWaitForever    
2000e0fd  TimerLoadSet                          
2000e127  TimerPrescaleSet                      
2000e151  PRCMPeripheralClkDisable              
2000e179  _SlDrvGlobalObjUnLock                 
2000e1a1  _SlDrvProtectionObjUnLock             
2000e1c9  _SlDrvSyncObjWaitForever              
2000e1f1  _c_int00_noargs                       
2000e241  _SlDrvObjLockWaitForever              
2000e269  DmaSpiSwIntHandler                    
2000e28d  IntUnregister                         
2000e2b1  UARTEnable                            
2000e2d5  memmove                               
2000e2f9  SPIReset                              
2000e31b  SPIWordCountSet                       
2000e33d  GPIOPinWrite                          
2000e35d  IntRegister                           
2000e37d  NwpPrePowerOffTimout0                 
2000e39d  SPIDataGet                            
2000e3bd  TimerGetCurrentTimestamp              
2000e3dd  _SlDrvObjUnLock                       
2000e3fd  _SlDrvSyncObjSignal                   
2000e41d  GPIOIntRegister                       
2000e43b  SPIDataPut                            
2000e459  TimerEnable                           
2000e477  UARTCharPut                           
2000e4b3  TimerValueGet                         
2000e4cf  UARTCharGetNonBlocking                
2000e4eb  _SlDrvStartMeasureTimeout             
2000e507  memccpy                               
2000e525  uDMAChannelEnable                     
2000e541  GPIOIntEnable                         
2000e55b  PinTypeSPI                            
2000e575  PinTypeUART                           
2000e58f  SPIDmaDisable                         
2000e5a9  SPIDmaEnable                          
2000e5c3  SPIFIFODisable                        
2000e5dd  SPIFIFOEnable                         
2000e5f7  SPIIntUnregister                      
2000e611  GPIOPinRead                           
2000e629  SPICSDisable                          
2000e641  SPICSEnable                           
2000e659  SPIDisable                            
2000e671  SPIEnable                             
2000e689  UARTBusy                              
2000e6a1  UARTCharsAvail                        
2000e6b9  UARTDMADisable                        
2000e6d1  _SlNonOsSemSet                        
2000e731  PRCMHIBRegRead                        
2000e747  PRCMHIBRegWrite                       
2000e75d  UARTCharGet                           
2000e773  UARTFIFODisable                       
2000e789  _SlDrvMemZero                         
2000e79f  strchr                                
2000e7b5  CPUcpsie                              
2000e7c9  GPIOIntClear                          
2000e7dd  IntVTableBaseSet                      
2000e7f1  strcpy                                
2000e805  strlen                                
2000e819  UARTIntClear                          
2000e82b  wcslen                                
2000e83d  _SlDrvDispatchHttpServerEvents        
2000e84d  _SlDrvResetCmdExt                     
2000e85b  __TI_decompress_none                  
2000e869  ResetISR                              
2000e879  NwpMaskInterrupt                      
2000e885  NwpUnMaskInterrupt                    
2000e891  __TI_zero_init                        
2000e89d  IntMasterEnable                       
2000e8b1  __aeabi_errno_addr                    
2000e8b9  copysign                              
2000e8b9  copysignl                             
2000e8c1  UtilsDelay                            
2000e8c7  _system_pre_init                      
2000e8cb  C$$EXIT                               
2000e8cb  abort                                 
2000edcb  _ctypes_                              
2000f1c8  OpcodeTranslateTable                  
2000f204  _SlActionLookupTable                  
2000f3d2  _SlNetAppSendTokenValueCmdCtrl        
2000f410  __TI_static_base__                    
2000f468  __TI_Handler_Table_Base               
2000f474  __TI_Handler_Table_Limit              
2000f480  __TI_CINIT_Base                       
2000f490  __TI_CINIT_Limit                      
20017000  _sys_memory                           
2001f000  buffer                                
2001ffa0  ComposingLetter                       
20020360  PreviousLetter                        
20020720  ReceivedLetter                        
20020c48  g_ucDinDout                           
20020c98  g_time                                
20020cc4  g_ucConnectionSSID                    
20020ce8  g_ucConnectionBSSID                   
20020cf4  currentButton                         
20020cf8  currentPress                          
20020cfc  previousButton                        
20020d00  previousPress                         
20020d04  PIN8_intflag                          
20020d05  RxIrqCnt                              
20020d06  g_bDeviceRestartIsRequired            
20020d07  g_cDummy                              
20020d08  g_ucLED1Pin                           
20020d09  g_ucLED2Pin                           
20020d0a  g_ucLED3Pin                           
20020d0b  g_ucLED4Pin                           
20020d0c  g__SlNonOsCB                          
20020d48  isButton                              
20020d4c  sameButton                            
20020d50  bufferSize                            
20020d54  receiveSize                           
20020d58  composing_x                           
20020d5c  composing_y                           
20020d60  received_x                            
20020d64  received_y                            
20020d68  messageReady                          
20020d6c  previousSize                          
20020d70  g_ulStatus                            
20020d74  g_ulPingPacketsRecv                   
20020d78  g_ulGatewayIP                         
20020d7c  g_Host                                
20020d80  cursor_x                              
20020d84  cursor_y                              
20020d88  textsize                              
20020d8c  textcolor                             
20020d90  textbgcolor                           
20020d94  wrap                                  
20020dac  g_uiLED1Port                          
20020db0  g_uiLED2Port                          
20020db4  g_uiLED3Port                          
20020db8  g_uiLED4Port                          
20020dbc  g_SlDeviceStatus                      
20020dc0  g_pCB                                 
20020dc4  pPingCallBackFunc                     
20020dd8  g_SpiFd                               
20020ddc  g_pHostIntHdl                         
20020de0  g_ucDMAEnabled                        
20020de4  _lock                                 
20020de8  _unlock                               
20020dec  errno                                 
2002f000  __stack                               
20030000  __STACK_END                           
ffffffff  __TI_pprof_out_hndl                   
ffffffff  __TI_prof_data_size                   
ffffffff  __TI_prof_data_start                  
ffffffff  __binit__                             
ffffffff  __c_args__                            
ffffffff  binit                                 
UNDEFED   __mpu_init                            
UNDEFED   _system_post_cinit                    

[346 symbols]
