******************************************************************************
                  TI ARM Linker PC v18.1.4                     
******************************************************************************
>> Linked Tue Mar 12 14:47:57 2019

OUTPUT FILE NAME:   <SSL_REST_API_AWS_W19.out>
ENTRY POINT SYMBOL: "_c_int00_noargs"  address: 2000f641


MEMORY CONFIGURATION

         name            origin    length      used     unused   attr    fill
----------------------  --------  ---------  --------  --------  ----  --------
  SRAM_CODE             20004000   00013000  0000cea4  0000615c  RW X
  SRAM_DATA             20017000   00019000  0000a800  0000e800  RW X


SEGMENT ALLOCATION MAP

run origin  load origin   length   init length attrs members
----------  ----------- ---------- ----------- ----- -------
20004000    20004000    0000cea8   0000cea8    r-x
  20004000    20004000    00000400   00000400    r-- .intvecs
  20004400    20004400    0000b98e   0000b98e    r-x .text
  2000fd90    2000fd90    00001056   00001056    r-- .const
  20010de8    20010de8    000000c0   000000c0    r-- .cinit
20017000    20017000    00009800   00000000    rw-
  20017000    20017000    00008000   00000000    rw- .sysmem
  2001f000    2001f000    00001574   00000000    rw- .bss
  20020574    20020574    0000028c   00000000    rw- .data
2002f000    2002f000    00001000   00000000    rw-
  2002f000    2002f000    00001000   00000000    rw- .stack


SECTION ALLOCATION MAP

 output                                  attributes/
section   page    origin      length       input sections
--------  ----  ----------  ----------   ----------------
.intvecs   0    20004000    00000400     
                  20004000    00000400     startup_ccs.obj (.intvecs)

.init_array 
*          0    20004000    00000000     UNINITIALIZED

.text      0    20004400    0000b98e     
                  20004400    00002560     main.obj (.text)
                  20006960    00000a80     Adafruit_GFX.obj (.text)
                  200073e0    00000a4a     rtsv7M4_T_le_eabi.lib : _printfi.c.obj (.text:__TI_printfi)
                  20007e2a    00000002     driverlib.a : interrupt.obj (.text:IntDefaultHandler)
                  20007e2c    000009e6     test.obj (.text)
                  20008812    00000002     rtsv7M4_T_le_eabi.lib : _lock.c.obj (.text:_nop)
                  20008814    00000590     simplelink.a : driver.obj (.text:_SlDrvMsgRead)
                  20008da4    000004aa     Adafruit_OLED.obj (.text)
                  2000924e    00000002     rtsv7M4_T_le_eabi.lib : div0.asm.obj (.text)
                  20009250    00000398     gpio_if.obj (.text)
                  200095e8    00000280     uart_if.obj (.text)
                  20009868    0000027c     simplelink.a : wlan.obj (.text:sl_WlanConnect)
                  20009ae4    00000268     rtsv7M4_T_le_eabi.lib : _printfi.c.obj (.text:_pconv_a)
                  20009d4c    0000024c     simplelink.a : driver.obj (.text:_SlDrvRxHdrRead)
                  20009f98    000001e4                  : driver.obj (.text:_SlDrvDataReadOp)
                  2000a17c    000001e0     timer_if.obj (.text)
                  2000a35c    000001d0     simplelink.a : driver.obj (.text:_SlDrvReleasePoolObj)
                  2000a52c    000001cc     rtsv7M4_T_le_eabi.lib : _printfi.c.obj (.text:_pconv_g)
                  2000a6f8    000001b6                           : fd_add_t2.asm.obj (.text)
                  2000a8ae    00000002     --HOLE-- [fill = 0]
                  2000a8b0    000001b4     simplelink.a : driver.obj (.text:_SlDrvDriverCBInit)
                  2000aa64    0000019c                  : driver.obj (.text:_SlDrvMsgWrite)
                  2000ac00    00000190                  : driver.obj (.text:_SlDrvWaitForPoolObj)
                  2000ad90    0000018c                  : socket.obj (.text:sl_Connect)
                  2000af1c    00000178     driverlib.a : prcm.obj (.text:PRCMCC3200MCUInit)
                  2000b094    00000170     simplelink.a : driver.obj (.text:_SlFindAndSetActiveObj)
                  2000b204    00000150                  : driver.obj (.text:_SlDrvDataWriteOp)
                  2000b354    00000148                  : cc_pal.obj (.text:spi_Open)
                  2000b49c    00000144                  : driver.obj (.text:_SlDrvMsgReadCmdCtx)
                  2000b5e0    00000144                  : netapp.obj (.text:sl_NetAppDnsGetHostByName)
                  2000b724    0000013c     rtsv7M4_T_le_eabi.lib : _printfi.c.obj (.text:_pconv_e)
                  2000b860    00000136                           : fd_div_t2.asm.obj (.text)
                  2000b996    00000002     --HOLE-- [fill = 0]
                  2000b998    00000134     simplelink.a : socket.obj (.text:sl_Send)
                  2000bacc    00000130                  : driver.obj (.text:_SlDrvDriverCBDeinit)
                  2000bbfc    00000128     pin_mux_config.obj (.text)
                  2000bd24    00000120     rtsv7M4_T_le_eabi.lib : _printfi.c.obj (.text:fcvt)
                  2000be44    00000114                           : memory.c.obj (.text:realloc)
                  2000bf58    00000104     simplelink.a : netapp.obj (.text:_SlDrvNetAppEventHandler)
                  2000c05c    000000fc     rtsv7M4_T_le_eabi.lib : fd_mul_t2.asm.obj (.text)
                  2000c158    000000f0     simplelink.a : device.obj (.text:sl_Stop)
                  2000c248    000000f0                  : cc_pal.obj (.text:spi_Read)
                  2000c338    000000f0     driverlib.a : udma.obj (.text:uDMAChannelTransferSet)
                  2000c428    000000ec     simplelink.a : device.obj (.text:sl_Start)
                  2000c514    000000e8                  : driver.obj (.text:_SlAsyncEventGenericHandler)
                  2000c5fc    000000e8                  : driver.obj (.text:_SlDrvMsgReadSpawnCtx)
                  2000c6e4    000000e4                  : netapp.obj (.text:sl_NetAppMDNSRegisterUnregisterService)
                  2000c7c8    000000dc                  : driver.obj (.text:_SlDrvClassifyRxMsg)
                  2000c8a4    000000d8     rtsv7M4_T_le_eabi.lib : memory.c.obj (.text:free)
                  2000c97c    000000d0                           : s_scalbn.c.obj (.text:scalbn)
                  2000ca4c    000000cc     simplelink.a : netapp.obj (.text:_sl_HandleAsync_DnsGetHostByService)
                  2000cb18    000000cc                  : device.obj (.text:sl_DevGet)
                  2000cbe4    000000c4                  : driver.obj (.text:_SlRemoveFromList)
                  2000cca8    000000c0                  : driver.obj (.text:_SlDrvCmdOp)
                  2000cd68    000000b1     rtsv7M4_T_le_eabi.lib : _printfi.c.obj (.text:_ltostr)
                  2000ce19    00000003     --HOLE-- [fill = 0]
                  2000ce1c    000000b0     simplelink.a : nonos.obj (.text:_SlNonOsSemGet)
                  2000cecc    000000a8     driverlib.a : interrupt.obj (.text:IntDisable)
                  2000cf74    000000a8                 : interrupt.obj (.text:IntEnable)
                  2000d01c    000000a4     simplelink.a : driver.obj (.text:_SlDriverHandleError)
                  2000d0c0    000000a0     driverlib.a : spi.obj (.text:SPIConfigSetExpClk)
                  2000d160    000000a0     simplelink.a : socket.obj (.text:sl_Recv)
                  2000d200    0000009c     rtsv7M4_T_le_eabi.lib : memcpy_t2.asm.obj (.text)
                  2000d29c    0000009a     simplelink.a : device.obj (.text:_SlDrvDeviceEventHandler)
                  2000d336    00000002     --HOLE-- [fill = 0]
                  2000d338    00000098                  : device.obj (.text:sl_DevSet)
                  2000d3d0    00000098                  : netcfg.obj (.text:sl_NetCfgSet)
                  2000d468    00000098                  : socket.obj (.text:sl_SetSockOpt)
                  2000d500    00000098                  : wlan.obj (.text:sl_WlanSet)
                  2000d598    00000098                  : cc_pal.obj (.text:spi_Write)
                  2000d630    00000096     rtsv7M4_T_le_eabi.lib : ull_div_t2.asm.obj (.text)
                  2000d6c6    00000002     --HOLE-- [fill = 0]
                  2000d6c8    00000094     driverlib.a : prcm.obj (.text:PRCMPeripheralClockGet)
                  2000d75c    00000090     simplelink.a : netapp.obj (.text:_sl_HandleAsync_DnsGetHostByName)
                  2000d7ec    00000090                  : netapp.obj (.text:_sl_HandleAsync_PingResponse)
                  2000d87c    00000090                  : wlan.obj (.text:sl_WlanPolicySet)
                  2000d90c    0000008c                  : cc_pal.obj (.text:SetupDMAReceive)
                  2000d998    0000008c                  : cc_pal.obj (.text:SetupDMASend)
                  2000da24    0000008c                  : driver.obj (.text:_SlDrvIsTimeoutExpired)
                  2000dab0    0000008c                  : device.obj (.text:_sl_HandleAsync_InitComplete)
                  2000db3c    0000008c                  : socket.obj (.text:sl_Socket)
                  2000dbc8    00000088     driverlib.a : pin.obj (.text:PinConfigSet)
                  2000dc50    00000086     rtsv7M4_T_le_eabi.lib : fd_cmp_t2.asm.obj (.text:__aeabi_cdcmple)
                  2000dcd6    00000086                           : fd_cmp_t2.asm.obj (.text:__aeabi_cdrcmple)
                  2000dd5c    00000084     simplelink.a : wlan.obj (.text:sl_WlanRxFilterSet)
                  2000dde0    00000082     driverlib.a : gpio.obj (.text:GPIOIntTypeSet)
                  2000de62    00000002     --HOLE-- [fill = 0]
                  2000de64    00000080     simplelink.a : socket.obj (.text:_sl_HandleAsync_Connect)
                  2000dee4    00000080                  : cc_pal.obj (.text:spi_Read_CPU)
                  2000df64    00000080                  : cc_pal.obj (.text:spi_Write_CPU)
                  2000dfe4    0000007a     rtsv7M4_T_le_eabi.lib : memset_t2.asm.obj (.text)
                  2000e05e    00000002     --HOLE-- [fill = 0]
                  2000e060    00000078                           : memory.c.obj (.text:malloc)
                  2000e0d8    00000078     simplelink.a : cc_pal.obj (.text:spi_Close)
                  2000e150    00000076     driverlib.a : uart.obj (.text:UARTConfigSetExpClk)
                  2000e1c6    00000002     --HOLE-- [fill = 0]
                  2000e1c8    00000074     simplelink.a : nonos.obj (.text:_SlNonOsMainLoopTask)
                  2000e23c    00000070     driverlib.a : timer.obj (.text:TimerIntRegister)
                  2000e2ac    0000006e     rtsv7M4_T_le_eabi.lib : _printfi.c.obj (.text:_mcpy)
                  2000e31a    00000002     --HOLE-- [fill = 0]
                  2000e31c    0000006c     simplelink.a : driver.obj (.text:_SlDrvCmdSend)
                  2000e388    0000006c                  : netapp.obj (.text:_sl_NetAppSendTokenValue)
                  2000e3f4    00000068     driverlib.a : timer.obj (.text:TimerIntUnregister)
                  2000e45c    00000068     rtsv7M4_T_le_eabi.lib : copy_decompress_lzss.c.obj (.text:decompress:lzss:__TI_decompress_lzss)
                  2000e4c4    00000064     simplelink.a : nonos.obj (.text:_SlNonOsSpawn)
                  2000e528    00000064                  : socket.obj (.text:_sl_HandleAsync_Accept)
                  2000e58c    00000064                  : netapp.obj (.text:sl_NetAppMDNSUnRegisterService)
                  2000e5f0    00000064     driverlib.a : udma.obj (.text:uDMAChannelAttributeDisable)
                  2000e654    00000064                 : udma.obj (.text:uDMAChannelAttributeEnable)
                  2000e6b8    00000060     simplelink.a : socket.obj (.text:sl_Close)
                  2000e718    00000060                  : wlan.obj (.text:sl_WlanProfileDel)
                  2000e778    00000060                  : wlan.obj (.text:sl_WlanSetMode)
                  2000e7d8    0000005c     rtsv7M4_T_le_eabi.lib : s_frexp.c.obj (.text:frexp)
                  2000e834    00000058     driverlib.a : interrupt.obj (.text:IntPendClear)
                  2000e88c    00000058                 : prcm.obj (.text:PRCMPeripheralReset)
                  2000e8e4    00000056     rtsv7M4_T_le_eabi.lib : _printfi.c.obj (.text:_pconv_f)
                  2000e93a    00000002     --HOLE-- [fill = 0]
                  2000e93c    00000054     driverlib.a : interrupt.obj (.text:IntPrioritySet)
                  2000e990    00000054     simplelink.a : driver.obj (.text:_SlDrvRxIrqHandler)
                  2000e9e4    00000054                  : socket.obj (.text:_sl_HandleAsync_Select)
                  2000ea38    00000054     rtsv7M4_T_le_eabi.lib : ltoa.c.obj (.text:ltoa)
                  2000ea8c    00000052                           : _printfi.c.obj (.text:_ecpy)
                  2000eade    00000002     --HOLE-- [fill = 0]
                  2000eae0    00000050     simplelink.a : device.obj (.text:_sl_HandleAsync_Stop)
                  2000eb30    0000004c     driverlib.a : spi.obj (.text:SPIIntEnable)
                  2000eb7c    0000004c                 : spi.obj (.text:SPIIntNumberGet)
                  2000ebc8    0000004c     simplelink.a : driver.obj (.text:_SlDrvProtectAsyncRespSetting)
                  2000ec14    0000004c                  : socket.obj (.text:_sl_BuildAddress)
                  2000ec60    0000004c     rtsv7M4_T_le_eabi.lib : atoi.c.obj (.text:atoi)
                  2000ecac    0000004c     driverlib.a : udma.obj (.text:uDMAChannelAssign)
                  2000ecf8    00000048                 : gpio.obj (.text:GPIOGetIntNumber)
                  2000ed40    00000048                 : spi.obj (.text:SPIIntClear)
                  2000ed88    00000048     simplelink.a : driver.obj (.text:_SlDrvBasicCmd)
                  2000edd0    00000048     rtsv7M4_T_le_eabi.lib : fd_toi_t2.asm.obj (.text)
                  2000ee18    00000044     driverlib.a : spi.obj (.text:SPIDmaMaskGet)
                  2000ee5c    00000044                 : timer.obj (.text:TimerConfigure)
                  2000eea0    00000044     simplelink.a : driver.obj (.text:_SlDrvSyncObjWaitTimeout)
                  2000eee4    00000044     rtsv7M4_T_le_eabi.lib : autoinit.c.obj (.text:__TI_auto_init_nobinit_nopinit:__TI_auto_init_nobinit_nopinit)
                  2000ef28    00000044     simplelink.a : cc_pal.obj (.text:cc_SetupTransfer)
                  2000ef6c    00000042                  : socket.obj (.text:sl_Htonl)
                  2000efae    00000002     --HOLE-- [fill = 0]
                  2000efb0    00000040     driverlib.a : pin.obj (.text:PinModeSet)
                  2000eff0    00000040     simplelink.a : socket.obj (.text:_sl_TruncatePayloadByProtocol)
                  2000f030    00000040     rtsv7M4_T_le_eabi.lib : sprintf.c.obj (.text:sprintf)
                  2000f070    00000040                           : vsnprintf.c.obj (.text:vsnprintf)
                  2000f0b0    0000003e     simplelink.a : cc_pal.obj (.text:NwpRegisterInterruptHandler)
                  2000f0ee    0000003e     rtsv7M4_T_le_eabi.lib : _printfi.c.obj (.text:_fcpy)
                  2000f12c    0000003c     simplelink.a : netapp.obj (.text:CopyPingResultsToReport)
                  2000f168    0000003c     driverlib.a : prcm.obj (.text:PRCMPeripheralClkEnable)
                  2000f1a4    0000003c     rtsv7M4_T_le_eabi.lib : memory.c.obj (.text:minsert)
                  2000f1e0    0000003c     simplelink.a : cc_pal.obj (.text:simplelink_timerA2_start)
                  2000f21c    0000003c                  : socket.obj (.text:sl_Htons)
                  2000f258    0000003c     driverlib.a : udma.obj (.text:uDMAChannelControlSet)
                  2000f294    00000038     simplelink.a : cc_pal.obj (.text:NwpPowerOff)
                  2000f2cc    00000038     rtsv7M4_T_le_eabi.lib : memory.c.obj (.text:minit)
                  2000f304    00000038     simplelink.a : wlan.obj (.text:sl_WlanDisconnect)
                  2000f33c    00000036     driverlib.a : gpio.obj (.text:GPIODirModeSet)
                  2000f372    00000002     --HOLE-- [fill = 0]
                  2000f374    00000034                 : prcm.obj (.text:PRCMPeripheralStatusGet)
                  2000f3a8    00000034                 : spi.obj (.text:SPIFIFOLevelSet)
                  2000f3dc    00000030                 : pin.obj (.text:PinTypeGPIO)
                  2000f40c    00000030                 : uart.obj (.text:UARTDisable)
                  2000f43c    00000030     rtsv7M4_T_le_eabi.lib : vsnprintf.c.obj (.text:_outs)
                  2000f46c    0000002e                           : i_tofd_t2.asm.obj (.text)
                  2000f49a    00000002     --HOLE-- [fill = 0]
                  2000f49c    0000002c     simplelink.a : cc_pal.obj (.text:NwpPowerOn)
                  2000f4c8    0000002c     driverlib.a : prcm.obj (.text:PRCMSysResetCauseGet)
                  2000f4f4    0000002c     simplelink.a : driver.obj (.text:_SlDrvObjGlobalLockWaitForever)
                  2000f520    0000002c                  : driver.obj (.text:_SlDrvProtectionObjLockWaitForever)
                  2000f54c    0000002a     driverlib.a : timer.obj (.text:TimerLoadSet)
                  2000f576    0000002a                 : timer.obj (.text:TimerPrescaleSet)
                  2000f5a0    00000028                 : prcm.obj (.text:PRCMPeripheralClkDisable)
                  2000f5c8    00000028     simplelink.a : driver.obj (.text:_SlDrvGlobalObjUnLock)
                  2000f5f0    00000028                  : driver.obj (.text:_SlDrvProtectionObjUnLock)
                  2000f618    00000028                  : driver.obj (.text:_SlDrvSyncObjWaitForever)
                  2000f640    00000028     rtsv7M4_T_le_eabi.lib : boot_cortex_m.c.obj (.text:_c_int00_noargs:_c_int00_noargs)
                  2000f668    00000028                           : memory.c.obj (.text:mremove)
                  2000f690    00000026     simplelink.a : driver.obj (.text:_SlDrvObjLockWaitForever)
                  2000f6b6    00000002     --HOLE-- [fill = 0]
                  2000f6b8    00000024                  : cc_pal.obj (.text:DmaSpiSwIntHandler)
                  2000f6dc    00000024     driverlib.a : interrupt.obj (.text:IntUnregister)
                  2000f700    00000024                 : uart.obj (.text:UARTEnable)
                  2000f724    00000024     rtsv7M4_T_le_eabi.lib : memmov.c.obj (.text:memmove)
                  2000f748    00000022     driverlib.a : gpio.obj (.text:GPIOIntStatus)
                  2000f76a    00000022                 : spi.obj (.text:SPIReset)
                  2000f78c    00000022                 : spi.obj (.text:SPIWordCountSet)
                  2000f7ae    00000022                 : timer.obj (.text:TimerValueSet)
                  2000f7d0    00000020                 : gpio.obj (.text:GPIOPinWrite)
                  2000f7f0    00000020                 : interrupt.obj (.text:IntRegister)
                  2000f810    00000020     simplelink.a : cc_pal.obj (.text:NwpPrePowerOffTimout0)
                  2000f830    00000020     driverlib.a : spi.obj (.text:SPIDataGet)
                  2000f850    00000020     simplelink.a : cc_pal.obj (.text:TimerGetCurrentTimestamp)
                  2000f870    00000020                  : driver.obj (.text:_SlDrvObjUnLock)
                  2000f890    00000020                  : driver.obj (.text:_SlDrvSyncObjSignal)
                  2000f8b0    0000001e     driverlib.a : gpio.obj (.text:GPIOIntRegister)
                  2000f8ce    0000001e                 : spi.obj (.text:SPIDataPut)
                  2000f8ec    0000001e                 : timer.obj (.text:TimerDisable)
                  2000f90a    0000001e                 : timer.obj (.text:TimerEnable)
                  2000f928    0000001e                 : timer.obj (.text:TimerIntStatus)
                  2000f946    0000001e                 : uart.obj (.text:UARTCharPut)
                  2000f964    0000001e     simplelink.a : cc_pal.obj (.text:cc_UDMAChannelSelect)
                  2000f982    0000001e     rtsv7M4_T_le_eabi.lib : strcat.c.obj (.text:strcat)
                  2000f9a0    0000001c     driverlib.a : timer.obj (.text:TimerValueGet)
                  2000f9bc    0000001c                 : uart.obj (.text:UARTCharGetNonBlocking)
                  2000f9d8    0000001c     simplelink.a : driver.obj (.text:_SlDrvStartMeasureTimeout)
                  2000f9f4    0000001c     rtsv7M4_T_le_eabi.lib : memccpy.c.obj (.text:memccpy)
                  2000fa10    0000001c     driverlib.a : udma.obj (.text:uDMAChannelEnable)
                  2000fa2c    0000001a                 : gpio.obj (.text:GPIOIntEnable)
                  2000fa46    0000001a                 : pin.obj (.text:PinTypeSPI)
                  2000fa60    0000001a                 : pin.obj (.text:PinTypeUART)
                  2000fa7a    0000001a                 : spi.obj (.text:SPIDmaDisable)
                  2000fa94    0000001a                 : spi.obj (.text:SPIDmaEnable)
                  2000faae    0000001a                 : spi.obj (.text:SPIFIFODisable)
                  2000fac8    0000001a                 : spi.obj (.text:SPIFIFOEnable)
                  2000fae2    0000001a                 : spi.obj (.text:SPIIntUnregister)
                  2000fafc    00000018                 : gpio.obj (.text:GPIOPinRead)
                  2000fb14    00000018                 : spi.obj (.text:SPICSDisable)
                  2000fb2c    00000018                 : spi.obj (.text:SPICSEnable)
                  2000fb44    00000018                 : spi.obj (.text:SPIDisable)
                  2000fb5c    00000018                 : spi.obj (.text:SPIEnable)
                  2000fb74    00000018                 : timer.obj (.text:TimerIntDisable)
                  2000fb8c    00000018                 : timer.obj (.text:TimerIntEnable)
                  2000fba4    00000018                 : uart.obj (.text:UARTCharsAvail)
                  2000fbbc    00000018     simplelink.a : nonos.obj (.text:_SlNonOsSemSet)
                  2000fbd4    00000018     rtsv7M4_T_le_eabi.lib : vsnprintf.c.obj (.text:_outc)
                  2000fbec    00000018                           : sprintf.c.obj (.text:_outs)
                  2000fc04    00000018     simplelink.a : device.obj (.text:_sl_GetStartResponseConvert)
                  2000fc1c    00000016     driverlib.a : prcm.obj (.text:PRCMHIBRegRead)
                  2000fc32    00000016                 : prcm.obj (.text:PRCMHIBRegWrite)
                  2000fc48    00000016     simplelink.a : driver.obj (.text:_SlDrvMemZero)
                  2000fc5e    00000016     rtsv7M4_T_le_eabi.lib : strchr.c.obj (.text:strchr)
                  2000fc74    00000014     driverlib.a : cpu.obj (.text:CPUcpsie)
                  2000fc88    00000014                 : gpio.obj (.text:GPIOIntClear)
                  2000fc9c    00000014                 : interrupt.obj (.text:IntVTableBaseSet)
                  2000fcb0    00000014     rtsv7M4_T_le_eabi.lib : strcpy.c.obj (.text:strcpy)
                  2000fcc4    00000014                           : strlen.c.obj (.text:strlen)
                  2000fcd8    00000012     driverlib.a : timer.obj (.text:TimerIntClear)
                  2000fcea    00000012     rtsv7M4_T_le_eabi.lib : wcslen.c.obj (.text:wcslen)
                  2000fcfc    00000010     simplelink.a : driver.obj (.text:_SlDrvDispatchHttpServerEvents)
                  2000fd0c    0000000e                  : driver.obj (.text:_SlDrvResetCmdExt)
                  2000fd1a    0000000e     rtsv7M4_T_le_eabi.lib : copy_decompress_none.c.obj (.text:decompress:none:__TI_decompress_none)
                  2000fd28    0000000e     startup_ccs.obj (.text)
                  2000fd36    00000002     --HOLE-- [fill = 0]
                  2000fd38    0000000c     simplelink.a : cc_pal.obj (.text:NwpMaskInterrupt)
                  2000fd44    0000000c                  : cc_pal.obj (.text:NwpUnMaskInterrupt)
                  2000fd50    0000000c     rtsv7M4_T_le_eabi.lib : copy_zero_init.c.obj (.text:decompress:ZI:__TI_zero_init)
                  2000fd5c    0000000a     driverlib.a : interrupt.obj (.text:IntMasterEnable)
                  2000fd66    0000000a     rtsv7M4_T_le_eabi.lib : sprintf.c.obj (.text:_outc)
                  2000fd70    00000008                           : errno.c.obj (.text:__aeabi_errno_addr)
                  2000fd78    00000008                           : s_copysign.c.obj (.text:copysign)
                  2000fd80    00000006     driverlib.a : utils.obj (.text:UtilsDelay)
                  2000fd86    00000004     rtsv7M4_T_le_eabi.lib : pre_init.c.obj (.text:_system_pre_init)
                  2000fd8a    00000004                           : exit.c.obj (.text:abort:abort)

.const     0    2000fd90    00001056     
                  2000fd90    000004fb     Adafruit_GFX.obj (.const:.string:font)
                  2001028b    000004fb     test.obj (.const:.string:font)
                  20010786    00000101     rtsv7M4_T_le_eabi.lib : ctype.c.obj (.const:.string:_ctypes_)
                  20010887    00000001     --HOLE-- [fill = 0]
                  20010888    00000100     driverlib.a : pin.obj (.const:g_ulPinToPadMap)
                  20010988    000000d4                 : interrupt.obj (.const:g_pulRegs)
                  20010a5c    000000a8                 : prcm.obj (.const:PRCM_PeriphRegsList)
                  20010b04    00000080                 : interrupt.obj (.const)
                  20010b84    0000003c     simplelink.a : driver.obj (.const:OpcodeTranslateTable)
                  20010bc0    00000038                  : driver.obj (.const:_SlActionLookupTable)
                  20010bf8    00000030     main.obj (.const:.string)
                  20010c28    0000002c     main.obj (.const:$P$T1$2)
                  20010c54    00000024     driverlib.a : spi.obj (.const:g_ppulSPIIntMap)
                  20010c78    00000022     main.obj (.const:.string:$P$T0$1)
                  20010c9a    00000002     --HOLE-- [fill = 0]
                  20010c9c    00000020     simplelink.a : driver.obj (.const:RxMsgClassLUT)
                  20010cbc    00000018     driverlib.a : spi.obj (.const)
                  20010cd4    00000015     main.obj (.const:.string:$P$T6$7)
                  20010ce9    00000003     --HOLE-- [fill = 0]
                  20010cec    00000014     simplelink.a : driver.obj (.const:$P$T0$1)
                  20010d00    00000014                  : nonos.obj (.const:$P$T0$1)
                  20010d14    00000014     main.obj (.const:$P$T2$3)
                  20010d28    00000010     simplelink.a : socket.obj (.const:.string:_SlPayloadByProtocolLUT)
                  20010d38    0000000c     main.obj (.const:$P$T4$5)
                  20010d44    0000000c     main.obj (.const:.string:$P$T3$4)
                  20010d50    00000009     main.obj (.const:.string:$P$T5$6)
                  20010d59    00000003     --HOLE-- [fill = 0]
                  20010d5c    00000008     main.obj (.const:$P$T10$11)
                  20010d64    00000008     main.obj (.const:$P$T11$12)
                  20010d6c    00000008     main.obj (.const:$P$T8$9)
                  20010d74    00000008     main.obj (.const:$P$T9$10)
                  20010d7c    00000008     simplelink.a : device.obj (.const:StartResponseLUT)
                  20010d84    00000008                  : driver.obj (.const:g_H2NCnysPattern)
                  20010d8c    00000008                  : driver.obj (.const:g_H2NSyncPattern)
                  20010d94    00000005     main.obj (.const:.string:$P$T7$8)
                  20010d99    00000001     --HOLE-- [fill = 0]
                  20010d9a    00000004     simplelink.a : wlan.obj (.const:$P$T0$1)
                  20010d9e    00000004                  : socket.obj (.const:$P$T2$3)
                  20010da2    00000004                  : device.obj (.const:_SlDeviceGetCmdCtrl)
                  20010da6    00000004                  : device.obj (.const:_SlDeviceSetCmdCtrl)
                  20010daa    00000004                  : netapp.obj (.const:_SlGetHostByNameCtrl)
                  20010dae    00000004                  : netapp.obj (.const:_SlNetAppSendTokenValueCmdCtrl)
                  20010db2    00000004                  : netcfg.obj (.const:_SlNetCfgSetCmdCtrl)
                  20010db6    00000004                  : wlan.obj (.const:_SlPolicySetCmdCtrl)
                  20010dba    00000004                  : wlan.obj (.const:_SlProfileDelCmdCtrl)
                  20010dbe    00000004                  : socket.obj (.const:_SlRecvCmdCtrl)
                  20010dc2    00000004                  : netapp.obj (.const:_SlRegisterServiceCtrl)
                  20010dc6    00000004                  : wlan.obj (.const:_SlRxFilterSetCmdCtrl)
                  20010dca    00000004                  : socket.obj (.const:_SlSendCmdCtrl)
                  20010dce    00000004                  : socket.obj (.const:_SlSetSockOptCmdCtrl)
                  20010dd2    00000004                  : socket.obj (.const:_SlSockCloseCmdCtrl)
                  20010dd6    00000004                  : socket.obj (.const:_SlSockSocketCmdCtrl)
                  20010dda    00000004                  : device.obj (.const:_SlStopCmdCtrl)
                  20010dde    00000004                  : wlan.obj (.const:_SlWlanCfgSetCmdCtrl)
                  20010de2    00000004                  : wlan.obj (.const:_SlWlanSetModeCmdCtrl)

.cinit     0    20010de8    000000c0     
                  20010de8    0000009a     (.cinit..data.load) [load image, compression = lzss]
                  20010e82    00000002     --HOLE-- [fill = 0]
                  20010e84    0000000c     (__TI_handler_table)
                  20010e90    00000008     (.cinit..bss.load) [load image, compression = zero_init]
                  20010e98    00000010     (__TI_cinit_table)

.sysmem    0    20017000    00008000     UNINITIALIZED
                  20017000    00000008     rtsv7M4_T_le_eabi.lib : memory.c.obj (.sysmem)
                  20017008    00007ff8     --HOLE--

.bss       0    2001f000    00001574     UNINITIALIZED
                  2001f000    00000fa0     (.common:buffer)
                  2001ffa0    00000384     (.common:Game)
                  20020324    00000168     simplelink.a : driver.obj (.bss:g_StatMem)
                  2002048c    00000050     (.common:g_ucDinDout)
                  200204dc    0000002c     (.common:g_time)
                  20020508    00000024     (.common:g_ucConnectionSSID)
                  2002052c    00000010     (.common:Players)
                  2002053c    00000010     (.common:PlayersMove)
                  2002054c    00000008     (.common:g_ucConnectionBSSID)
                  20020554    00000004     uart_if.obj (.bss)
                  20020558    00000004     (.common:PIN8_intcount)
                  2002055c    00000004     (.common:PlayerColor)
                  20020560    00000004     (.common:PlayerIndex)
                  20020564    00000004     (.common:currentButton)
                  20020568    00000004     (.common:tmp)
                  2002056c    00000001     (.common:PIN8_intflag)
                  2002056d    00000001     (.common:RxIrqCnt)
                  2002056e    00000001     (.common:g_bDeviceRestartIsRequired)
                  2002056f    00000001     (.common:g_cDummy)
                  20020570    00000001     (.common:g_ucLED1Pin)
                  20020571    00000001     (.common:g_ucLED2Pin)
                  20020572    00000001     (.common:g_ucLED3Pin)
                  20020573    00000001     (.common:yourTurn)

.data      0    20020574    0000028c     UNINITIALIZED
                  20020574    00000064     main.obj (.data:DATA1)
                  200205d8    00000064     main.obj (.data:DATA2)
                  2002063c    00000064     main.obj (.data:DATA3)
                  200206a0    00000050     main.obj (.data:player1)
                  200206f0    00000050     main.obj (.data:player2)
                  20020740    0000003c     simplelink.a : nonos.obj (.data:g__SlNonOsCB)
                  2002077c    00000015     Adafruit_GFX.obj (.data)
                  20020791    00000003     --HOLE--
                  20020794    00000014     gpio_if.obj (.data:ulReg)
                  200207a8    00000010     main.obj (.data)
                  200207b8    0000000d     simplelink.a : driver.obj (.data)
                  200207c5    00000003     --HOLE--
                  200207c8    0000000c     rtsv7M4_T_le_eabi.lib : memory.c.obj (.data:$O1$$)
                  200207d4    0000000c     gpio_if.obj (.data)
                  200207e0    00000009     simplelink.a : cc_pal.obj (.data)
                  200207e9    00000003     --HOLE--
                  200207ec    00000008     rtsv7M4_T_le_eabi.lib : _lock.c.obj (.data:$O1$$)
                  200207f4    00000008     main.obj (.data:PIN8)
                  200207fc    00000004     rtsv7M4_T_le_eabi.lib : errno.c.obj (.data)

.stack     0    2002f000    00001000     UNINITIALIZED
                  2002f000    00000004     rtsv7M4_T_le_eabi.lib : boot_cortex_m.c.obj (.stack)
                  2002f004    00000ffc     --HOLE--

MODULE SUMMARY

       Module                       code    ro data   rw data
       ------                       ----    -------   -------
    .\
       main.obj                     9568    237       5526   
       Adafruit_GFX.obj             2688    1275      21     
       test.obj                     2534    1275      0      
       Adafruit_OLED.obj            1194    0         0      
       startup_ccs.obj              14      1024      0      
       gpio_if.obj                  920     0         35     
       uart_if.obj                  640     0         4      
       timer_if.obj                 480     0         0      
       pin_mux_config.obj           296     0         0      
    +--+----------------------------+-------+---------+---------+
       Total:                       18334   3811      5586   
                                                             
    C:/ti/CC3200SDK_1.3.0/cc3200-sdk/driverlib/ccs/Release/driverlib.a
       prcm.obj                     852     168       0      
       interrupt.obj                608     340       0      
       spi.obj                      860     60        0      
       udma.obj                     604     0         0      
       timer.obj                    586     0         0      
       pin.obj                      300     256       0      
       gpio.obj                     422     0         0      
       uart.obj                     284     0         0      
       cpu.obj                      20      0         0      
       utils.obj                    6       0         0      
    +--+----------------------------+-------+---------+---------+
       Total:                       4542    824       0      
                                                             
    C:/ti/CC3200SDK_1.3.0/cc3200-sdk/simplelink/ccs/NON_OS/simplelink.a
       driver.obj                   7714    184       375    
       cc_pal.obj                   1820    0         90     
       socket.obj                   1830    40        0      
       netapp.obj                   1572    12        0      
       wlan.obj                     1312    24        0      
       device.obj                   1230    20        0      
       nonos.obj                    416     20        60     
       netcfg.obj                   152     4         0      
    +--+----------------------------+-------+---------+---------+
       Total:                       16046   304       525    
                                                             
    C:\ti\ccsv8\tools\compiler\ti-cgt-arm_18.1.4.LTS\lib\rtsv7M4_T_le_eabi.lib
       _printfi.c.obj               4831    0         0      
       memory.c.obj                 768     0         12     
       fd_add_t2.asm.obj            438     0         0      
       fd_div_t2.asm.obj            310     0         0      
       fd_cmp_t2.asm.obj            268     0         0      
       ctype.c.obj                  0       257       0      
       fd_mul_t2.asm.obj            252     0         0      
       s_scalbn.c.obj               208     0         0      
       memcpy_t2.asm.obj            156     0         0      
       ull_div_t2.asm.obj           150     0         0      
       vsnprintf.c.obj              136     0         0      
       memset_t2.asm.obj            122     0         0      
       copy_decompress_lzss.c.obj   104     0         0      
       sprintf.c.obj                98      0         0      
       s_frexp.c.obj                92      0         0      
       ltoa.c.obj                   84      0         0      
       atoi.c.obj                   76      0         0      
       fd_toi_t2.asm.obj            72      0         0      
       autoinit.c.obj               68      0         0      
       i_tofd_t2.asm.obj            46      0         0      
       boot_cortex_m.c.obj          40      0         0      
       memmov.c.obj                 36      0         0      
       strcat.c.obj                 30      0         0      
       memccpy.c.obj                28      0         0      
       strchr.c.obj                 22      0         0      
       strcpy.c.obj                 20      0         0      
       strlen.c.obj                 20      0         0      
       wcslen.c.obj                 18      0         0      
       copy_decompress_none.c.obj   14      0         0      
       copy_zero_init.c.obj         12      0         0      
       errno.c.obj                  8       0         4      
       _lock.c.obj                  2       0         8      
       s_copysign.c.obj             8       0         0      
       exit.c.obj                   4       0         0      
       pre_init.c.obj               4       0         0      
       div0.asm.obj                 2       0         0      
    +--+----------------------------+-------+---------+---------+
       Total:                       8547    257       24     
                                                             
       Heap:                        0       0         32768  
       Stack:                       0       0         4096   
       Linker Generated:            0       190       0      
    +--+----------------------------+-------+---------+---------+
       Grand Total:                 47469   5386      42999  


LINKER GENERATED COPY TABLES

__TI_cinit_table @ 20010e98 records: 2, size/record: 8, table size: 16
	.data: load addr=20010de8, load size=0000009a bytes, run addr=20020574, run size=0000028c bytes, compression=lzss
	.bss: load addr=20010e90, load size=00000008 bytes, run addr=2001f000, run size=00001574 bytes, compression=zero_init


LINKER GENERATED HANDLER TABLE

__TI_handler_table @ 20010e84 records: 3, size/record: 4, table size: 12
	index: 0, handler: __TI_decompress_lzss
	index: 1, handler: __TI_decompress_none
	index: 2, handler: __TI_zero_init


GLOBAL SYMBOLS: SORTED ALPHABETICALLY BY Name 

address   name                                  
-------   ----                                  
20008e39  Adafruit_Init                         
2000fd8b  C$$EXIT                               
2000fc75  CPUcpsie                              
2000582d  CheckHorizontal                       
20005a25  CheckLeftDiagonal                     
20005969  CheckRightDiagonal                    
200058c9  CheckVertical                         
20009629  ClearTerm                             
20008faf  Color565                              
20020574  DATA1                                 
200205d8  DATA2                                 
2002063c  DATA3                                 
20005205  Decode                                
2000f6b9  DmaSpiSwIntHandler                    
20005af1  EndGame                               
20009633  Error                                 
2000f33d  GPIODirModeSet                        
2000fc89  GPIOIntClear                          
2000fa2d  GPIOIntEnable                         
2000f8b1  GPIOIntRegister                       
2000f749  GPIOIntStatus                         
2000dde1  GPIOIntTypeSet                        
2000fafd  GPIOPinRead                           
2000f7d1  GPIOPinWrite                          
20009511  GPIO_IF_ConfigureNIntEnable           
2000959d  GPIO_IF_Get                           
200094cb  GPIO_IF_GetPortNPin                   
2000928d  GPIO_IF_LedConfigure                  
2000937f  GPIO_IF_LedOff                        
200092cb  GPIO_IF_LedOn                         
20009433  GPIO_IF_LedStatus                     
2000949d  GPIO_IF_LedToggle                     
20009559  GPIO_IF_Set                           
2001ffa0  Game                                  
2000966b  GetCmd                                
200095e9  InitTerm                              
2000cecd  IntDisable                            
2000cf75  IntEnable                             
2000fd5d  IntMasterEnable                       
2000e835  IntPendClear                          
2000e93d  IntPrioritySet                        
2000f7f1  IntRegister                           
2000f6dd  IntUnregister                         
2000fc9d  IntVTableBaseSet                      
200057c9  MasterMain                            
20009607  Message                               
20005445  MoveCursor                            
2000fd39  NwpMaskInterrupt                      
2000f295  NwpPowerOff                           
2000f49d  NwpPowerOn                            
2000f811  NwpPrePowerOffTimout0                 
2000f0b1  NwpRegisterInterruptHandler           
2000fd45  NwpUnMaskInterrupt                    
20010b84  OpcodeTranslateTable                  
2000730b  Outstr                                
20020558  PIN8_intcount                         
2002056c  PIN8_intflag                          
2000af1d  PRCMCC3200MCUInit                     
2000fc1d  PRCMHIBRegRead                        
2000fc33  PRCMHIBRegWrite                       
2000f5a1  PRCMPeripheralClkDisable              
2000f169  PRCMPeripheralClkEnable               
2000d6c9  PRCMPeripheralClockGet                
2000e88d  PRCMPeripheralReset                   
2000f375  PRCMPeripheralStatusGet               
2000f4c9  PRCMSysResetCauseGet                  
2000dbc9  PinConfigSet                          
2000efb1  PinModeSet                            
2000bbfd  PinMuxConfig                          
2000f3dd  PinTypeGPIO                           
2000fa47  PinTypeSPI                            
2000fa61  PinTypeUART                           
2002055c  PlayerColor                           
20020560  PlayerIndex                           
2002052c  Players                               
2002053c  PlayersMove                           
200057f7  ProcessIR                             
200097a9  Report                                
2000fd29  ResetISR                              
2002056d  RxIrqCnt                              
2000fb15  SPICSDisable                          
2000fb2d  SPICSEnable                           
2000d0c1  SPIConfigSetExpClk                    
2000f831  SPIDataGet                            
2000f8cf  SPIDataPut                            
2000fb45  SPIDisable                            
2000fa7b  SPIDmaDisable                         
2000fa95  SPIDmaEnable                          
2000fb5d  SPIEnable                             
2000faaf  SPIFIFODisable                        
2000fac9  SPIFIFOEnable                         
2000f3a9  SPIFIFOLevelSet                       
2000ed41  SPIIntClear                           
2000eb31  SPIIntEnable                          
2000fae3  SPIIntUnregister                      
2000f76b  SPIReset                              
2000f78d  SPIWordCountSet                       
200045d5  SimpleLinkGeneralEventHandler         
200045b1  SimpleLinkHttpServerCallback          
2000450f  SimpleLinkNetAppEventHandler          
200045f5  SimpleLinkSockEventHandler            
20004401  SimpleLinkWlanEventHandler            
2000ee5d  TimerConfigure                        
2000f8ed  TimerDisable                          
2000f90b  TimerEnable                           
2000f851  TimerGetCurrentTimestamp              
2000fcd9  TimerIntClear                         
2000fb75  TimerIntDisable                       
2000fb8d  TimerIntEnable                        
2000e23d  TimerIntRegister                      
2000f929  TimerIntStatus                        
2000e3f5  TimerIntUnregister                    
2000f54d  TimerLoadSet                          
2000f577  TimerPrescaleSet                      
2000f9a1  TimerValueGet                         
2000f7af  TimerValueSet                         
2000a307  Timer_IF_DeInit                       
2000a33b  Timer_IF_GetCount                     
2000a1fd  Timer_IF_Init                         
2000a22f  Timer_IF_IntSetup                     
2000a27b  Timer_IF_InterruptClear               
2000a321  Timer_IF_ReLoad                       
2000a2b5  Timer_IF_Start                        
2000a2d7  Timer_IF_Start2                       
2000a293  Timer_IF_Start_us                     
2000a2f7  Timer_IF_Stop                         
20009711  TrimSpace                             
2000f9bd  UARTCharGetNonBlocking                
2000f947  UARTCharPut                           
2000fba5  UARTCharsAvail                        
2000e151  UARTConfigSetExpClk                   
2000f40d  UARTDisable                           
2000f701  UARTEnable                            
2000fd81  UtilsDelay                            
20010bc0  _SlActionLookupTable                  
2000d01d  _SlDriverHandleError                  
2000ed89  _SlDrvBasicCmd                        
2000cca9  _SlDrvCmdOp                           
2000e31d  _SlDrvCmdSend                         
20009f99  _SlDrvDataReadOp                      
2000b205  _SlDrvDataWriteOp                     
2000d29d  _SlDrvDeviceEventHandler              
2000fcfd  _SlDrvDispatchHttpServerEvents        
2000bacd  _SlDrvDriverCBDeinit                  
2000a8b1  _SlDrvDriverCBInit                    
2000f5c9  _SlDrvGlobalObjUnLock                 
2000da25  _SlDrvIsTimeoutExpired                
2000fc49  _SlDrvMemZero                         
2000c5fd  _SlDrvMsgReadSpawnCtx                 
2000bf59  _SlDrvNetAppEventHandler              
2000f691  _SlDrvObjLockWaitForever              
2000f871  _SlDrvObjUnLock                       
2000ebc9  _SlDrvProtectAsyncRespSetting         
2000f521  _SlDrvProtectionObjLockWaitForever    
2000f5f1  _SlDrvProtectionObjUnLock             
2000a35d  _SlDrvReleasePoolObj                  
2000fd0d  _SlDrvResetCmdExt                     
2000e991  _SlDrvRxIrqHandler                    
2000f9d9  _SlDrvStartMeasureTimeout             
2000f891  _SlDrvSyncObjSignal                   
2000f619  _SlDrvSyncObjWaitForever              
2000eea1  _SlDrvSyncObjWaitTimeout              
2000ac01  _SlDrvWaitForPoolObj                  
20010dae  _SlNetAppSendTokenValueCmdCtrl        
2000e1c9  _SlNonOsMainLoopTask                  
2000ce1d  _SlNonOsSemGet                        
2000fbbd  _SlNonOsSemSet                        
2000e4c5  _SlNonOsSpawn                         
20030000  __STACK_END                           
00001000  __STACK_SIZE                          
00008000  __SYSMEM_SIZE                         
20010e98  __TI_CINIT_Base                       
20010ea8  __TI_CINIT_Limit                      
20010e84  __TI_Handler_Table_Base               
20010e90  __TI_Handler_Table_Limit              
2000eee5  __TI_auto_init_nobinit_nopinit        
2000e45d  __TI_decompress_lzss                  
2000fd1b  __TI_decompress_none                  
ffffffff  __TI_pprof_out_hndl                   
200073e1  __TI_printfi                          
ffffffff  __TI_prof_data_size                   
ffffffff  __TI_prof_data_start                  
20010de8  __TI_static_base__                    
2000fd51  __TI_zero_init                        
2000dc51  __aeabi_cdcmpeq                       
2000dc51  __aeabi_cdcmple                       
2000dcd7  __aeabi_cdrcmple                      
2000edd1  __aeabi_d2iz                          
2000a703  __aeabi_dadd                          
2000b861  __aeabi_ddiv                          
2000c05d  __aeabi_dmul                          
2000a6f9  __aeabi_dsub                          
2000fd71  __aeabi_errno_addr                    
2000f46d  __aeabi_i2d                           
2000924f  __aeabi_idiv0                         
2000924f  __aeabi_ldiv0                         
2000dfe5  __aeabi_memclr                        
2000dfe5  __aeabi_memclr4                       
2000dfe5  __aeabi_memclr8                       
2000d201  __aeabi_memcpy                        
2000d201  __aeabi_memcpy4                       
2000d201  __aeabi_memcpy8                       
2000dfe7  __aeabi_memset                        
2000dfe7  __aeabi_memset4                       
2000dfe7  __aeabi_memset8                       
2000d631  __aeabi_uldivmod                      
ffffffff  __binit__                             
ffffffff  __c_args__                            
UNDEFED   __mpu_init                            
2002f000  __stack                               
2000f641  _c_int00_noargs                       
20010786  _ctypes_                              
200207ec  _lock                                 
20008813  _nop                                  
2000e529  _sl_HandleAsync_Accept                
2000de65  _sl_HandleAsync_Connect               
2000d75d  _sl_HandleAsync_DnsGetHostByName      
2000ca4d  _sl_HandleAsync_DnsGetHostByService   
2000dab1  _sl_HandleAsync_InitComplete          
2000d7ed  _sl_HandleAsync_PingResponse          
2000e9e5  _sl_HandleAsync_Select                
2000eae1  _sl_HandleAsync_Stop                  
2000e389  _sl_NetAppSendTokenValue              
20017000  _sys_memory                           
UNDEFED   _system_post_cinit                    
2000fd87  _system_pre_init                      
200207f0  _unlock                               
2000fd8b  abort                                 
2000ec61  atoi                                  
ffffffff  binit                                 
2001f000  buffer                                
2000fd79  copysign                              
2000fd79  copysignl                             
20020564  currentButton                         
2002077c  cursor_x                              
20020780  cursor_y                              
20007e81  delay                                 
200071bf  drawChar                              
20006961  drawCircle                            
20006a95  drawCircleHelper                      
20009159  drawFastHLine                         
200090b9  drawFastVLine                         
20007e2d  drawGrid                              
20006cdb  drawLine                              
200091f5  drawPixel                             
20006dc7  drawRect                              
20006e15  drawRoundRect                         
20006f7d  drawTriangle                          
200207fc  errno                                 
20006bb3  fillCircle                            
20006bed  fillCircleHelper                      
20009007  fillRect                              
20006f03  fillRoundRect                         
20008ff1  fillScreen                            
20006fbf  fillTriangle                          
2000c8a5  free                                  
2000e7d9  frexp                                 
2000e7d9  frexpl                                
200207b4  g_Host                                
200207b8  g_SlDeviceStatus                      
200207e0  g_SpiFd                               
20020740  g__SlNonOsCB                          
2002056e  g_bDeviceRestartIsRequired            
2002056f  g_cDummy                              
200207bc  g_pCB                                 
200207e4  g_pHostIntHdl                         
20004000  g_pfnVectors                          
200204dc  g_time                                
2002054c  g_ucConnectionBSSID                   
20020508  g_ucConnectionSSID                    
200207e8  g_ucDMAEnabled                        
2002048c  g_ucDinDout                           
20020570  g_ucLED1Pin                           
20020571  g_ucLED2Pin                           
20020572  g_ucLED3Pin                           
200207d4  g_uiLED1Port                          
200207d8  g_uiLED2Port                          
200207dc  g_uiLED3Port                          
200207b0  g_ulGatewayIP                         
200207ac  g_ulPingPacketsRecv                   
200207a8  g_ulStatus                            
20008f6b  goTo                                  
200073bf  height                                
20009233  invert                                
20008673  lcdTestPattern                        
20008743  lcdTestPattern2                       
2000c97d  ldexp                                 
2000c97d  ldexpl                                
2000ea39  ltoa                                  
20005c9d  main                                  
2000e061  malloc                                
2000f9f5  memccpy                               
2000d201  memcpy                                
2000f725  memmove                               
2000dfed  memset                                
2000f2cd  minit                                 
200207c0  pPingCallBackFunc                     
200206a0  player1                               
200206f0  player2                               
20004d49  printErrConvenience                   
2000be45  realloc                               
2000c97d  scalbn                                
2000c97d  scalbnl                               
20007357  setCursor                             
2000738f  setTextColor                          
2000736f  setTextSize                           
200073a7  setTextWrap                           
2000f1e1  simplelink_timerA2_start              
2000e6b9  sl_Close                              
2000ad91  sl_Connect                            
2000cb19  sl_DevGet                             
2000d339  sl_DevSet                             
2000ef6d  sl_Htonl                              
2000f21d  sl_Htons                              
2000b5e1  sl_NetAppDnsGetHostByName             
2000c6e5  sl_NetAppMDNSRegisterUnregisterService
2000e58d  sl_NetAppMDNSUnRegisterService        
2000d3d1  sl_NetCfgSet                          
2000d161  sl_Recv                               
2000b999  sl_Send                               
2000d469  sl_SetSockOpt                         
2000db3d  sl_Socket                             
2000c429  sl_Start                              
2000c159  sl_Stop                               
20009869  sl_WlanConnect                        
2000f305  sl_WlanDisconnect                     
2000d87d  sl_WlanPolicySet                      
2000e719  sl_WlanProfileDel                     
2000dd5d  sl_WlanRxFilterSet                    
2000d501  sl_WlanSet                            
2000e779  sl_WlanSetMode                        
2000e0d9  spi_Close                             
2000b355  spi_Open                              
2000c249  spi_Read                              
2000d599  spi_Write                             
2000f031  sprintf                               
2000f983  strcat                                
2000fc5f  strchr                                
2000fcb1  strcpy                                
2000fcc5  strlen                                
20008337  testdrawcircles                       
200081a1  testdrawrects                         
2000812f  testfastlines                         
200082c5  testfillcircles                       
20008201  testfillrects                         
20007f95  testfullchar                          
20007eb5  testhelloworld                        
2000800f  testhorizontal                        
200084a5  testlines                             
20008433  testroundrects                        
200083b1  testtriangles                         
2000809f  testvertical                          
2002078c  textbgcolor                           
20020788  textcolor                             
20020784  textsize                              
20020568  tmp                                   
2000ecad  uDMAChannelAssign                     
2000e5f1  uDMAChannelAttributeDisable           
2000e655  uDMAChannelAttributeEnable            
2000f259  uDMAChannelControlSet                 
2000fa11  uDMAChannelEnable                     
2000c339  uDMAChannelTransferSet                
2000f071  vsnprintf                             
2000fceb  wcslen                                
200073bb  width                                 
20020790  wrap                                  
20008da5  writeCommand                          
20008def  writeData                             
20020573  yourTurn                              


GLOBAL SYMBOLS: SORTED BY Symbol Address 

address   name                                  
-------   ----                                  
00001000  __STACK_SIZE                          
00008000  __SYSMEM_SIZE                         
20004000  g_pfnVectors                          
20004401  SimpleLinkWlanEventHandler            
2000450f  SimpleLinkNetAppEventHandler          
200045b1  SimpleLinkHttpServerCallback          
200045d5  SimpleLinkGeneralEventHandler         
200045f5  SimpleLinkSockEventHandler            
20004d49  printErrConvenience                   
20005205  Decode                                
20005445  MoveCursor                            
200057c9  MasterMain                            
200057f7  ProcessIR                             
2000582d  CheckHorizontal                       
200058c9  CheckVertical                         
20005969  CheckRightDiagonal                    
20005a25  CheckLeftDiagonal                     
20005af1  EndGame                               
20005c9d  main                                  
20006961  drawCircle                            
20006a95  drawCircleHelper                      
20006bb3  fillCircle                            
20006bed  fillCircleHelper                      
20006cdb  drawLine                              
20006dc7  drawRect                              
20006e15  drawRoundRect                         
20006f03  fillRoundRect                         
20006f7d  drawTriangle                          
20006fbf  fillTriangle                          
200071bf  drawChar                              
2000730b  Outstr                                
20007357  setCursor                             
2000736f  setTextSize                           
2000738f  setTextColor                          
200073a7  setTextWrap                           
200073bb  width                                 
200073bf  height                                
200073e1  __TI_printfi                          
20007e2d  drawGrid                              
20007e81  delay                                 
20007eb5  testhelloworld                        
20007f95  testfullchar                          
2000800f  testhorizontal                        
2000809f  testvertical                          
2000812f  testfastlines                         
200081a1  testdrawrects                         
20008201  testfillrects                         
200082c5  testfillcircles                       
20008337  testdrawcircles                       
200083b1  testtriangles                         
20008433  testroundrects                        
200084a5  testlines                             
20008673  lcdTestPattern                        
20008743  lcdTestPattern2                       
20008813  _nop                                  
20008da5  writeCommand                          
20008def  writeData                             
20008e39  Adafruit_Init                         
20008f6b  goTo                                  
20008faf  Color565                              
20008ff1  fillScreen                            
20009007  fillRect                              
200090b9  drawFastVLine                         
20009159  drawFastHLine                         
200091f5  drawPixel                             
20009233  invert                                
2000924f  __aeabi_idiv0                         
2000924f  __aeabi_ldiv0                         
2000928d  GPIO_IF_LedConfigure                  
200092cb  GPIO_IF_LedOn                         
2000937f  GPIO_IF_LedOff                        
20009433  GPIO_IF_LedStatus                     
2000949d  GPIO_IF_LedToggle                     
200094cb  GPIO_IF_GetPortNPin                   
20009511  GPIO_IF_ConfigureNIntEnable           
20009559  GPIO_IF_Set                           
2000959d  GPIO_IF_Get                           
200095e9  InitTerm                              
20009607  Message                               
20009629  ClearTerm                             
20009633  Error                                 
2000966b  GetCmd                                
20009711  TrimSpace                             
200097a9  Report                                
20009869  sl_WlanConnect                        
20009f99  _SlDrvDataReadOp                      
2000a1fd  Timer_IF_Init                         
2000a22f  Timer_IF_IntSetup                     
2000a27b  Timer_IF_InterruptClear               
2000a293  Timer_IF_Start_us                     
2000a2b5  Timer_IF_Start                        
2000a2d7  Timer_IF_Start2                       
2000a2f7  Timer_IF_Stop                         
2000a307  Timer_IF_DeInit                       
2000a321  Timer_IF_ReLoad                       
2000a33b  Timer_IF_GetCount                     
2000a35d  _SlDrvReleasePoolObj                  
2000a6f9  __aeabi_dsub                          
2000a703  __aeabi_dadd                          
2000a8b1  _SlDrvDriverCBInit                    
2000ac01  _SlDrvWaitForPoolObj                  
2000ad91  sl_Connect                            
2000af1d  PRCMCC3200MCUInit                     
2000b205  _SlDrvDataWriteOp                     
2000b355  spi_Open                              
2000b5e1  sl_NetAppDnsGetHostByName             
2000b861  __aeabi_ddiv                          
2000b999  sl_Send                               
2000bacd  _SlDrvDriverCBDeinit                  
2000bbfd  PinMuxConfig                          
2000be45  realloc                               
2000bf59  _SlDrvNetAppEventHandler              
2000c05d  __aeabi_dmul                          
2000c159  sl_Stop                               
2000c249  spi_Read                              
2000c339  uDMAChannelTransferSet                
2000c429  sl_Start                              
2000c5fd  _SlDrvMsgReadSpawnCtx                 
2000c6e5  sl_NetAppMDNSRegisterUnregisterService
2000c8a5  free                                  
2000c97d  ldexp                                 
2000c97d  ldexpl                                
2000c97d  scalbn                                
2000c97d  scalbnl                               
2000ca4d  _sl_HandleAsync_DnsGetHostByService   
2000cb19  sl_DevGet                             
2000cca9  _SlDrvCmdOp                           
2000ce1d  _SlNonOsSemGet                        
2000cecd  IntDisable                            
2000cf75  IntEnable                             
2000d01d  _SlDriverHandleError                  
2000d0c1  SPIConfigSetExpClk                    
2000d161  sl_Recv                               
2000d201  __aeabi_memcpy                        
2000d201  __aeabi_memcpy4                       
2000d201  __aeabi_memcpy8                       
2000d201  memcpy                                
2000d29d  _SlDrvDeviceEventHandler              
2000d339  sl_DevSet                             
2000d3d1  sl_NetCfgSet                          
2000d469  sl_SetSockOpt                         
2000d501  sl_WlanSet                            
2000d599  spi_Write                             
2000d631  __aeabi_uldivmod                      
2000d6c9  PRCMPeripheralClockGet                
2000d75d  _sl_HandleAsync_DnsGetHostByName      
2000d7ed  _sl_HandleAsync_PingResponse          
2000d87d  sl_WlanPolicySet                      
2000da25  _SlDrvIsTimeoutExpired                
2000dab1  _sl_HandleAsync_InitComplete          
2000db3d  sl_Socket                             
2000dbc9  PinConfigSet                          
2000dc51  __aeabi_cdcmpeq                       
2000dc51  __aeabi_cdcmple                       
2000dcd7  __aeabi_cdrcmple                      
2000dd5d  sl_WlanRxFilterSet                    
2000dde1  GPIOIntTypeSet                        
2000de65  _sl_HandleAsync_Connect               
2000dfe5  __aeabi_memclr                        
2000dfe5  __aeabi_memclr4                       
2000dfe5  __aeabi_memclr8                       
2000dfe7  __aeabi_memset                        
2000dfe7  __aeabi_memset4                       
2000dfe7  __aeabi_memset8                       
2000dfed  memset                                
2000e061  malloc                                
2000e0d9  spi_Close                             
2000e151  UARTConfigSetExpClk                   
2000e1c9  _SlNonOsMainLoopTask                  
2000e23d  TimerIntRegister                      
2000e31d  _SlDrvCmdSend                         
2000e389  _sl_NetAppSendTokenValue              
2000e3f5  TimerIntUnregister                    
2000e45d  __TI_decompress_lzss                  
2000e4c5  _SlNonOsSpawn                         
2000e529  _sl_HandleAsync_Accept                
2000e58d  sl_NetAppMDNSUnRegisterService        
2000e5f1  uDMAChannelAttributeDisable           
2000e655  uDMAChannelAttributeEnable            
2000e6b9  sl_Close                              
2000e719  sl_WlanProfileDel                     
2000e779  sl_WlanSetMode                        
2000e7d9  frexp                                 
2000e7d9  frexpl                                
2000e835  IntPendClear                          
2000e88d  PRCMPeripheralReset                   
2000e93d  IntPrioritySet                        
2000e991  _SlDrvRxIrqHandler                    
2000e9e5  _sl_HandleAsync_Select                
2000ea39  ltoa                                  
2000eae1  _sl_HandleAsync_Stop                  
2000eb31  SPIIntEnable                          
2000ebc9  _SlDrvProtectAsyncRespSetting         
2000ec61  atoi                                  
2000ecad  uDMAChannelAssign                     
2000ed41  SPIIntClear                           
2000ed89  _SlDrvBasicCmd                        
2000edd1  __aeabi_d2iz                          
2000ee5d  TimerConfigure                        
2000eea1  _SlDrvSyncObjWaitTimeout              
2000eee5  __TI_auto_init_nobinit_nopinit        
2000ef6d  sl_Htonl                              
2000efb1  PinModeSet                            
2000f031  sprintf                               
2000f071  vsnprintf                             
2000f0b1  NwpRegisterInterruptHandler           
2000f169  PRCMPeripheralClkEnable               
2000f1e1  simplelink_timerA2_start              
2000f21d  sl_Htons                              
2000f259  uDMAChannelControlSet                 
2000f295  NwpPowerOff                           
2000f2cd  minit                                 
2000f305  sl_WlanDisconnect                     
2000f33d  GPIODirModeSet                        
2000f375  PRCMPeripheralStatusGet               
2000f3a9  SPIFIFOLevelSet                       
2000f3dd  PinTypeGPIO                           
2000f40d  UARTDisable                           
2000f46d  __aeabi_i2d                           
2000f49d  NwpPowerOn                            
2000f4c9  PRCMSysResetCauseGet                  
2000f521  _SlDrvProtectionObjLockWaitForever    
2000f54d  TimerLoadSet                          
2000f577  TimerPrescaleSet                      
2000f5a1  PRCMPeripheralClkDisable              
2000f5c9  _SlDrvGlobalObjUnLock                 
2000f5f1  _SlDrvProtectionObjUnLock             
2000f619  _SlDrvSyncObjWaitForever              
2000f641  _c_int00_noargs                       
2000f691  _SlDrvObjLockWaitForever              
2000f6b9  DmaSpiSwIntHandler                    
2000f6dd  IntUnregister                         
2000f701  UARTEnable                            
2000f725  memmove                               
2000f749  GPIOIntStatus                         
2000f76b  SPIReset                              
2000f78d  SPIWordCountSet                       
2000f7af  TimerValueSet                         
2000f7d1  GPIOPinWrite                          
2000f7f1  IntRegister                           
2000f811  NwpPrePowerOffTimout0                 
2000f831  SPIDataGet                            
2000f851  TimerGetCurrentTimestamp              
2000f871  _SlDrvObjUnLock                       
2000f891  _SlDrvSyncObjSignal                   
2000f8b1  GPIOIntRegister                       
2000f8cf  SPIDataPut                            
2000f8ed  TimerDisable                          
2000f90b  TimerEnable                           
2000f929  TimerIntStatus                        
2000f947  UARTCharPut                           
2000f983  strcat                                
2000f9a1  TimerValueGet                         
2000f9bd  UARTCharGetNonBlocking                
2000f9d9  _SlDrvStartMeasureTimeout             
2000f9f5  memccpy                               
2000fa11  uDMAChannelEnable                     
2000fa2d  GPIOIntEnable                         
2000fa47  PinTypeSPI                            
2000fa61  PinTypeUART                           
2000fa7b  SPIDmaDisable                         
2000fa95  SPIDmaEnable                          
2000faaf  SPIFIFODisable                        
2000fac9  SPIFIFOEnable                         
2000fae3  SPIIntUnregister                      
2000fafd  GPIOPinRead                           
2000fb15  SPICSDisable                          
2000fb2d  SPICSEnable                           
2000fb45  SPIDisable                            
2000fb5d  SPIEnable                             
2000fb75  TimerIntDisable                       
2000fb8d  TimerIntEnable                        
2000fba5  UARTCharsAvail                        
2000fbbd  _SlNonOsSemSet                        
2000fc1d  PRCMHIBRegRead                        
2000fc33  PRCMHIBRegWrite                       
2000fc49  _SlDrvMemZero                         
2000fc5f  strchr                                
2000fc75  CPUcpsie                              
2000fc89  GPIOIntClear                          
2000fc9d  IntVTableBaseSet                      
2000fcb1  strcpy                                
2000fcc5  strlen                                
2000fcd9  TimerIntClear                         
2000fceb  wcslen                                
2000fcfd  _SlDrvDispatchHttpServerEvents        
2000fd0d  _SlDrvResetCmdExt                     
2000fd1b  __TI_decompress_none                  
2000fd29  ResetISR                              
2000fd39  NwpMaskInterrupt                      
2000fd45  NwpUnMaskInterrupt                    
2000fd51  __TI_zero_init                        
2000fd5d  IntMasterEnable                       
2000fd71  __aeabi_errno_addr                    
2000fd79  copysign                              
2000fd79  copysignl                             
2000fd81  UtilsDelay                            
2000fd87  _system_pre_init                      
2000fd8b  C$$EXIT                               
2000fd8b  abort                                 
20010786  _ctypes_                              
20010b84  OpcodeTranslateTable                  
20010bc0  _SlActionLookupTable                  
20010dae  _SlNetAppSendTokenValueCmdCtrl        
20010de8  __TI_static_base__                    
20010e84  __TI_Handler_Table_Base               
20010e90  __TI_Handler_Table_Limit              
20010e98  __TI_CINIT_Base                       
20010ea8  __TI_CINIT_Limit                      
20017000  _sys_memory                           
2001f000  buffer                                
2001ffa0  Game                                  
2002048c  g_ucDinDout                           
200204dc  g_time                                
20020508  g_ucConnectionSSID                    
2002052c  Players                               
2002053c  PlayersMove                           
2002054c  g_ucConnectionBSSID                   
20020558  PIN8_intcount                         
2002055c  PlayerColor                           
20020560  PlayerIndex                           
20020564  currentButton                         
20020568  tmp                                   
2002056c  PIN8_intflag                          
2002056d  RxIrqCnt                              
2002056e  g_bDeviceRestartIsRequired            
2002056f  g_cDummy                              
20020570  g_ucLED1Pin                           
20020571  g_ucLED2Pin                           
20020572  g_ucLED3Pin                           
20020573  yourTurn                              
20020574  DATA1                                 
200205d8  DATA2                                 
2002063c  DATA3                                 
200206a0  player1                               
200206f0  player2                               
20020740  g__SlNonOsCB                          
2002077c  cursor_x                              
20020780  cursor_y                              
20020784  textsize                              
20020788  textcolor                             
2002078c  textbgcolor                           
20020790  wrap                                  
200207a8  g_ulStatus                            
200207ac  g_ulPingPacketsRecv                   
200207b0  g_ulGatewayIP                         
200207b4  g_Host                                
200207b8  g_SlDeviceStatus                      
200207bc  g_pCB                                 
200207c0  pPingCallBackFunc                     
200207d4  g_uiLED1Port                          
200207d8  g_uiLED2Port                          
200207dc  g_uiLED3Port                          
200207e0  g_SpiFd                               
200207e4  g_pHostIntHdl                         
200207e8  g_ucDMAEnabled                        
200207ec  _lock                                 
200207f0  _unlock                               
200207fc  errno                                 
2002f000  __stack                               
20030000  __STACK_END                           
ffffffff  __TI_pprof_out_hndl                   
ffffffff  __TI_prof_data_size                   
ffffffff  __TI_prof_data_start                  
ffffffff  __binit__                             
ffffffff  __c_args__                            
ffffffff  binit                                 
UNDEFED   __mpu_init                            
UNDEFED   _system_post_cinit                    

[369 symbols]
