<?xml version="1.0" encoding="ISO-8859-1" ?>
<link_info>
   <banner>TI ARM Linker PC v18.1.4.LTS</banner>
   <copyright>Copyright (c) 1996-2018 Texas Instruments Incorporated</copyright>
   <link_time>0x5c88290d</link_time>
   <link_errors>0x0</link_errors>
   <output_file>SSL_REST_API_AWS_W19.out</output_file>
   <entry_point>
      <name>_c_int00_noargs</name>
      <address>0x2000f641</address>
   </entry_point>
   <input_file_list>
      <input_file id="fl-2">
         <path>.\</path>
         <kind>object</kind>
         <file>Adafruit_GFX.obj</file>
         <name>Adafruit_GFX.obj</name>
      </input_file>
      <input_file id="fl-3">
         <path>.\</path>
         <kind>object</kind>
         <file>Adafruit_OLED.obj</file>
         <name>Adafruit_OLED.obj</name>
      </input_file>
      <input_file id="fl-4">
         <path>.\</path>
         <kind>object</kind>
         <file>gpio_if.obj</file>
         <name>gpio_if.obj</name>
      </input_file>
      <input_file id="fl-5">
         <path>.\</path>
         <kind>object</kind>
         <file>main.obj</file>
         <name>main.obj</name>
      </input_file>
      <input_file id="fl-6">
         <path>.\</path>
         <kind>object</kind>
         <file>network_common.obj</file>
         <name>network_common.obj</name>
      </input_file>
      <input_file id="fl-7">
         <path>.\</path>
         <kind>object</kind>
         <file>pin_mux_config.obj</file>
         <name>pin_mux_config.obj</name>
      </input_file>
      <input_file id="fl-8">
         <path>.\</path>
         <kind>object</kind>
         <file>startup_ccs.obj</file>
         <name>startup_ccs.obj</name>
      </input_file>
      <input_file id="fl-9">
         <path>.\</path>
         <kind>object</kind>
         <file>test.obj</file>
         <name>test.obj</name>
      </input_file>
      <input_file id="fl-a">
         <path>.\</path>
         <kind>object</kind>
         <file>timer_if.obj</file>
         <name>timer_if.obj</name>
      </input_file>
      <input_file id="fl-b">
         <path>.\</path>
         <kind>object</kind>
         <file>uart_if.obj</file>
         <name>uart_if.obj</name>
      </input_file>
      <input_file id="fl-11">
         <kind>object</kind>
         <file>&lt;internal&gt;</file>
         <name>&lt;internal&gt;</name>
      </input_file>
      <input_file id="fl-c7">
         <path>C:\ti\ccsv8\tools\compiler\ti-cgt-arm_18.1.4.LTS\lib\</path>
         <kind>archive</kind>
         <file>rtsv7M4_T_le_eabi.lib</file>
         <name>memcpy_t2.asm.obj</name>
      </input_file>
      <input_file id="fl-c8">
         <path>C:\ti\ccsv8\tools\compiler\ti-cgt-arm_18.1.4.LTS\lib\</path>
         <kind>archive</kind>
         <file>rtsv7M4_T_le_eabi.lib</file>
         <name>memset_t2.asm.obj</name>
      </input_file>
      <input_file id="fl-c9">
         <path>C:\ti\ccsv8\tools\compiler\ti-cgt-arm_18.1.4.LTS\lib\</path>
         <kind>archive</kind>
         <file>rtsv7M4_T_le_eabi.lib</file>
         <name>copy_zero_init.c.obj</name>
      </input_file>
      <input_file id="fl-ca">
         <path>C:\ti\ccsv8\tools\compiler\ti-cgt-arm_18.1.4.LTS\lib\</path>
         <kind>archive</kind>
         <file>rtsv7M4_T_le_eabi.lib</file>
         <name>copy_decompress_none.c.obj</name>
      </input_file>
      <input_file id="fl-cb">
         <path>C:\ti\ccsv8\tools\compiler\ti-cgt-arm_18.1.4.LTS\lib\</path>
         <kind>archive</kind>
         <file>rtsv7M4_T_le_eabi.lib</file>
         <name>copy_decompress_lzss.c.obj</name>
      </input_file>
      <input_file id="fl-cc">
         <path>C:\ti\ccsv8\tools\compiler\ti-cgt-arm_18.1.4.LTS\lib\</path>
         <kind>archive</kind>
         <file>rtsv7M4_T_le_eabi.lib</file>
         <name>boot_cortex_m.c.obj</name>
      </input_file>
      <input_file id="fl-cd">
         <path>C:\ti\ccsv8\tools\compiler\ti-cgt-arm_18.1.4.LTS\lib\</path>
         <kind>archive</kind>
         <file>rtsv7M4_T_le_eabi.lib</file>
         <name>exit.c.obj</name>
      </input_file>
      <input_file id="fl-ce">
         <path>C:\ti\ccsv8\tools\compiler\ti-cgt-arm_18.1.4.LTS\lib\</path>
         <kind>archive</kind>
         <file>rtsv7M4_T_le_eabi.lib</file>
         <name>memory.c.obj</name>
      </input_file>
      <input_file id="fl-cf">
         <path>C:\ti\ccsv8\tools\compiler\ti-cgt-arm_18.1.4.LTS\lib\</path>
         <kind>archive</kind>
         <file>rtsv7M4_T_le_eabi.lib</file>
         <name>_lock.c.obj</name>
      </input_file>
      <input_file id="fl-d0">
         <path>C:\ti\ccsv8\tools\compiler\ti-cgt-arm_18.1.4.LTS\lib\</path>
         <kind>archive</kind>
         <file>rtsv7M4_T_le_eabi.lib</file>
         <name>args_main.c.obj</name>
      </input_file>
      <input_file id="fl-d1">
         <path>C:\ti\ccsv8\tools\compiler\ti-cgt-arm_18.1.4.LTS\lib\</path>
         <kind>archive</kind>
         <file>rtsv7M4_T_le_eabi.lib</file>
         <name>memmov.c.obj</name>
      </input_file>
      <input_file id="fl-d2">
         <path>C:\ti\ccsv8\tools\compiler\ti-cgt-arm_18.1.4.LTS\lib\</path>
         <kind>archive</kind>
         <file>rtsv7M4_T_le_eabi.lib</file>
         <name>sprintf.c.obj</name>
      </input_file>
      <input_file id="fl-d3">
         <path>C:\ti\ccsv8\tools\compiler\ti-cgt-arm_18.1.4.LTS\lib\</path>
         <kind>archive</kind>
         <file>rtsv7M4_T_le_eabi.lib</file>
         <name>strcat.c.obj</name>
      </input_file>
      <input_file id="fl-d4">
         <path>C:\ti\ccsv8\tools\compiler\ti-cgt-arm_18.1.4.LTS\lib\</path>
         <kind>archive</kind>
         <file>rtsv7M4_T_le_eabi.lib</file>
         <name>strcpy.c.obj</name>
      </input_file>
      <input_file id="fl-d5">
         <path>C:\ti\ccsv8\tools\compiler\ti-cgt-arm_18.1.4.LTS\lib\</path>
         <kind>archive</kind>
         <file>rtsv7M4_T_le_eabi.lib</file>
         <name>strlen.c.obj</name>
      </input_file>
      <input_file id="fl-d6">
         <path>C:\ti\ccsv8\tools\compiler\ti-cgt-arm_18.1.4.LTS\lib\</path>
         <kind>archive</kind>
         <file>rtsv7M4_T_le_eabi.lib</file>
         <name>vsnprintf.c.obj</name>
      </input_file>
      <input_file id="fl-d7">
         <path>C:\ti\ccsv8\tools\compiler\ti-cgt-arm_18.1.4.LTS\lib\</path>
         <kind>archive</kind>
         <file>rtsv7M4_T_le_eabi.lib</file>
         <name>autoinit.c.obj</name>
      </input_file>
      <input_file id="fl-d8">
         <path>C:\ti\ccsv8\tools\compiler\ti-cgt-arm_18.1.4.LTS\lib\</path>
         <kind>archive</kind>
         <file>rtsv7M4_T_le_eabi.lib</file>
         <name>pre_init.c.obj</name>
      </input_file>
      <input_file id="fl-d9">
         <path>C:\ti\ccsv8\tools\compiler\ti-cgt-arm_18.1.4.LTS\lib\</path>
         <kind>archive</kind>
         <file>rtsv7M4_T_le_eabi.lib</file>
         <name>cpy_tbl.c.obj</name>
      </input_file>
      <input_file id="fl-da">
         <path>C:\ti\ccsv8\tools\compiler\ti-cgt-arm_18.1.4.LTS\lib\</path>
         <kind>archive</kind>
         <file>rtsv7M4_T_le_eabi.lib</file>
         <name>_printfi.c.obj</name>
      </input_file>
      <input_file id="fl-db">
         <path>C:\ti\ccsv8\tools\compiler\ti-cgt-arm_18.1.4.LTS\lib\</path>
         <kind>archive</kind>
         <file>rtsv7M4_T_le_eabi.lib</file>
         <name>atoi.c.obj</name>
      </input_file>
      <input_file id="fl-dc">
         <path>C:\ti\ccsv8\tools\compiler\ti-cgt-arm_18.1.4.LTS\lib\</path>
         <kind>archive</kind>
         <file>rtsv7M4_T_le_eabi.lib</file>
         <name>ctype.c.obj</name>
      </input_file>
      <input_file id="fl-dd">
         <path>C:\ti\ccsv8\tools\compiler\ti-cgt-arm_18.1.4.LTS\lib\</path>
         <kind>archive</kind>
         <file>rtsv7M4_T_le_eabi.lib</file>
         <name>ltoa.c.obj</name>
      </input_file>
      <input_file id="fl-de">
         <path>C:\ti\ccsv8\tools\compiler\ti-cgt-arm_18.1.4.LTS\lib\</path>
         <kind>archive</kind>
         <file>rtsv7M4_T_le_eabi.lib</file>
         <name>memccpy.c.obj</name>
      </input_file>
      <input_file id="fl-df">
         <path>C:\ti\ccsv8\tools\compiler\ti-cgt-arm_18.1.4.LTS\lib\</path>
         <kind>archive</kind>
         <file>rtsv7M4_T_le_eabi.lib</file>
         <name>strchr.c.obj</name>
      </input_file>
      <input_file id="fl-e0">
         <path>C:\ti\ccsv8\tools\compiler\ti-cgt-arm_18.1.4.LTS\lib\</path>
         <kind>archive</kind>
         <file>rtsv7M4_T_le_eabi.lib</file>
         <name>wcslen.c.obj</name>
      </input_file>
      <input_file id="fl-e1">
         <path>C:\ti\ccsv8\tools\compiler\ti-cgt-arm_18.1.4.LTS\lib\</path>
         <kind>archive</kind>
         <file>rtsv7M4_T_le_eabi.lib</file>
         <name>s_frexp.c.obj</name>
      </input_file>
      <input_file id="fl-e2">
         <path>C:\ti\ccsv8\tools\compiler\ti-cgt-arm_18.1.4.LTS\lib\</path>
         <kind>archive</kind>
         <file>rtsv7M4_T_le_eabi.lib</file>
         <name>s_scalbn.c.obj</name>
      </input_file>
      <input_file id="fl-e3">
         <path>C:\ti\ccsv8\tools\compiler\ti-cgt-arm_18.1.4.LTS\lib\</path>
         <kind>archive</kind>
         <file>rtsv7M4_T_le_eabi.lib</file>
         <name>fd_add_t2.asm.obj</name>
      </input_file>
      <input_file id="fl-e4">
         <path>C:\ti\ccsv8\tools\compiler\ti-cgt-arm_18.1.4.LTS\lib\</path>
         <kind>archive</kind>
         <file>rtsv7M4_T_le_eabi.lib</file>
         <name>fd_cmp_t2.asm.obj</name>
      </input_file>
      <input_file id="fl-e5">
         <path>C:\ti\ccsv8\tools\compiler\ti-cgt-arm_18.1.4.LTS\lib\</path>
         <kind>archive</kind>
         <file>rtsv7M4_T_le_eabi.lib</file>
         <name>fd_div_t2.asm.obj</name>
      </input_file>
      <input_file id="fl-e6">
         <path>C:\ti\ccsv8\tools\compiler\ti-cgt-arm_18.1.4.LTS\lib\</path>
         <kind>archive</kind>
         <file>rtsv7M4_T_le_eabi.lib</file>
         <name>fd_mul_t2.asm.obj</name>
      </input_file>
      <input_file id="fl-e7">
         <path>C:\ti\ccsv8\tools\compiler\ti-cgt-arm_18.1.4.LTS\lib\</path>
         <kind>archive</kind>
         <file>rtsv7M4_T_le_eabi.lib</file>
         <name>fd_toi_t2.asm.obj</name>
      </input_file>
      <input_file id="fl-e8">
         <path>C:\ti\ccsv8\tools\compiler\ti-cgt-arm_18.1.4.LTS\lib\</path>
         <kind>archive</kind>
         <file>rtsv7M4_T_le_eabi.lib</file>
         <name>i_tofd_t2.asm.obj</name>
      </input_file>
      <input_file id="fl-e9">
         <path>C:\ti\ccsv8\tools\compiler\ti-cgt-arm_18.1.4.LTS\lib\</path>
         <kind>archive</kind>
         <file>rtsv7M4_T_le_eabi.lib</file>
         <name>ull_div_t2.asm.obj</name>
      </input_file>
      <input_file id="fl-ea">
         <path>C:\ti\ccsv8\tools\compiler\ti-cgt-arm_18.1.4.LTS\lib\</path>
         <kind>archive</kind>
         <file>rtsv7M4_T_le_eabi.lib</file>
         <name>errno.c.obj</name>
      </input_file>
      <input_file id="fl-eb">
         <path>C:\ti\ccsv8\tools\compiler\ti-cgt-arm_18.1.4.LTS\lib\</path>
         <kind>archive</kind>
         <file>rtsv7M4_T_le_eabi.lib</file>
         <name>s_copysign.c.obj</name>
      </input_file>
      <input_file id="fl-ec">
         <path>C:\ti\ccsv8\tools\compiler\ti-cgt-arm_18.1.4.LTS\lib\</path>
         <kind>archive</kind>
         <file>rtsv7M4_T_le_eabi.lib</file>
         <name>div0.asm.obj</name>
      </input_file>
      <input_file id="fl-ed">
         <path>C:\ti\CC3200SDK_1.3.0\cc3200-sdk\driverlib\ccs\Release\</path>
         <kind>archive</kind>
         <file>driverlib.a</file>
         <name>gpio.obj</name>
      </input_file>
      <input_file id="fl-ee">
         <path>C:\ti\CC3200SDK_1.3.0\cc3200-sdk\driverlib\ccs\Release\</path>
         <kind>archive</kind>
         <file>driverlib.a</file>
         <name>interrupt.obj</name>
      </input_file>
      <input_file id="fl-ef">
         <path>C:\ti\CC3200SDK_1.3.0\cc3200-sdk\driverlib\ccs\Release\</path>
         <kind>archive</kind>
         <file>driverlib.a</file>
         <name>pin.obj</name>
      </input_file>
      <input_file id="fl-f0">
         <path>C:\ti\CC3200SDK_1.3.0\cc3200-sdk\driverlib\ccs\Release\</path>
         <kind>archive</kind>
         <file>driverlib.a</file>
         <name>prcm.obj</name>
      </input_file>
      <input_file id="fl-f1">
         <path>C:\ti\CC3200SDK_1.3.0\cc3200-sdk\driverlib\ccs\Release\</path>
         <kind>archive</kind>
         <file>driverlib.a</file>
         <name>spi.obj</name>
      </input_file>
      <input_file id="fl-f2">
         <path>C:\ti\CC3200SDK_1.3.0\cc3200-sdk\driverlib\ccs\Release\</path>
         <kind>archive</kind>
         <file>driverlib.a</file>
         <name>timer.obj</name>
      </input_file>
      <input_file id="fl-f3">
         <path>C:\ti\CC3200SDK_1.3.0\cc3200-sdk\driverlib\ccs\Release\</path>
         <kind>archive</kind>
         <file>driverlib.a</file>
         <name>uart.obj</name>
      </input_file>
      <input_file id="fl-f4">
         <path>C:\ti\CC3200SDK_1.3.0\cc3200-sdk\driverlib\ccs\Release\</path>
         <kind>archive</kind>
         <file>driverlib.a</file>
         <name>utils.obj</name>
      </input_file>
      <input_file id="fl-f5">
         <path>C:\ti\CC3200SDK_1.3.0\cc3200-sdk\driverlib\ccs\Release\</path>
         <kind>archive</kind>
         <file>driverlib.a</file>
         <name>cpu.obj</name>
      </input_file>
      <input_file id="fl-f6">
         <path>C:\ti\CC3200SDK_1.3.0\cc3200-sdk\driverlib\ccs\Release\</path>
         <kind>archive</kind>
         <file>driverlib.a</file>
         <name>flash.obj</name>
      </input_file>
      <input_file id="fl-f7">
         <path>C:\ti\CC3200SDK_1.3.0\cc3200-sdk\simplelink\ccs\NON_OS\</path>
         <kind>archive</kind>
         <file>simplelink.a</file>
         <name>device.obj</name>
      </input_file>
      <input_file id="fl-f8">
         <path>C:\ti\CC3200SDK_1.3.0\cc3200-sdk\simplelink\ccs\NON_OS\</path>
         <kind>archive</kind>
         <file>simplelink.a</file>
         <name>driver.obj</name>
      </input_file>
      <input_file id="fl-f9">
         <path>C:\ti\CC3200SDK_1.3.0\cc3200-sdk\simplelink\ccs\NON_OS\</path>
         <kind>archive</kind>
         <file>simplelink.a</file>
         <name>netapp.obj</name>
      </input_file>
      <input_file id="fl-fa">
         <path>C:\ti\CC3200SDK_1.3.0\cc3200-sdk\simplelink\ccs\NON_OS\</path>
         <kind>archive</kind>
         <file>simplelink.a</file>
         <name>netcfg.obj</name>
      </input_file>
      <input_file id="fl-fb">
         <path>C:\ti\CC3200SDK_1.3.0\cc3200-sdk\simplelink\ccs\NON_OS\</path>
         <kind>archive</kind>
         <file>simplelink.a</file>
         <name>nonos.obj</name>
      </input_file>
      <input_file id="fl-fc">
         <path>C:\ti\CC3200SDK_1.3.0\cc3200-sdk\simplelink\ccs\NON_OS\</path>
         <kind>archive</kind>
         <file>simplelink.a</file>
         <name>socket.obj</name>
      </input_file>
      <input_file id="fl-fd">
         <path>C:\ti\CC3200SDK_1.3.0\cc3200-sdk\simplelink\ccs\NON_OS\</path>
         <kind>archive</kind>
         <file>simplelink.a</file>
         <name>wlan.obj</name>
      </input_file>
      <input_file id="fl-fe">
         <path>C:\ti\CC3200SDK_1.3.0\cc3200-sdk\simplelink\ccs\NON_OS\</path>
         <kind>archive</kind>
         <file>simplelink.a</file>
         <name>cc_pal.obj</name>
      </input_file>
      <input_file id="fl-ff">
         <path>C:\ti\CC3200SDK_1.3.0\cc3200-sdk\driverlib\ccs\Release\</path>
         <kind>archive</kind>
         <file>driverlib.a</file>
         <name>udma.obj</name>
      </input_file>
   </input_file_list>
   <object_component_list>
      <object_component id="oc-f">
         <name>.intvecs</name>
         <load_address>0x20004000</load_address>
         <run_address>0x20004000</run_address>
         <size>0x400</size>
         <input_file_ref idref="fl-8"/>
      </object_component>
      <object_component id="oc-94">
         <name>.text</name>
         <load_address>0x20004400</load_address>
         <run_address>0x20004400</run_address>
         <size>0x2560</size>
         <input_file_ref idref="fl-5"/>
      </object_component>
      <object_component id="oc-199">
         <name>.text</name>
         <load_address>0x20006960</load_address>
         <run_address>0x20006960</run_address>
         <size>0xa80</size>
         <input_file_ref idref="fl-2"/>
      </object_component>
      <object_component id="oc-4f6">
         <name>.text:__TI_printfi</name>
         <load_address>0x200073e0</load_address>
         <run_address>0x200073e0</run_address>
         <size>0xa4a</size>
         <input_file_ref idref="fl-da"/>
      </object_component>
      <object_component id="oc-7c1">
         <name>.text:IntDefaultHandler</name>
         <load_address>0x20007e2a</load_address>
         <run_address>0x20007e2a</run_address>
         <size>0x2</size>
         <input_file_ref idref="fl-ee"/>
      </object_component>
      <object_component id="oc-1c7">
         <name>.text</name>
         <load_address>0x20007e2c</load_address>
         <run_address>0x20007e2c</run_address>
         <size>0x9e6</size>
         <input_file_ref idref="fl-9"/>
      </object_component>
      <object_component id="oc-755">
         <name>.text:_nop</name>
         <load_address>0x20008812</load_address>
         <run_address>0x20008812</run_address>
         <size>0x2</size>
         <input_file_ref idref="fl-cf"/>
      </object_component>
      <object_component id="oc-7d0">
         <name>.text:_SlDrvMsgRead</name>
         <load_address>0x20008814</load_address>
         <run_address>0x20008814</run_address>
         <size>0x590</size>
         <input_file_ref idref="fl-f8"/>
      </object_component>
      <object_component id="oc-19f">
         <name>.text</name>
         <load_address>0x20008da4</load_address>
         <run_address>0x20008da4</run_address>
         <size>0x4aa</size>
         <input_file_ref idref="fl-3"/>
      </object_component>
      <object_component id="oc-8dd">
         <name>.text</name>
         <load_address>0x2000924e</load_address>
         <run_address>0x2000924e</run_address>
         <size>0x2</size>
         <input_file_ref idref="fl-ec"/>
      </object_component>
      <object_component id="oc-142">
         <name>.text</name>
         <load_address>0x20009250</load_address>
         <run_address>0x20009250</run_address>
         <size>0x398</size>
         <input_file_ref idref="fl-4"/>
      </object_component>
      <object_component id="oc-c2">
         <name>.text</name>
         <load_address>0x200095e8</load_address>
         <run_address>0x200095e8</run_address>
         <size>0x280</size>
         <input_file_ref idref="fl-b"/>
      </object_component>
      <object_component id="oc-13c">
         <name>.text:sl_WlanConnect</name>
         <load_address>0x20009868</load_address>
         <run_address>0x20009868</run_address>
         <size>0x27c</size>
         <input_file_ref idref="fl-fd"/>
      </object_component>
      <object_component id="oc-711">
         <name>.text:_pconv_a</name>
         <load_address>0x20009ae4</load_address>
         <run_address>0x20009ae4</run_address>
         <size>0x268</size>
         <input_file_ref idref="fl-da"/>
      </object_component>
      <object_component id="oc-8a0">
         <name>.text:_SlDrvRxHdrRead</name>
         <load_address>0x20009d4c</load_address>
         <run_address>0x20009d4c</run_address>
         <size>0x24c</size>
         <input_file_ref idref="fl-f8"/>
      </object_component>
      <object_component id="oc-520">
         <name>.text:_SlDrvDataReadOp</name>
         <load_address>0x20009f98</load_address>
         <run_address>0x20009f98</run_address>
         <size>0x1e4</size>
         <input_file_ref idref="fl-f8"/>
      </object_component>
      <object_component id="oc-1f4">
         <name>.text</name>
         <load_address>0x2000a17c</load_address>
         <run_address>0x2000a17c</run_address>
         <size>0x1e0</size>
         <input_file_ref idref="fl-a"/>
      </object_component>
      <object_component id="oc-324">
         <name>.text:_SlDrvReleasePoolObj</name>
         <load_address>0x2000a35c</load_address>
         <run_address>0x2000a35c</run_address>
         <size>0x1d0</size>
         <input_file_ref idref="fl-f8"/>
      </object_component>
      <object_component id="oc-6ff">
         <name>.text:_pconv_g</name>
         <load_address>0x2000a52c</load_address>
         <run_address>0x2000a52c</run_address>
         <size>0x1cc</size>
         <input_file_ref idref="fl-da"/>
      </object_component>
      <object_component id="oc-82e">
         <name>.text</name>
         <load_address>0x2000a6f8</load_address>
         <run_address>0x2000a6f8</run_address>
         <size>0x1b6</size>
         <input_file_ref idref="fl-e3"/>
      </object_component>
      <object_component id="oc-2fa">
         <name>.text:_SlDrvDriverCBInit</name>
         <load_address>0x2000a8b0</load_address>
         <run_address>0x2000a8b0</run_address>
         <size>0x1b4</size>
         <input_file_ref idref="fl-f8"/>
      </object_component>
      <object_component id="oc-64c">
         <name>.text:_SlDrvMsgWrite</name>
         <load_address>0x2000aa64</load_address>
         <run_address>0x2000aa64</run_address>
         <size>0x19c</size>
         <input_file_ref idref="fl-f8"/>
      </object_component>
      <object_component id="oc-409">
         <name>.text:_SlDrvWaitForPoolObj</name>
         <load_address>0x2000ac00</load_address>
         <run_address>0x2000ac00</run_address>
         <size>0x190</size>
         <input_file_ref idref="fl-f8"/>
      </object_component>
      <object_component id="oc-173">
         <name>.text:sl_Connect</name>
         <load_address>0x2000ad90</load_address>
         <run_address>0x2000ad90</run_address>
         <size>0x18c</size>
         <input_file_ref idref="fl-fc"/>
      </object_component>
      <object_component id="oc-130">
         <name>.text:PRCMCC3200MCUInit</name>
         <load_address>0x2000af1c</load_address>
         <run_address>0x2000af1c</run_address>
         <size>0x178</size>
         <input_file_ref idref="fl-f0"/>
      </object_component>
      <object_component id="oc-8b2">
         <name>.text:_SlFindAndSetActiveObj</name>
         <load_address>0x2000b094</load_address>
         <run_address>0x2000b094</run_address>
         <size>0x170</size>
         <input_file_ref idref="fl-f8"/>
      </object_component>
      <object_component id="oc-512">
         <name>.text:_SlDrvDataWriteOp</name>
         <load_address>0x2000b204</load_address>
         <run_address>0x2000b204</run_address>
         <size>0x150</size>
         <input_file_ref idref="fl-f8"/>
      </object_component>
      <object_component id="oc-300">
         <name>.text:spi_Open</name>
         <load_address>0x2000b354</load_address>
         <run_address>0x2000b354</run_address>
         <size>0x148</size>
         <input_file_ref idref="fl-fe"/>
      </object_component>
      <object_component id="oc-652">
         <name>.text:_SlDrvMsgReadCmdCtx</name>
         <load_address>0x2000b49c</load_address>
         <run_address>0x2000b49c</run_address>
         <size>0x144</size>
         <input_file_ref idref="fl-f8"/>
      </object_component>
      <object_component id="oc-155">
         <name>.text:sl_NetAppDnsGetHostByName</name>
         <load_address>0x2000b5e0</load_address>
         <run_address>0x2000b5e0</run_address>
         <size>0x144</size>
         <input_file_ref idref="fl-f9"/>
      </object_component>
      <object_component id="oc-70b">
         <name>.text:_pconv_e</name>
         <load_address>0x2000b724</load_address>
         <run_address>0x2000b724</run_address>
         <size>0x13c</size>
         <input_file_ref idref="fl-da"/>
      </object_component>
      <object_component id="oc-814">
         <name>.text</name>
         <load_address>0x2000b860</load_address>
         <run_address>0x2000b860</run_address>
         <size>0x136</size>
         <input_file_ref idref="fl-e5"/>
      </object_component>
      <object_component id="oc-21f">
         <name>.text:sl_Send</name>
         <load_address>0x2000b998</load_address>
         <run_address>0x2000b998</run_address>
         <size>0x134</size>
         <input_file_ref idref="fl-fc"/>
      </object_component>
      <object_component id="oc-369">
         <name>.text:_SlDrvDriverCBDeinit</name>
         <load_address>0x2000bacc</load_address>
         <run_address>0x2000bacc</run_address>
         <size>0x130</size>
         <input_file_ref idref="fl-f8"/>
      </object_component>
      <object_component id="oc-1d0">
         <name>.text</name>
         <load_address>0x2000bbfc</load_address>
         <run_address>0x2000bbfc</run_address>
         <size>0x128</size>
         <input_file_ref idref="fl-7"/>
      </object_component>
      <object_component id="oc-840">
         <name>.text:fcvt</name>
         <load_address>0x2000bd24</load_address>
         <run_address>0x2000bd24</run_address>
         <size>0x120</size>
         <input_file_ref idref="fl-da"/>
      </object_component>
      <object_component id="oc-2c1">
         <name>.text:realloc</name>
         <load_address>0x2000be44</load_address>
         <run_address>0x2000be44</run_address>
         <size>0x114</size>
         <input_file_ref idref="fl-ce"/>
      </object_component>
      <object_component id="oc-925">
         <name>.text:_SlDrvNetAppEventHandler</name>
         <load_address>0x2000bf58</load_address>
         <run_address>0x2000bf58</run_address>
         <size>0x104</size>
         <input_file_ref idref="fl-f9"/>
      </object_component>
      <object_component id="oc-80f">
         <name>.text</name>
         <load_address>0x2000c05c</load_address>
         <run_address>0x2000c05c</run_address>
         <size>0xfc</size>
         <input_file_ref idref="fl-e6"/>
      </object_component>
      <object_component id="oc-e1">
         <name>.text:sl_Stop</name>
         <load_address>0x2000c158</load_address>
         <run_address>0x2000c158</run_address>
         <size>0xf0</size>
         <input_file_ref idref="fl-f7"/>
      </object_component>
      <object_component id="oc-8ac">
         <name>.text:spi_Read</name>
         <load_address>0x2000c248</load_address>
         <run_address>0x2000c248</run_address>
         <size>0xf0</size>
         <input_file_ref idref="fl-fe"/>
      </object_component>
      <object_component id="oc-9b6">
         <name>.text:uDMAChannelTransferSet</name>
         <load_address>0x2000c338</load_address>
         <run_address>0x2000c338</run_address>
         <size>0xf0</size>
         <input_file_ref idref="fl-ff"/>
      </object_component>
      <object_component id="oc-cf">
         <name>.text:sl_Start</name>
         <load_address>0x2000c428</load_address>
         <run_address>0x2000c428</run_address>
         <size>0xec</size>
         <input_file_ref idref="fl-f7"/>
      </object_component>
      <object_component id="oc-7d6">
         <name>.text:_SlAsyncEventGenericHandler</name>
         <load_address>0x2000c514</load_address>
         <run_address>0x2000c514</run_address>
         <size>0xe8</size>
         <input_file_ref idref="fl-f8"/>
      </object_component>
      <object_component id="oc-633">
         <name>.text:_SlDrvMsgReadSpawnCtx</name>
         <load_address>0x2000c5fc</load_address>
         <run_address>0x2000c5fc</run_address>
         <size>0xe8</size>
         <input_file_ref idref="fl-f8"/>
      </object_component>
      <object_component id="oc-3a4">
         <name>.text:sl_NetAppMDNSRegisterUnregisterService</name>
         <load_address>0x2000c6e4</load_address>
         <run_address>0x2000c6e4</run_address>
         <size>0xe4</size>
         <input_file_ref idref="fl-f9"/>
      </object_component>
      <object_component id="oc-8a6">
         <name>.text:_SlDrvClassifyRxMsg</name>
         <load_address>0x2000c7c8</load_address>
         <run_address>0x2000c7c8</run_address>
         <size>0xdc</size>
         <input_file_ref idref="fl-f8"/>
      </object_component>
      <object_component id="oc-2c7">
         <name>.text:free</name>
         <load_address>0x2000c8a4</load_address>
         <run_address>0x2000c8a4</run_address>
         <size>0xd8</size>
         <input_file_ref idref="fl-ce"/>
      </object_component>
      <object_component id="oc-854">
         <name>.text:scalbn</name>
         <load_address>0x2000c97c</load_address>
         <run_address>0x2000c97c</run_address>
         <size>0xd0</size>
         <input_file_ref idref="fl-e2"/>
      </object_component>
      <object_component id="oc-974">
         <name>.text:_sl_HandleAsync_DnsGetHostByService</name>
         <load_address>0x2000ca4c</load_address>
         <run_address>0x2000ca4c</run_address>
         <size>0xcc</size>
         <input_file_ref idref="fl-f9"/>
      </object_component>
      <object_component id="oc-e7">
         <name>.text:sl_DevGet</name>
         <load_address>0x2000cb18</load_address>
         <run_address>0x2000cb18</run_address>
         <size>0xcc</size>
         <input_file_ref idref="fl-f7"/>
      </object_component>
      <object_component id="oc-613">
         <name>.text:_SlRemoveFromList</name>
         <load_address>0x2000cbe4</load_address>
         <run_address>0x2000cbe4</run_address>
         <size>0xc4</size>
         <input_file_ref idref="fl-f8"/>
      </object_component>
      <object_component id="oc-34d">
         <name>.text:_SlDrvCmdOp</name>
         <load_address>0x2000cca8</load_address>
         <run_address>0x2000cca8</run_address>
         <size>0xc0</size>
         <input_file_ref idref="fl-f8"/>
      </object_component>
      <object_component id="oc-6f4">
         <name>.text:_ltostr</name>
         <load_address>0x2000cd68</load_address>
         <run_address>0x2000cd68</run_address>
         <size>0xb1</size>
         <input_file_ref idref="fl-da"/>
      </object_component>
      <object_component id="oc-5a2">
         <name>.text:_SlNonOsSemGet</name>
         <load_address>0x2000ce1c</load_address>
         <run_address>0x2000ce1c</run_address>
         <size>0xb0</size>
         <input_file_ref idref="fl-fb"/>
      </object_component>
      <object_component id="oc-5f2">
         <name>.text:IntDisable</name>
         <load_address>0x2000cecc</load_address>
         <run_address>0x2000cecc</run_address>
         <size>0xa8</size>
         <input_file_ref idref="fl-ee"/>
      </object_component>
      <object_component id="oc-12a">
         <name>.text:IntEnable</name>
         <load_address>0x2000cf74</load_address>
         <run_address>0x2000cf74</run_address>
         <size>0xa8</size>
         <input_file_ref idref="fl-ee"/>
      </object_component>
      <object_component id="oc-60c">
         <name>.text:_SlDriverHandleError</name>
         <load_address>0x2000d01c</load_address>
         <run_address>0x2000d01c</run_address>
         <size>0xa4</size>
         <input_file_ref idref="fl-f8"/>
      </object_component>
      <object_component id="oc-1b4">
         <name>.text:SPIConfigSetExpClk</name>
         <load_address>0x2000d0c0</load_address>
         <run_address>0x2000d0c0</run_address>
         <size>0xa0</size>
         <input_file_ref idref="fl-f1"/>
      </object_component>
      <object_component id="oc-22b">
         <name>.text:sl_Recv</name>
         <load_address>0x2000d160</load_address>
         <run_address>0x2000d160</run_address>
         <size>0xa0</size>
         <input_file_ref idref="fl-fc"/>
      </object_component>
      <object_component id="oc-3a">
         <name>.text</name>
         <load_address>0x2000d200</load_address>
         <run_address>0x2000d200</run_address>
         <size>0x9c</size>
         <input_file_ref idref="fl-c7"/>
      </object_component>
      <object_component id="oc-966">
         <name>.text:_SlDrvDeviceEventHandler</name>
         <load_address>0x2000d29c</load_address>
         <run_address>0x2000d29c</run_address>
         <size>0x9a</size>
         <input_file_ref idref="fl-f7"/>
      </object_component>
      <object_component id="oc-149">
         <name>.text:sl_DevSet</name>
         <load_address>0x2000d338</load_address>
         <run_address>0x2000d338</run_address>
         <size>0x98</size>
         <input_file_ref idref="fl-f7"/>
      </object_component>
      <object_component id="oc-ff">
         <name>.text:sl_NetCfgSet</name>
         <load_address>0x2000d3d0</load_address>
         <run_address>0x2000d3d0</run_address>
         <size>0x98</size>
         <input_file_ref idref="fl-fa"/>
      </object_component>
      <object_component id="oc-16d">
         <name>.text:sl_SetSockOpt</name>
         <load_address>0x2000d468</load_address>
         <run_address>0x2000d468</run_address>
         <size>0x98</size>
         <input_file_ref idref="fl-fc"/>
      </object_component>
      <object_component id="oc-105">
         <name>.text:sl_WlanSet</name>
         <load_address>0x2000d500</load_address>
         <run_address>0x2000d500</run_address>
         <size>0x98</size>
         <input_file_ref idref="fl-fd"/>
      </object_component>
      <object_component id="oc-7df">
         <name>.text:spi_Write</name>
         <load_address>0x2000d598</load_address>
         <run_address>0x2000d598</run_address>
         <size>0x98</size>
         <input_file_ref idref="fl-fe"/>
      </object_component>
      <object_component id="oc-808">
         <name>.text</name>
         <load_address>0x2000d630</load_address>
         <run_address>0x2000d630</run_address>
         <size>0x96</size>
         <input_file_ref idref="fl-e9"/>
      </object_component>
      <object_component id="oc-1ae">
         <name>.text:PRCMPeripheralClockGet</name>
         <load_address>0x2000d6c8</load_address>
         <run_address>0x2000d6c8</run_address>
         <size>0x94</size>
         <input_file_ref idref="fl-f0"/>
      </object_component>
      <object_component id="oc-96e">
         <name>.text:_sl_HandleAsync_DnsGetHostByName</name>
         <load_address>0x2000d75c</load_address>
         <run_address>0x2000d75c</run_address>
         <size>0x90</size>
         <input_file_ref idref="fl-f9"/>
      </object_component>
      <object_component id="oc-92b">
         <name>.text:_sl_HandleAsync_PingResponse</name>
         <load_address>0x2000d7ec</load_address>
         <run_address>0x2000d7ec</run_address>
         <size>0x90</size>
         <input_file_ref idref="fl-f9"/>
      </object_component>
      <object_component id="oc-ed">
         <name>.text:sl_WlanPolicySet</name>
         <load_address>0x2000d87c</load_address>
         <run_address>0x2000d87c</run_address>
         <size>0x90</size>
         <input_file_ref idref="fl-fd"/>
      </object_component>
      <object_component id="oc-932">
         <name>.text:SetupDMAReceive</name>
         <load_address>0x2000d90c</load_address>
         <run_address>0x2000d90c</run_address>
         <size>0x8c</size>
         <input_file_ref idref="fl-fe"/>
      </object_component>
      <object_component id="oc-8bd">
         <name>.text:SetupDMASend</name>
         <load_address>0x2000d998</load_address>
         <run_address>0x2000d998</run_address>
         <size>0x8c</size>
         <input_file_ref idref="fl-fe"/>
      </object_component>
      <object_component id="oc-78a">
         <name>.text:_SlDrvIsTimeoutExpired</name>
         <load_address>0x2000da24</load_address>
         <run_address>0x2000da24</run_address>
         <size>0x8c</size>
         <input_file_ref idref="fl-f8"/>
      </object_component>
      <object_component id="oc-9c3">
         <name>.text:_sl_HandleAsync_InitComplete</name>
         <load_address>0x2000dab0</load_address>
         <run_address>0x2000dab0</run_address>
         <size>0x8c</size>
         <input_file_ref idref="fl-f7"/>
      </object_component>
      <object_component id="oc-167">
         <name>.text:sl_Socket</name>
         <load_address>0x2000db3c</load_address>
         <run_address>0x2000db3c</run_address>
         <size>0x8c</size>
         <input_file_ref idref="fl-fc"/>
      </object_component>
      <object_component id="oc-6c8">
         <name>.text:PinConfigSet</name>
         <load_address>0x2000dbc8</load_address>
         <run_address>0x2000dbc8</run_address>
         <size>0x88</size>
         <input_file_ref idref="fl-ef"/>
      </object_component>
      <object_component id="oc-6fa">
         <name>.text:__aeabi_cdcmple</name>
         <load_address>0x2000dc50</load_address>
         <run_address>0x2000dc50</run_address>
         <size>0x86</size>
         <input_file_ref idref="fl-e4"/>
      </object_component>
      <object_component id="oc-819">
         <name>.text:__aeabi_cdrcmple</name>
         <load_address>0x2000dcd6</load_address>
         <run_address>0x2000dcd6</run_address>
         <size>0x86</size>
         <input_file_ref idref="fl-e4"/>
      </object_component>
      <object_component id="oc-117">
         <name>.text:sl_WlanRxFilterSet</name>
         <load_address>0x2000dd5c</load_address>
         <run_address>0x2000dd5c</run_address>
         <size>0x84</size>
         <input_file_ref idref="fl-fd"/>
      </object_component>
      <object_component id="oc-1e8">
         <name>.text:GPIOIntTypeSet</name>
         <load_address>0x2000dde0</load_address>
         <run_address>0x2000dde0</run_address>
         <size>0x82</size>
         <input_file_ref idref="fl-ed"/>
      </object_component>
      <object_component id="oc-996">
         <name>.text:_sl_HandleAsync_Connect</name>
         <load_address>0x2000de64</load_address>
         <run_address>0x2000de64</run_address>
         <size>0x80</size>
         <input_file_ref idref="fl-fc"/>
      </object_component>
      <object_component id="oc-938">
         <name>.text:spi_Read_CPU</name>
         <load_address>0x2000dee4</load_address>
         <run_address>0x2000dee4</run_address>
         <size>0x80</size>
         <input_file_ref idref="fl-fe"/>
      </object_component>
      <object_component id="oc-8c9">
         <name>.text:spi_Write_CPU</name>
         <load_address>0x2000df64</load_address>
         <run_address>0x2000df64</run_address>
         <size>0x80</size>
         <input_file_ref idref="fl-fe"/>
      </object_component>
      <object_component id="oc-88">
         <name>.text</name>
         <load_address>0x2000dfe4</load_address>
         <run_address>0x2000dfe4</run_address>
         <size>0x7a</size>
         <input_file_ref idref="fl-c8"/>
      </object_component>
      <object_component id="oc-2bb">
         <name>.text:malloc</name>
         <load_address>0x2000e060</load_address>
         <run_address>0x2000e060</run_address>
         <size>0x78</size>
         <input_file_ref idref="fl-ce"/>
      </object_component>
      <object_component id="oc-363">
         <name>.text:spi_Close</name>
         <load_address>0x2000e0d8</load_address>
         <run_address>0x2000e0d8</run_address>
         <size>0x78</size>
         <input_file_ref idref="fl-fe"/>
      </object_component>
      <object_component id="oc-297">
         <name>.text:UARTConfigSetExpClk</name>
         <load_address>0x2000e150</load_address>
         <run_address>0x2000e150</run_address>
         <size>0x76</size>
         <input_file_ref idref="fl-f3"/>
      </object_component>
      <object_component id="oc-d5">
         <name>.text:_SlNonOsMainLoopTask</name>
         <load_address>0x2000e1c8</load_address>
         <run_address>0x2000e1c8</run_address>
         <size>0x74</size>
         <input_file_ref idref="fl-fb"/>
      </object_component>
      <object_component id="oc-4b9">
         <name>.text:TimerIntRegister</name>
         <load_address>0x2000e23c</load_address>
         <run_address>0x2000e23c</run_address>
         <size>0x70</size>
         <input_file_ref idref="fl-f2"/>
      </object_component>
      <object_component id="oc-839">
         <name>.text:_mcpy</name>
         <load_address>0x2000e2ac</load_address>
         <run_address>0x2000e2ac</run_address>
         <size>0x6e</size>
         <input_file_ref idref="fl-da"/>
      </object_component>
      <object_component id="oc-9cd">
         <name>.text:_SlDrvCmdSend</name>
         <load_address>0x2000e31c</load_address>
         <run_address>0x2000e31c</run_address>
         <size>0x6c</size>
         <input_file_ref idref="fl-f8"/>
      </object_component>
      <object_component id="oc-980">
         <name>.text:_sl_NetAppSendTokenValue</name>
         <load_address>0x2000e388</load_address>
         <run_address>0x2000e388</run_address>
         <size>0x6c</size>
         <input_file_ref idref="fl-f9"/>
      </object_component>
      <object_component id="oc-4e3">
         <name>.text:TimerIntUnregister</name>
         <load_address>0x2000e3f4</load_address>
         <run_address>0x2000e3f4</run_address>
         <size>0x68</size>
         <input_file_ref idref="fl-f2"/>
      </object_component>
      <object_component id="oc-12">
         <name>.text:decompress:lzss:__TI_decompress_lzss</name>
         <load_address>0x2000e45c</load_address>
         <run_address>0x2000e45c</run_address>
         <size>0x68</size>
         <input_file_ref idref="fl-cb"/>
      </object_component>
      <object_component id="oc-62d">
         <name>.text:_SlNonOsSpawn</name>
         <load_address>0x2000e4c4</load_address>
         <run_address>0x2000e4c4</run_address>
         <size>0x64</size>
         <input_file_ref idref="fl-fb"/>
      </object_component>
      <object_component id="oc-990">
         <name>.text:_sl_HandleAsync_Accept</name>
         <load_address>0x2000e528</load_address>
         <run_address>0x2000e528</run_address>
         <size>0x64</size>
         <input_file_ref idref="fl-fc"/>
      </object_component>
      <object_component id="oc-10b">
         <name>.text:sl_NetAppMDNSUnRegisterService</name>
         <load_address>0x2000e58c</load_address>
         <run_address>0x2000e58c</run_address>
         <size>0x64</size>
         <input_file_ref idref="fl-f9"/>
      </object_component>
      <object_component id="oc-79e">
         <name>.text:uDMAChannelAttributeDisable</name>
         <load_address>0x2000e5f0</load_address>
         <run_address>0x2000e5f0</run_address>
         <size>0x64</size>
         <input_file_ref idref="fl-ff"/>
      </object_component>
      <object_component id="oc-9b0">
         <name>.text:uDMAChannelAttributeEnable</name>
         <load_address>0x2000e654</load_address>
         <run_address>0x2000e654</run_address>
         <size>0x64</size>
         <input_file_ref idref="fl-ff"/>
      </object_component>
      <object_component id="oc-225">
         <name>.text:sl_Close</name>
         <load_address>0x2000e6b8</load_address>
         <run_address>0x2000e6b8</run_address>
         <size>0x60</size>
         <input_file_ref idref="fl-fc"/>
      </object_component>
      <object_component id="oc-f3">
         <name>.text:sl_WlanProfileDel</name>
         <load_address>0x2000e718</load_address>
         <run_address>0x2000e718</run_address>
         <size>0x60</size>
         <input_file_ref idref="fl-fd"/>
      </object_component>
      <object_component id="oc-db">
         <name>.text:sl_WlanSetMode</name>
         <load_address>0x2000e778</load_address>
         <run_address>0x2000e778</run_address>
         <size>0x60</size>
         <input_file_ref idref="fl-fd"/>
      </object_component>
      <object_component id="oc-84e">
         <name>.text:frexp</name>
         <load_address>0x2000e7d8</load_address>
         <run_address>0x2000e7d8</run_address>
         <size>0x5c</size>
         <input_file_ref idref="fl-e1"/>
      </object_component>
      <object_component id="oc-5fe">
         <name>.text:IntPendClear</name>
         <load_address>0x2000e834</load_address>
         <run_address>0x2000e834</run_address>
         <size>0x58</size>
         <input_file_ref idref="fl-ee"/>
      </object_component>
      <object_component id="oc-1dc">
         <name>.text:PRCMPeripheralReset</name>
         <load_address>0x2000e88c</load_address>
         <run_address>0x2000e88c</run_address>
         <size>0x58</size>
         <input_file_ref idref="fl-f0"/>
      </object_component>
      <object_component id="oc-705">
         <name>.text:_pconv_f</name>
         <load_address>0x2000e8e4</load_address>
         <run_address>0x2000e8e4</run_address>
         <size>0x56</size>
         <input_file_ref idref="fl-da"/>
      </object_component>
      <object_component id="oc-3e5">
         <name>.text:IntPrioritySet</name>
         <load_address>0x2000e93c</load_address>
         <run_address>0x2000e93c</run_address>
         <size>0x54</size>
         <input_file_ref idref="fl-ee"/>
      </object_component>
      <object_component id="oc-336">
         <name>.text:_SlDrvRxIrqHandler</name>
         <load_address>0x2000e990</load_address>
         <run_address>0x2000e990</run_address>
         <size>0x54</size>
         <input_file_ref idref="fl-f8"/>
      </object_component>
      <object_component id="oc-99c">
         <name>.text:_sl_HandleAsync_Select</name>
         <load_address>0x2000e9e4</load_address>
         <run_address>0x2000e9e4</run_address>
         <size>0x54</size>
         <input_file_ref idref="fl-fc"/>
      </object_component>
      <object_component id="oc-823">
         <name>.text:ltoa</name>
         <load_address>0x2000ea38</load_address>
         <run_address>0x2000ea38</run_address>
         <size>0x54</size>
         <input_file_ref idref="fl-dd"/>
      </object_component>
      <object_component id="oc-833">
         <name>.text:_ecpy</name>
         <load_address>0x2000ea8c</load_address>
         <run_address>0x2000ea8c</run_address>
         <size>0x52</size>
         <input_file_ref idref="fl-da"/>
      </object_component>
      <object_component id="oc-9a2">
         <name>.text:_sl_HandleAsync_Stop</name>
         <load_address>0x2000eae0</load_address>
         <run_address>0x2000eae0</run_address>
         <size>0x50</size>
         <input_file_ref idref="fl-f7"/>
      </object_component>
      <object_component id="oc-5d1">
         <name>.text:SPIIntEnable</name>
         <load_address>0x2000eb30</load_address>
         <run_address>0x2000eb30</run_address>
         <size>0x4c</size>
         <input_file_ref idref="fl-f1"/>
      </object_component>
      <object_component id="oc-7ea">
         <name>.text:SPIIntNumberGet</name>
         <load_address>0x2000eb7c</load_address>
         <run_address>0x2000eb7c</run_address>
         <size>0x4c</size>
         <input_file_ref idref="fl-f1"/>
      </object_component>
      <object_component id="oc-306">
         <name>.text:_SlDrvProtectAsyncRespSetting</name>
         <load_address>0x2000ebc8</load_address>
         <run_address>0x2000ebc8</run_address>
         <size>0x4c</size>
         <input_file_ref idref="fl-f8"/>
      </object_component>
      <object_component id="oc-43a">
         <name>.text:_sl_BuildAddress</name>
         <load_address>0x2000ec14</load_address>
         <run_address>0x2000ec14</run_address>
         <size>0x4c</size>
         <input_file_ref idref="fl-fc"/>
      </object_component>
      <object_component id="oc-6ee">
         <name>.text:atoi</name>
         <load_address>0x2000ec60</load_address>
         <run_address>0x2000ec60</run_address>
         <size>0x4c</size>
         <input_file_ref idref="fl-db"/>
      </object_component>
      <object_component id="oc-798">
         <name>.text:uDMAChannelAssign</name>
         <load_address>0x2000ecac</load_address>
         <run_address>0x2000ecac</run_address>
         <size>0x4c</size>
         <input_file_ref idref="fl-ff"/>
      </object_component>
      <object_component id="oc-49d">
         <name>.text:GPIOGetIntNumber</name>
         <load_address>0x2000ecf8</load_address>
         <run_address>0x2000ecf8</run_address>
         <size>0x48</size>
         <input_file_ref idref="fl-ed"/>
      </object_component>
      <object_component id="oc-7b8">
         <name>.text:SPIIntClear</name>
         <load_address>0x2000ed40</load_address>
         <run_address>0x2000ed40</run_address>
         <size>0x48</size>
         <input_file_ref idref="fl-f1"/>
      </object_component>
      <object_component id="oc-38f">
         <name>.text:_SlDrvBasicCmd</name>
         <load_address>0x2000ed88</load_address>
         <run_address>0x2000ed88</run_address>
         <size>0x48</size>
         <input_file_ref idref="fl-f8"/>
      </object_component>
      <object_component id="oc-81e">
         <name>.text</name>
         <load_address>0x2000edd0</load_address>
         <run_address>0x2000edd0</run_address>
         <size>0x48</size>
         <input_file_ref idref="fl-e7"/>
      </object_component>
      <object_component id="oc-7a8">
         <name>.text:SPIDmaMaskGet</name>
         <load_address>0x2000ee18</load_address>
         <run_address>0x2000ee18</run_address>
         <size>0x44</size>
         <input_file_ref idref="fl-f1"/>
      </object_component>
      <object_component id="oc-4ad">
         <name>.text:TimerConfigure</name>
         <load_address>0x2000ee5c</load_address>
         <run_address>0x2000ee5c</run_address>
         <size>0x44</size>
         <input_file_ref idref="fl-f2"/>
      </object_component>
      <object_component id="oc-31e">
         <name>.text:_SlDrvSyncObjWaitTimeout</name>
         <load_address>0x2000eea0</load_address>
         <run_address>0x2000eea0</run_address>
         <size>0x44</size>
         <input_file_ref idref="fl-f8"/>
      </object_component>
      <object_component id="oc-265">
         <name>.text:__TI_auto_init_nobinit_nopinit:__TI_auto_init_nobinit_nopinit</name>
         <load_address>0x2000eee4</load_address>
         <run_address>0x2000eee4</run_address>
         <size>0x44</size>
         <input_file_ref idref="fl-d7"/>
      </object_component>
      <object_component id="oc-945">
         <name>.text:cc_SetupTransfer</name>
         <load_address>0x2000ef28</load_address>
         <run_address>0x2000ef28</run_address>
         <size>0x44</size>
         <input_file_ref idref="fl-fe"/>
      </object_component>
      <object_component id="oc-161">
         <name>.text:sl_Htonl</name>
         <load_address>0x2000ef6c</load_address>
         <run_address>0x2000ef6c</run_address>
         <size>0x42</size>
         <input_file_ref idref="fl-fc"/>
      </object_component>
      <object_component id="oc-478">
         <name>.text:PinModeSet</name>
         <load_address>0x2000efb0</load_address>
         <run_address>0x2000efb0</run_address>
         <size>0x40</size>
         <input_file_ref idref="fl-ef"/>
      </object_component>
      <object_component id="oc-50c">
         <name>.text:_sl_TruncatePayloadByProtocol</name>
         <load_address>0x2000eff0</load_address>
         <run_address>0x2000eff0</run_address>
         <size>0x40</size>
         <input_file_ref idref="fl-fc"/>
      </object_component>
      <object_component id="oc-213">
         <name>.text:sprintf</name>
         <load_address>0x2000f030</load_address>
         <run_address>0x2000f030</run_address>
         <size>0x40</size>
         <input_file_ref idref="fl-d2"/>
      </object_component>
      <object_component id="oc-2a3">
         <name>.text:vsnprintf</name>
         <load_address>0x2000f070</load_address>
         <run_address>0x2000f070</run_address>
         <size>0x40</size>
         <input_file_ref idref="fl-d6"/>
      </object_component>
      <object_component id="oc-312">
         <name>.text:NwpRegisterInterruptHandler</name>
         <load_address>0x2000f0b0</load_address>
         <run_address>0x2000f0b0</run_address>
         <size>0x3e</size>
         <input_file_ref idref="fl-fe"/>
      </object_component>
      <object_component id="oc-846">
         <name>.text:_fcpy</name>
         <load_address>0x2000f0ee</load_address>
         <run_address>0x2000f0ee</run_address>
         <size>0x3e</size>
         <input_file_ref idref="fl-da"/>
      </object_component>
      <object_component id="oc-987">
         <name>.text:CopyPingResultsToReport</name>
         <load_address>0x2000f12c</load_address>
         <run_address>0x2000f12c</run_address>
         <size>0x3c</size>
         <input_file_ref idref="fl-f9"/>
      </object_component>
      <object_component id="oc-1d6">
         <name>.text:PRCMPeripheralClkEnable</name>
         <load_address>0x2000f168</load_address>
         <run_address>0x2000f168</run_address>
         <size>0x3c</size>
         <input_file_ref idref="fl-f0"/>
      </object_component>
      <object_component id="oc-586">
         <name>.text:minsert</name>
         <load_address>0x2000f1a4</load_address>
         <run_address>0x2000f1a4</run_address>
         <size>0x3c</size>
         <input_file_ref idref="fl-ce"/>
      </object_component>
      <object_component id="oc-912">
         <name>.text:simplelink_timerA2_start</name>
         <load_address>0x2000f1e0</load_address>
         <run_address>0x2000f1e0</run_address>
         <size>0x3c</size>
         <input_file_ref idref="fl-fe"/>
      </object_component>
      <object_component id="oc-15b">
         <name>.text:sl_Htons</name>
         <load_address>0x2000f21c</load_address>
         <run_address>0x2000f21c</run_address>
         <size>0x3c</size>
         <input_file_ref idref="fl-fc"/>
      </object_component>
      <object_component id="oc-9aa">
         <name>.text:uDMAChannelControlSet</name>
         <load_address>0x2000f258</load_address>
         <run_address>0x2000f258</run_address>
         <size>0x3c</size>
         <input_file_ref idref="fl-ff"/>
      </object_component>
      <object_component id="oc-30c">
         <name>.text:NwpPowerOff</name>
         <load_address>0x2000f294</load_address>
         <run_address>0x2000f294</run_address>
         <size>0x38</size>
         <input_file_ref idref="fl-fe"/>
      </object_component>
      <object_component id="oc-57a">
         <name>.text:minit</name>
         <load_address>0x2000f2cc</load_address>
         <run_address>0x2000f2cc</run_address>
         <size>0x38</size>
         <input_file_ref idref="fl-ce"/>
      </object_component>
      <object_component id="oc-f9">
         <name>.text:sl_WlanDisconnect</name>
         <load_address>0x2000f304</load_address>
         <run_address>0x2000f304</run_address>
         <size>0x38</size>
         <input_file_ref idref="fl-fd"/>
      </object_component>
      <object_component id="oc-484">
         <name>.text:GPIODirModeSet</name>
         <load_address>0x2000f33c</load_address>
         <run_address>0x2000f33c</run_address>
         <size>0x36</size>
         <input_file_ref idref="fl-ed"/>
      </object_component>
      <object_component id="oc-5b3">
         <name>.text:PRCMPeripheralStatusGet</name>
         <load_address>0x2000f374</load_address>
         <run_address>0x2000f374</run_address>
         <size>0x34</size>
         <input_file_ref idref="fl-f0"/>
      </object_component>
      <object_component id="oc-5cb">
         <name>.text:SPIFIFOLevelSet</name>
         <load_address>0x2000f3a8</load_address>
         <run_address>0x2000f3a8</run_address>
         <size>0x34</size>
         <input_file_ref idref="fl-f1"/>
      </object_component>
      <object_component id="oc-47e">
         <name>.text:PinTypeGPIO</name>
         <load_address>0x2000f3dc</load_address>
         <run_address>0x2000f3dc</run_address>
         <size>0x30</size>
         <input_file_ref idref="fl-ef"/>
      </object_component>
      <object_component id="oc-550">
         <name>.text:UARTDisable</name>
         <load_address>0x2000f40c</load_address>
         <run_address>0x2000f40c</run_address>
         <size>0x30</size>
         <input_file_ref idref="fl-f3"/>
      </object_component>
      <object_component id="oc-55e">
         <name>.text:_outs</name>
         <load_address>0x2000f43c</load_address>
         <run_address>0x2000f43c</run_address>
         <size>0x30</size>
         <input_file_ref idref="fl-d6"/>
      </object_component>
      <object_component id="oc-829">
         <name>.text</name>
         <load_address>0x2000f46c</load_address>
         <run_address>0x2000f46c</run_address>
         <size>0x2e</size>
         <input_file_ref idref="fl-e8"/>
      </object_component>
      <object_component id="oc-318">
         <name>.text:NwpPowerOn</name>
         <load_address>0x2000f49c</load_address>
         <run_address>0x2000f49c</run_address>
         <size>0x2c</size>
         <input_file_ref idref="fl-fe"/>
      </object_component>
      <object_component id="oc-3c0">
         <name>.text:PRCMSysResetCauseGet</name>
         <load_address>0x2000f4c8</load_address>
         <run_address>0x2000f4c8</run_address>
         <size>0x2c</size>
         <input_file_ref idref="fl-f0"/>
      </object_component>
      <object_component id="oc-640">
         <name>.text:_SlDrvObjGlobalLockWaitForever</name>
         <load_address>0x2000f4f4</load_address>
         <run_address>0x2000f4f4</run_address>
         <size>0x2c</size>
         <input_file_ref idref="fl-f8"/>
      </object_component>
      <object_component id="oc-40f">
         <name>.text:_SlDrvProtectionObjLockWaitForever</name>
         <load_address>0x2000f520</load_address>
         <run_address>0x2000f520</run_address>
         <size>0x2c</size>
         <input_file_ref idref="fl-f8"/>
      </object_component>
      <object_component id="oc-4d1">
         <name>.text:TimerLoadSet</name>
         <load_address>0x2000f54c</load_address>
         <run_address>0x2000f54c</run_address>
         <size>0x2a</size>
         <input_file_ref idref="fl-f2"/>
      </object_component>
      <object_component id="oc-4b3">
         <name>.text:TimerPrescaleSet</name>
         <load_address>0x2000f576</load_address>
         <run_address>0x2000f576</run_address>
         <size>0x2a</size>
         <input_file_ref idref="fl-f2"/>
      </object_component>
      <object_component id="oc-3d2">
         <name>.text:PRCMPeripheralClkDisable</name>
         <load_address>0x2000f5a0</load_address>
         <run_address>0x2000f5a0</run_address>
         <size>0x28</size>
         <input_file_ref idref="fl-f0"/>
      </object_component>
      <object_component id="oc-646">
         <name>.text:_SlDrvGlobalObjUnLock</name>
         <load_address>0x2000f5c8</load_address>
         <run_address>0x2000f5c8</run_address>
         <size>0x28</size>
         <input_file_ref idref="fl-f8"/>
      </object_component>
      <object_component id="oc-415">
         <name>.text:_SlDrvProtectionObjUnLock</name>
         <load_address>0x2000f5f0</load_address>
         <run_address>0x2000f5f0</run_address>
         <size>0x28</size>
         <input_file_ref idref="fl-f8"/>
      </object_component>
      <object_component id="oc-41b">
         <name>.text:_SlDrvSyncObjWaitForever</name>
         <load_address>0x2000f618</load_address>
         <run_address>0x2000f618</run_address>
         <size>0x28</size>
         <input_file_ref idref="fl-f8"/>
      </object_component>
      <object_component id="oc-58">
         <name>.text:_c_int00_noargs:_c_int00_noargs</name>
         <load_address>0x2000f640</load_address>
         <run_address>0x2000f640</run_address>
         <size>0x28</size>
         <input_file_ref idref="fl-cc"/>
      </object_component>
      <object_component id="oc-580">
         <name>.text:mremove</name>
         <load_address>0x2000f668</load_address>
         <run_address>0x2000f668</run_address>
         <size>0x28</size>
         <input_file_ref idref="fl-ce"/>
      </object_component>
      <object_component id="oc-73f">
         <name>.text:_SlDrvObjLockWaitForever</name>
         <load_address>0x2000f690</load_address>
         <run_address>0x2000f690</run_address>
         <size>0x26</size>
         <input_file_ref idref="fl-f8"/>
      </object_component>
      <object_component id="oc-5dd">
         <name>.text:DmaSpiSwIntHandler</name>
         <load_address>0x2000f6b8</load_address>
         <run_address>0x2000f6b8</run_address>
         <size>0x24</size>
         <input_file_ref idref="fl-fe"/>
      </object_component>
      <object_component id="oc-5f8">
         <name>.text:IntUnregister</name>
         <load_address>0x2000f6dc</load_address>
         <run_address>0x2000f6dc</run_address>
         <size>0x24</size>
         <input_file_ref idref="fl-ee"/>
      </object_component>
      <object_component id="oc-556">
         <name>.text:UARTEnable</name>
         <load_address>0x2000f700</load_address>
         <run_address>0x2000f700</run_address>
         <size>0x24</size>
         <input_file_ref idref="fl-f3"/>
      </object_component>
      <object_component id="oc-2b5">
         <name>.text:memmove</name>
         <load_address>0x2000f724</load_address>
         <run_address>0x2000f724</run_address>
         <size>0x24</size>
         <input_file_ref idref="fl-d1"/>
      </object_component>
      <object_component id="oc-17a">
         <name>.text:GPIOIntStatus</name>
         <load_address>0x2000f748</load_address>
         <run_address>0x2000f748</run_address>
         <size>0x22</size>
         <input_file_ref idref="fl-ed"/>
      </object_component>
      <object_component id="oc-1a8">
         <name>.text:SPIReset</name>
         <load_address>0x2000f76a</load_address>
         <run_address>0x2000f76a</run_address>
         <size>0x22</size>
         <input_file_ref idref="fl-f1"/>
      </object_component>
      <object_component id="oc-8c3">
         <name>.text:SPIWordCountSet</name>
         <load_address>0x2000f78c</load_address>
         <run_address>0x2000f78c</run_address>
         <size>0x22</size>
         <input_file_ref idref="fl-f1"/>
      </object_component>
      <object_component id="oc-18c">
         <name>.text:TimerValueSet</name>
         <load_address>0x2000f7ae</load_address>
         <run_address>0x2000f7ae</run_address>
         <size>0x22</size>
         <input_file_ref idref="fl-f2"/>
      </object_component>
      <object_component id="oc-3eb">
         <name>.text:GPIOPinWrite</name>
         <load_address>0x2000f7d0</load_address>
         <run_address>0x2000f7d0</run_address>
         <size>0x20</size>
         <input_file_ref idref="fl-ed"/>
      </object_component>
      <object_component id="oc-4a3">
         <name>.text:IntRegister</name>
         <load_address>0x2000f7f0</load_address>
         <run_address>0x2000f7f0</run_address>
         <size>0x20</size>
         <input_file_ref idref="fl-ee"/>
      </object_component>
      <object_component id="oc-35d">
         <name>.text:NwpPrePowerOffTimout0</name>
         <load_address>0x2000f810</load_address>
         <run_address>0x2000f810</run_address>
         <size>0x20</size>
         <input_file_ref idref="fl-fe"/>
      </object_component>
      <object_component id="oc-45e">
         <name>.text:SPIDataGet</name>
         <load_address>0x2000f830</load_address>
         <run_address>0x2000f830</run_address>
         <size>0x20</size>
         <input_file_ref idref="fl-f1"/>
      </object_component>
      <object_component id="oc-88e">
         <name>.text:TimerGetCurrentTimestamp</name>
         <load_address>0x2000f850</load_address>
         <run_address>0x2000f850</run_address>
         <size>0x20</size>
         <input_file_ref idref="fl-fe"/>
      </object_component>
      <object_component id="oc-745">
         <name>.text:_SlDrvObjUnLock</name>
         <load_address>0x2000f870</load_address>
         <run_address>0x2000f870</run_address>
         <size>0x20</size>
         <input_file_ref idref="fl-f8"/>
      </object_component>
      <object_component id="oc-619">
         <name>.text:_SlDrvSyncObjSignal</name>
         <load_address>0x2000f890</load_address>
         <run_address>0x2000f890</run_address>
         <size>0x20</size>
         <input_file_ref idref="fl-f8"/>
      </object_component>
      <object_component id="oc-1e2">
         <name>.text:GPIOIntRegister</name>
         <load_address>0x2000f8b0</load_address>
         <run_address>0x2000f8b0</run_address>
         <size>0x1e</size>
         <input_file_ref idref="fl-ed"/>
      </object_component>
      <object_component id="oc-458">
         <name>.text:SPIDataPut</name>
         <load_address>0x2000f8ce</load_address>
         <run_address>0x2000f8ce</run_address>
         <size>0x1e</size>
         <input_file_ref idref="fl-f1"/>
      </object_component>
      <object_component id="oc-4d7">
         <name>.text:TimerDisable</name>
         <load_address>0x2000f8ec</load_address>
         <run_address>0x2000f8ec</run_address>
         <size>0x1e</size>
         <input_file_ref idref="fl-f2"/>
      </object_component>
      <object_component id="oc-1fa">
         <name>.text:TimerEnable</name>
         <load_address>0x2000f90a</load_address>
         <run_address>0x2000f90a</run_address>
         <size>0x1e</size>
         <input_file_ref idref="fl-f2"/>
      </object_component>
      <object_component id="oc-4c5">
         <name>.text:TimerIntStatus</name>
         <load_address>0x2000f928</load_address>
         <run_address>0x2000f928</run_address>
         <size>0x1e</size>
         <input_file_ref idref="fl-f2"/>
      </object_component>
      <object_component id="oc-29d">
         <name>.text:UARTCharPut</name>
         <load_address>0x2000f946</load_address>
         <run_address>0x2000f946</run_address>
         <size>0x1e</size>
         <input_file_ref idref="fl-f3"/>
      </object_component>
      <object_component id="oc-5b9">
         <name>.text:cc_UDMAChannelSelect</name>
         <load_address>0x2000f964</load_address>
         <run_address>0x2000f964</run_address>
         <size>0x1e</size>
         <input_file_ref idref="fl-fe"/>
      </object_component>
      <object_component id="oc-219">
         <name>.text:strcat</name>
         <load_address>0x2000f982</load_address>
         <run_address>0x2000f982</run_address>
         <size>0x1e</size>
         <input_file_ref idref="fl-d3"/>
      </object_component>
      <object_component id="oc-186">
         <name>.text:TimerValueGet</name>
         <load_address>0x2000f9a0</load_address>
         <run_address>0x2000f9a0</run_address>
         <size>0x1c</size>
         <input_file_ref idref="fl-f2"/>
      </object_component>
      <object_component id="oc-2af">
         <name>.text:UARTCharGetNonBlocking</name>
         <load_address>0x2000f9bc</load_address>
         <run_address>0x2000f9bc</run_address>
         <size>0x1c</size>
         <input_file_ref idref="fl-f3"/>
      </object_component>
      <object_component id="oc-784">
         <name>.text:_SlDrvStartMeasureTimeout</name>
         <load_address>0x2000f9d8</load_address>
         <run_address>0x2000f9d8</run_address>
         <size>0x1c</size>
         <input_file_ref idref="fl-f8"/>
      </object_component>
      <object_component id="oc-717">
         <name>.text:memccpy</name>
         <load_address>0x2000f9f4</load_address>
         <run_address>0x2000f9f4</run_address>
         <size>0x1c</size>
         <input_file_ref idref="fl-de"/>
      </object_component>
      <object_component id="oc-9bc">
         <name>.text:uDMAChannelEnable</name>
         <load_address>0x2000fa10</load_address>
         <run_address>0x2000fa10</run_address>
         <size>0x1c</size>
         <input_file_ref idref="fl-ff"/>
      </object_component>
      <object_component id="oc-1ee">
         <name>.text:GPIOIntEnable</name>
         <load_address>0x2000fa2c</load_address>
         <run_address>0x2000fa2c</run_address>
         <size>0x1a</size>
         <input_file_ref idref="fl-ed"/>
      </object_component>
      <object_component id="oc-48a">
         <name>.text:PinTypeSPI</name>
         <load_address>0x2000fa46</load_address>
         <run_address>0x2000fa46</run_address>
         <size>0x1a</size>
         <input_file_ref idref="fl-ef"/>
      </object_component>
      <object_component id="oc-490">
         <name>.text:PinTypeUART</name>
         <load_address>0x2000fa60</load_address>
         <run_address>0x2000fa60</run_address>
         <size>0x1a</size>
         <input_file_ref idref="fl-ef"/>
      </object_component>
      <object_component id="oc-66a">
         <name>.text:SPIDmaDisable</name>
         <load_address>0x2000fa7a</load_address>
         <run_address>0x2000fa7a</run_address>
         <size>0x1a</size>
         <input_file_ref idref="fl-f1"/>
      </object_component>
      <object_component id="oc-5c5">
         <name>.text:SPIDmaEnable</name>
         <load_address>0x2000fa94</load_address>
         <run_address>0x2000fa94</run_address>
         <size>0x1a</size>
         <input_file_ref idref="fl-f1"/>
      </object_component>
      <object_component id="oc-664">
         <name>.text:SPIFIFODisable</name>
         <load_address>0x2000faae</load_address>
         <run_address>0x2000faae</run_address>
         <size>0x1a</size>
         <input_file_ref idref="fl-f1"/>
      </object_component>
      <object_component id="oc-5bf">
         <name>.text:SPIFIFOEnable</name>
         <load_address>0x2000fac8</load_address>
         <run_address>0x2000fac8</run_address>
         <size>0x1a</size>
         <input_file_ref idref="fl-f1"/>
      </object_component>
      <object_component id="oc-65e">
         <name>.text:SPIIntUnregister</name>
         <load_address>0x2000fae2</load_address>
         <run_address>0x2000fae2</run_address>
         <size>0x1a</size>
         <input_file_ref idref="fl-f1"/>
      </object_component>
      <object_component id="oc-3f7">
         <name>.text:GPIOPinRead</name>
         <load_address>0x2000fafc</load_address>
         <run_address>0x2000fafc</run_address>
         <size>0x18</size>
         <input_file_ref idref="fl-ed"/>
      </object_component>
      <object_component id="oc-464">
         <name>.text:SPICSDisable</name>
         <load_address>0x2000fb14</load_address>
         <run_address>0x2000fb14</run_address>
         <size>0x18</size>
         <input_file_ref idref="fl-f1"/>
      </object_component>
      <object_component id="oc-452">
         <name>.text:SPICSEnable</name>
         <load_address>0x2000fb2c</load_address>
         <run_address>0x2000fb2c</run_address>
         <size>0x18</size>
         <input_file_ref idref="fl-f1"/>
      </object_component>
      <object_component id="oc-5ad">
         <name>.text:SPIDisable</name>
         <load_address>0x2000fb44</load_address>
         <run_address>0x2000fb44</run_address>
         <size>0x18</size>
         <input_file_ref idref="fl-f1"/>
      </object_component>
      <object_component id="oc-1ba">
         <name>.text:SPIEnable</name>
         <load_address>0x2000fb5c</load_address>
         <run_address>0x2000fb5c</run_address>
         <size>0x18</size>
         <input_file_ref idref="fl-f1"/>
      </object_component>
      <object_component id="oc-4dd">
         <name>.text:TimerIntDisable</name>
         <load_address>0x2000fb74</load_address>
         <run_address>0x2000fb74</run_address>
         <size>0x18</size>
         <input_file_ref idref="fl-f2"/>
      </object_component>
      <object_component id="oc-4bf">
         <name>.text:TimerIntEnable</name>
         <load_address>0x2000fb8c</load_address>
         <run_address>0x2000fb8c</run_address>
         <size>0x18</size>
         <input_file_ref idref="fl-f2"/>
      </object_component>
      <object_component id="oc-2a9">
         <name>.text:UARTCharsAvail</name>
         <load_address>0x2000fba4</load_address>
         <run_address>0x2000fba4</run_address>
         <size>0x18</size>
         <input_file_ref idref="fl-f3"/>
      </object_component>
      <object_component id="oc-59c">
         <name>.text:_SlNonOsSemSet</name>
         <load_address>0x2000fbbc</load_address>
         <run_address>0x2000fbbc</run_address>
         <size>0x18</size>
         <input_file_ref idref="fl-fb"/>
      </object_component>
      <object_component id="oc-564">
         <name>.text:_outc</name>
         <load_address>0x2000fbd4</load_address>
         <run_address>0x2000fbd4</run_address>
         <size>0x18</size>
         <input_file_ref idref="fl-d6"/>
      </object_component>
      <object_component id="oc-4fc">
         <name>.text:_outs</name>
         <load_address>0x2000fbec</load_address>
         <run_address>0x2000fbec</run_address>
         <size>0x18</size>
         <input_file_ref idref="fl-d2"/>
      </object_component>
      <object_component id="oc-32a">
         <name>.text:_sl_GetStartResponseConvert</name>
         <load_address>0x2000fc04</load_address>
         <run_address>0x2000fc04</run_address>
         <size>0x18</size>
         <input_file_ref idref="fl-f7"/>
      </object_component>
      <object_component id="oc-3c6">
         <name>.text:PRCMHIBRegRead</name>
         <load_address>0x2000fc1c</load_address>
         <run_address>0x2000fc1c</run_address>
         <size>0x16</size>
         <input_file_ref idref="fl-f0"/>
      </object_component>
      <object_component id="oc-3cc">
         <name>.text:PRCMHIBRegWrite</name>
         <load_address>0x2000fc32</load_address>
         <run_address>0x2000fc32</run_address>
         <size>0x16</size>
         <input_file_ref idref="fl-f0"/>
      </object_component>
      <object_component id="oc-3db">
         <name>.text:_SlDrvMemZero</name>
         <load_address>0x2000fc48</load_address>
         <run_address>0x2000fc48</run_address>
         <size>0x16</size>
         <input_file_ref idref="fl-f8"/>
      </object_component>
      <object_component id="oc-85a">
         <name>.text:strchr</name>
         <load_address>0x2000fc5e</load_address>
         <run_address>0x2000fc5e</run_address>
         <size>0x16</size>
         <input_file_ref idref="fl-df"/>
      </object_component>
      <object_component id="oc-3b5">
         <name>.text:CPUcpsie</name>
         <load_address>0x2000fc74</load_address>
         <run_address>0x2000fc74</run_address>
         <size>0x14</size>
         <input_file_ref idref="fl-f5"/>
      </object_component>
      <object_component id="oc-180">
         <name>.text:GPIOIntClear</name>
         <load_address>0x2000fc88</load_address>
         <run_address>0x2000fc88</run_address>
         <size>0x14</size>
         <input_file_ref idref="fl-ed"/>
      </object_component>
      <object_component id="oc-11e">
         <name>.text:IntVTableBaseSet</name>
         <load_address>0x2000fc9c</load_address>
         <run_address>0x2000fc9c</run_address>
         <size>0x14</size>
         <input_file_ref idref="fl-ee"/>
      </object_component>
      <object_component id="oc-20d">
         <name>.text:strcpy</name>
         <load_address>0x2000fcb0</load_address>
         <run_address>0x2000fcb0</run_address>
         <size>0x14</size>
         <input_file_ref idref="fl-d4"/>
      </object_component>
      <object_component id="oc-136">
         <name>.text:strlen</name>
         <load_address>0x2000fcc4</load_address>
         <run_address>0x2000fcc4</run_address>
         <size>0x14</size>
         <input_file_ref idref="fl-d5"/>
      </object_component>
      <object_component id="oc-4cb">
         <name>.text:TimerIntClear</name>
         <load_address>0x2000fcd8</load_address>
         <run_address>0x2000fcd8</run_address>
         <size>0x12</size>
         <input_file_ref idref="fl-f2"/>
      </object_component>
      <object_component id="oc-71d">
         <name>.text:wcslen</name>
         <load_address>0x2000fcea</load_address>
         <run_address>0x2000fcea</run_address>
         <size>0x12</size>
         <input_file_ref idref="fl-e0"/>
      </object_component>
      <object_component id="oc-97a">
         <name>.text:_SlDrvDispatchHttpServerEvents</name>
         <load_address>0x2000fcfc</load_address>
         <run_address>0x2000fcfc</run_address>
         <size>0x10</size>
         <input_file_ref idref="fl-f8"/>
      </object_component>
      <object_component id="oc-378">
         <name>.text:_SlDrvResetCmdExt</name>
         <load_address>0x2000fd0c</load_address>
         <run_address>0x2000fd0c</run_address>
         <size>0xe</size>
         <input_file_ref idref="fl-f8"/>
      </object_component>
      <object_component id="oc-18">
         <name>.text:decompress:none:__TI_decompress_none</name>
         <load_address>0x2000fd1a</load_address>
         <run_address>0x2000fd1a</run_address>
         <size>0xe</size>
         <input_file_ref idref="fl-ca"/>
      </object_component>
      <object_component id="oc-26">
         <name>.text</name>
         <load_address>0x2000fd28</load_address>
         <run_address>0x2000fd28</run_address>
         <size>0xe</size>
         <input_file_ref idref="fl-8"/>
      </object_component>
      <object_component id="oc-5eb">
         <name>.text:NwpMaskInterrupt</name>
         <load_address>0x2000fd38</load_address>
         <run_address>0x2000fd38</run_address>
         <size>0xc</size>
         <input_file_ref idref="fl-fe"/>
      </object_component>
      <object_component id="oc-605">
         <name>.text:NwpUnMaskInterrupt</name>
         <load_address>0x2000fd44</load_address>
         <run_address>0x2000fd44</run_address>
         <size>0xc</size>
         <input_file_ref idref="fl-fe"/>
      </object_component>
      <object_component id="oc-4c">
         <name>.text:decompress:ZI:__TI_zero_init</name>
         <load_address>0x2000fd50</load_address>
[...]
      <symbol id="sm-d5c">
         <name>TimerIntRegister</name>
         <value>0x2000e23d</value>
         <object_component_ref idref="oc-4b9"/>
      </symbol>
      <symbol id="sm-d5d">
         <name>TimerEnable</name>
         <value>0x2000f90b</value>
         <object_component_ref idref="oc-1fa"/>
      </symbol>
      <symbol id="sm-d5e">
         <name>TimerIntUnregister</name>
         <value>0x2000e3f5</value>
         <object_component_ref idref="oc-4e3"/>
      </symbol>
      <symbol id="sm-d5f">
         <name>TimerIntStatus</name>
         <value>0x2000f929</value>
         <object_component_ref idref="oc-4c5"/>
      </symbol>
      <symbol id="sm-d60">
         <name>TimerIntDisable</name>
         <value>0x2000fb75</value>
         <object_component_ref idref="oc-4dd"/>
      </symbol>
      <symbol id="sm-d61">
         <name>TimerValueGet</name>
         <value>0x2000f9a1</value>
         <object_component_ref idref="oc-186"/>
      </symbol>
      <symbol id="sm-d62">
         <name>TimerPrescaleSet</name>
         <value>0x2000f577</value>
         <object_component_ref idref="oc-4b3"/>
      </symbol>
      <symbol id="sm-d63">
         <name>TimerIntEnable</name>
         <value>0x2000fb8d</value>
         <object_component_ref idref="oc-4bf"/>
      </symbol>
      <symbol id="sm-d64">
         <name>TimerConfigure</name>
         <value>0x2000ee5d</value>
         <object_component_ref idref="oc-4ad"/>
      </symbol>
      <symbol id="sm-d65">
         <name>TimerIntClear</name>
         <value>0x2000fcd9</value>
         <object_component_ref idref="oc-4cb"/>
      </symbol>
      <symbol id="sm-da1">
         <name>UARTConfigSetExpClk</name>
         <value>0x2000e151</value>
         <object_component_ref idref="oc-297"/>
      </symbol>
      <symbol id="sm-da2">
         <name>UARTDisable</name>
         <value>0x2000f40d</value>
         <object_component_ref idref="oc-550"/>
      </symbol>
      <symbol id="sm-da3">
         <name>UARTCharsAvail</name>
         <value>0x2000fba5</value>
         <object_component_ref idref="oc-2a9"/>
      </symbol>
      <symbol id="sm-da4">
         <name>UARTCharGetNonBlocking</name>
         <value>0x2000f9bd</value>
         <object_component_ref idref="oc-2af"/>
      </symbol>
      <symbol id="sm-da5">
         <name>UARTCharPut</name>
         <value>0x2000f947</value>
         <object_component_ref idref="oc-29d"/>
      </symbol>
      <symbol id="sm-da6">
         <name>UARTEnable</name>
         <value>0x2000f701</value>
         <object_component_ref idref="oc-556"/>
      </symbol>
      <symbol id="sm-daa">
         <name>UtilsDelay</name>
         <value>0x2000fd81</value>
         <object_component_ref idref="oc-148"/>
      </symbol>
      <symbol id="sm-db4">
         <name>CPUcpsie</name>
         <value>0x2000fc75</value>
         <object_component_ref idref="oc-3b5"/>
      </symbol>
      <symbol id="sm-e6b">
         <name>_sl_HandleAsync_InitComplete</name>
         <value>0x2000dab1</value>
         <object_component_ref idref="oc-9c3"/>
      </symbol>
      <symbol id="sm-e6c">
         <name>_SlDrvDeviceEventHandler</name>
         <value>0x2000d29d</value>
         <object_component_ref idref="oc-966"/>
      </symbol>
      <symbol id="sm-e6d">
         <name>_sl_HandleAsync_Stop</name>
         <value>0x2000eae1</value>
         <object_component_ref idref="oc-9a2"/>
      </symbol>
      <symbol id="sm-e6e">
         <name>sl_DevSet</name>
         <value>0x2000d339</value>
         <object_component_ref idref="oc-149"/>
      </symbol>
      <symbol id="sm-e6f">
         <name>sl_Stop</name>
         <value>0x2000c159</value>
         <object_component_ref idref="oc-e1"/>
      </symbol>
      <symbol id="sm-e70">
         <name>sl_Start</name>
         <value>0x2000c429</value>
         <object_component_ref idref="oc-cf"/>
      </symbol>
      <symbol id="sm-e71">
         <name>sl_DevGet</name>
         <value>0x2000cb19</value>
         <object_component_ref idref="oc-e7"/>
      </symbol>
      <symbol id="sm-1120">
         <name>RxIrqCnt</name>
         <value>0x2002056d</value>
      </symbol>
      <symbol id="sm-1121">
         <name>g_bDeviceRestartIsRequired</name>
         <value>0x2002056e</value>
      </symbol>
      <symbol id="sm-1122">
         <name>_SlDrvProtectionObjUnLock</name>
         <value>0x2000f5f1</value>
         <object_component_ref idref="oc-415"/>
      </symbol>
      <symbol id="sm-1123">
         <name>_SlDrvBasicCmd</name>
         <value>0x2000ed89</value>
         <object_component_ref idref="oc-38f"/>
      </symbol>
      <symbol id="sm-1124">
         <name>_SlDrvObjUnLock</name>
         <value>0x2000f871</value>
         <object_component_ref idref="oc-745"/>
      </symbol>
      <symbol id="sm-1125">
         <name>_SlDrvObjLockWaitForever</name>
         <value>0x2000f691</value>
         <object_component_ref idref="oc-73f"/>
      </symbol>
      <symbol id="sm-1126">
         <name>_SlDrvMsgReadSpawnCtx</name>
         <value>0x2000c5fd</value>
         <object_component_ref idref="oc-633"/>
      </symbol>
      <symbol id="sm-1127">
         <name>_SlDrvDispatchHttpServerEvents</name>
         <value>0x2000fcfd</value>
         <object_component_ref idref="oc-97a"/>
      </symbol>
      <symbol id="sm-1128">
         <name>_SlDriverHandleError</name>
         <value>0x2000d01d</value>
         <object_component_ref idref="oc-60c"/>
      </symbol>
      <symbol id="sm-1129">
         <name>_SlDrvDriverCBDeinit</name>
         <value>0x2000bacd</value>
         <object_component_ref idref="oc-369"/>
      </symbol>
      <symbol id="sm-112a">
         <name>_SlDrvStartMeasureTimeout</name>
         <value>0x2000f9d9</value>
         <object_component_ref idref="oc-784"/>
      </symbol>
      <symbol id="sm-112b">
         <name>_SlDrvResetCmdExt</name>
         <value>0x2000fd0d</value>
         <object_component_ref idref="oc-378"/>
      </symbol>
      <symbol id="sm-112c">
         <name>_SlDrvIsTimeoutExpired</name>
         <value>0x2000da25</value>
         <object_component_ref idref="oc-78a"/>
      </symbol>
      <symbol id="sm-112d">
         <name>_SlDrvProtectAsyncRespSetting</name>
         <value>0x2000ebc9</value>
         <object_component_ref idref="oc-306"/>
      </symbol>
      <symbol id="sm-112e">
         <name>_SlDrvReleasePoolObj</name>
         <value>0x2000a35d</value>
         <object_component_ref idref="oc-324"/>
      </symbol>
      <symbol id="sm-112f">
         <name>OpcodeTranslateTable</name>
         <value>0x20010b84</value>
         <object_component_ref idref="oc-8b9"/>
      </symbol>
      <symbol id="sm-1130">
         <name>pPingCallBackFunc</name>
         <value>0x200207c0</value>
         <object_component_ref idref="oc-333"/>
      </symbol>
      <symbol id="sm-1131">
         <name>_SlDrvDriverCBInit</name>
         <value>0x2000a8b1</value>
         <object_component_ref idref="oc-2fa"/>
      </symbol>
      <symbol id="sm-1132">
         <name>g_pCB</name>
         <value>0x200207bc</value>
         <object_component_ref idref="oc-333"/>
      </symbol>
      <symbol id="sm-1133">
         <name>_SlDrvProtectionObjLockWaitForever</name>
         <value>0x2000f521</value>
         <object_component_ref idref="oc-40f"/>
      </symbol>
      <symbol id="sm-1134">
         <name>_SlDrvCmdOp</name>
         <value>0x2000cca9</value>
         <object_component_ref idref="oc-34d"/>
      </symbol>
      <symbol id="sm-1135">
         <name>_SlDrvSyncObjWaitTimeout</name>
         <value>0x2000eea1</value>
         <object_component_ref idref="oc-31e"/>
      </symbol>
      <symbol id="sm-1136">
         <name>_SlDrvGlobalObjUnLock</name>
         <value>0x2000f5c9</value>
         <object_component_ref idref="oc-646"/>
      </symbol>
      <symbol id="sm-1137">
         <name>_SlDrvMemZero</name>
         <value>0x2000fc49</value>
         <object_component_ref idref="oc-3db"/>
      </symbol>
      <symbol id="sm-1138">
         <name>_SlDrvWaitForPoolObj</name>
         <value>0x2000ac01</value>
         <object_component_ref idref="oc-409"/>
      </symbol>
      <symbol id="sm-1139">
         <name>_SlDrvSyncObjSignal</name>
         <value>0x2000f891</value>
         <object_component_ref idref="oc-619"/>
      </symbol>
      <symbol id="sm-113a">
         <name>_SlDrvDataReadOp</name>
         <value>0x20009f99</value>
         <object_component_ref idref="oc-520"/>
      </symbol>
      <symbol id="sm-113b">
         <name>_SlDrvDataWriteOp</name>
         <value>0x2000b205</value>
         <object_component_ref idref="oc-512"/>
      </symbol>
      <symbol id="sm-113c">
         <name>_SlDrvRxIrqHandler</name>
         <value>0x2000e991</value>
         <object_component_ref idref="oc-336"/>
      </symbol>
      <symbol id="sm-113d">
         <name>_SlDrvSyncObjWaitForever</name>
         <value>0x2000f619</value>
         <object_component_ref idref="oc-41b"/>
      </symbol>
      <symbol id="sm-113e">
         <name>g_SlDeviceStatus</name>
         <value>0x200207b8</value>
         <object_component_ref idref="oc-333"/>
      </symbol>
      <symbol id="sm-113f">
         <name>_SlDrvCmdSend</name>
         <value>0x2000e31d</value>
         <object_component_ref idref="oc-9cd"/>
      </symbol>
      <symbol id="sm-1140">
         <name>_SlActionLookupTable</name>
         <value>0x20010bc0</value>
         <object_component_ref idref="oc-93f"/>
      </symbol>
      <symbol id="sm-11e8">
         <name>sl_NetAppMDNSUnRegisterService</name>
         <value>0x2000e58d</value>
         <object_component_ref idref="oc-10b"/>
      </symbol>
      <symbol id="sm-11e9">
         <name>_SlNetAppSendTokenValueCmdCtrl</name>
         <value>0x20010dae</value>
         <object_component_ref idref="oc-9d3"/>
      </symbol>
      <symbol id="sm-11ea">
         <name>sl_NetAppDnsGetHostByName</name>
         <value>0x2000b5e1</value>
         <object_component_ref idref="oc-155"/>
      </symbol>
      <symbol id="sm-11eb">
         <name>_sl_HandleAsync_DnsGetHostByName</name>
         <value>0x2000d75d</value>
         <object_component_ref idref="oc-96e"/>
      </symbol>
      <symbol id="sm-11ec">
         <name>_sl_HandleAsync_PingResponse</name>
         <value>0x2000d7ed</value>
         <object_component_ref idref="oc-92b"/>
      </symbol>
      <symbol id="sm-11ed">
         <name>_SlDrvNetAppEventHandler</name>
         <value>0x2000bf59</value>
         <object_component_ref idref="oc-925"/>
      </symbol>
      <symbol id="sm-11ee">
         <name>_sl_HandleAsync_DnsGetHostByService</name>
         <value>0x2000ca4d</value>
         <object_component_ref idref="oc-974"/>
      </symbol>
      <symbol id="sm-11ef">
         <name>_sl_NetAppSendTokenValue</name>
         <value>0x2000e389</value>
         <object_component_ref idref="oc-980"/>
      </symbol>
      <symbol id="sm-11f0">
         <name>sl_NetAppMDNSRegisterUnregisterService</name>
         <value>0x2000c6e5</value>
         <object_component_ref idref="oc-3a4"/>
      </symbol>
      <symbol id="sm-1212">
         <name>sl_NetCfgSet</name>
         <value>0x2000d3d1</value>
         <object_component_ref idref="oc-ff"/>
      </symbol>
      <symbol id="sm-125a">
         <name>_SlNonOsSemSet</name>
         <value>0x2000fbbd</value>
         <object_component_ref idref="oc-59c"/>
      </symbol>
      <symbol id="sm-125b">
         <name>_SlNonOsSpawn</name>
         <value>0x2000e4c5</value>
         <object_component_ref idref="oc-62d"/>
      </symbol>
      <symbol id="sm-125c">
         <name>_SlNonOsSemGet</name>
         <value>0x2000ce1d</value>
         <object_component_ref idref="oc-5a2"/>
      </symbol>
      <symbol id="sm-125d">
         <name>_SlNonOsMainLoopTask</name>
         <value>0x2000e1c9</value>
         <object_component_ref idref="oc-d5"/>
      </symbol>
      <symbol id="sm-125e">
         <name>g__SlNonOsCB</name>
         <value>0x20020740</value>
         <object_component_ref idref="oc-348"/>
      </symbol>
      <symbol id="sm-135f">
         <name>sl_Recv</name>
         <value>0x2000d161</value>
         <object_component_ref idref="oc-22b"/>
      </symbol>
      <symbol id="sm-1360">
         <name>sl_Send</name>
         <value>0x2000b999</value>
         <object_component_ref idref="oc-21f"/>
      </symbol>
      <symbol id="sm-1361">
         <name>_sl_HandleAsync_Connect</name>
         <value>0x2000de65</value>
         <object_component_ref idref="oc-996"/>
      </symbol>
      <symbol id="sm-1362">
         <name>sl_Htonl</name>
         <value>0x2000ef6d</value>
         <object_component_ref idref="oc-161"/>
      </symbol>
      <symbol id="sm-1363">
         <name>sl_Htons</name>
         <value>0x2000f21d</value>
         <object_component_ref idref="oc-15b"/>
      </symbol>
      <symbol id="sm-1364">
         <name>sl_Connect</name>
         <value>0x2000ad91</value>
         <object_component_ref idref="oc-173"/>
      </symbol>
      <symbol id="sm-1365">
         <name>sl_Socket</name>
         <value>0x2000db3d</value>
         <object_component_ref idref="oc-167"/>
      </symbol>
      <symbol id="sm-1366">
         <name>_sl_HandleAsync_Select</name>
         <value>0x2000e9e5</value>
         <object_component_ref idref="oc-99c"/>
      </symbol>
      <symbol id="sm-1367">
         <name>sl_Close</name>
         <value>0x2000e6b9</value>
         <object_component_ref idref="oc-225"/>
      </symbol>
      <symbol id="sm-1368">
         <name>_sl_HandleAsync_Accept</name>
         <value>0x2000e529</value>
         <object_component_ref idref="oc-990"/>
      </symbol>
      <symbol id="sm-1369">
         <name>sl_SetSockOpt</name>
         <value>0x2000d469</value>
         <object_component_ref idref="oc-16d"/>
      </symbol>
      <symbol id="sm-1423">
         <name>sl_WlanDisconnect</name>
         <value>0x2000f305</value>
         <object_component_ref idref="oc-f9"/>
      </symbol>
      <symbol id="sm-1424">
         <name>sl_WlanPolicySet</name>
         <value>0x2000d87d</value>
         <object_component_ref idref="oc-ed"/>
      </symbol>
      <symbol id="sm-1425">
         <name>sl_WlanProfileDel</name>
         <value>0x2000e719</value>
         <object_component_ref idref="oc-f3"/>
      </symbol>
      <symbol id="sm-1426">
         <name>sl_WlanRxFilterSet</name>
         <value>0x2000dd5d</value>
         <object_component_ref idref="oc-117"/>
      </symbol>
      <symbol id="sm-1427">
         <name>sl_WlanConnect</name>
         <value>0x20009869</value>
         <object_component_ref idref="oc-13c"/>
      </symbol>
      <symbol id="sm-1428">
         <name>sl_WlanSet</name>
         <value>0x2000d501</value>
         <object_component_ref idref="oc-105"/>
      </symbol>
      <symbol id="sm-1429">
         <name>sl_WlanSetMode</name>
         <value>0x2000e779</value>
         <object_component_ref idref="oc-db"/>
      </symbol>
      <symbol id="sm-1549">
         <name>g_ucDinDout</name>
         <value>0x2002048c</value>
      </symbol>
      <symbol id="sm-154a">
         <name>g_cDummy</name>
         <value>0x2002056f</value>
      </symbol>
      <symbol id="sm-154b">
         <name>NwpMaskInterrupt</name>
         <value>0x2000fd39</value>
         <object_component_ref idref="oc-5eb"/>
      </symbol>
      <symbol id="sm-154c">
         <name>NwpPrePowerOffTimout0</name>
         <value>0x2000f811</value>
         <object_component_ref idref="oc-35d"/>
      </symbol>
      <symbol id="sm-154d">
         <name>NwpRegisterInterruptHandler</name>
         <value>0x2000f0b1</value>
         <object_component_ref idref="oc-312"/>
      </symbol>
      <symbol id="sm-154e">
         <name>g_pHostIntHdl</name>
         <value>0x200207e4</value>
         <object_component_ref idref="oc-5d7"/>
      </symbol>
      <symbol id="sm-154f">
         <name>simplelink_timerA2_start</name>
         <value>0x2000f1e1</value>
         <object_component_ref idref="oc-912"/>
      </symbol>
      <symbol id="sm-1550">
         <name>NwpUnMaskInterrupt</name>
         <value>0x2000fd45</value>
         <object_component_ref idref="oc-605"/>
      </symbol>
      <symbol id="sm-1551">
         <name>NwpPowerOff</name>
         <value>0x2000f295</value>
         <object_component_ref idref="oc-30c"/>
      </symbol>
      <symbol id="sm-1552">
         <name>TimerGetCurrentTimestamp</name>
         <value>0x2000f851</value>
         <object_component_ref idref="oc-88e"/>
      </symbol>
      <symbol id="sm-1553">
         <name>spi_Read</name>
         <value>0x2000c249</value>
         <object_component_ref idref="oc-8ac"/>
      </symbol>
      <symbol id="sm-1554">
         <name>DmaSpiSwIntHandler</name>
         <value>0x2000f6b9</value>
         <object_component_ref idref="oc-5dd"/>
      </symbol>
      <symbol id="sm-1555">
         <name>NwpPowerOn</name>
         <value>0x2000f49d</value>
         <object_component_ref idref="oc-318"/>
      </symbol>
      <symbol id="sm-1556">
         <name>spi_Close</name>
         <value>0x2000e0d9</value>
         <object_component_ref idref="oc-363"/>
      </symbol>
      <symbol id="sm-1557">
         <name>spi_Write</name>
         <value>0x2000d599</value>
         <object_component_ref idref="oc-7df"/>
      </symbol>
      <symbol id="sm-1558">
         <name>spi_Open</name>
         <value>0x2000b355</value>
         <object_component_ref idref="oc-300"/>
      </symbol>
      <symbol id="sm-1559">
         <name>g_ucDMAEnabled</name>
         <value>0x200207e8</value>
         <object_component_ref idref="oc-5d7"/>
      </symbol>
      <symbol id="sm-155a">
         <name>g_SpiFd</name>
         <value>0x200207e0</value>
         <object_component_ref idref="oc-5d7"/>
      </symbol>
      <symbol id="sm-15b1">
         <name>uDMAChannelControlSet</name>
         <value>0x2000f259</value>
         <object_component_ref idref="oc-9aa"/>
      </symbol>
      <symbol id="sm-15b2">
         <name>uDMAChannelAttributeEnable</name>
         <value>0x2000e655</value>
         <object_component_ref idref="oc-9b0"/>
      </symbol>
      <symbol id="sm-15b3">
         <name>uDMAChannelTransferSet</name>
         <value>0x2000c339</value>
         <object_component_ref idref="oc-9b6"/>
      </symbol>
      <symbol id="sm-15b4">
         <name>uDMAChannelAssign</name>
         <value>0x2000ecad</value>
         <object_component_ref idref="oc-798"/>
      </symbol>
      <symbol id="sm-15b5">
         <name>uDMAChannelAttributeDisable</name>
         <value>0x2000e5f1</value>
         <object_component_ref idref="oc-79e"/>
      </symbol>
      <symbol id="sm-15b6">
         <name>uDMAChannelEnable</name>
         <value>0x2000fa11</value>
         <object_component_ref idref="oc-9bc"/>
      </symbol>
      <symbol id="sm-15b7">
         <name>__TI_static_base__</name>
         <value>0x20010de8</value>
      </symbol>
      <symbol id="sm-15ba">
         <name>__mpu_init</name>
         <value>0x0</value>
      </symbol>
      <symbol id="sm-15bb">
         <name>_system_post_cinit</name>
         <value>0x0</value>
      </symbol>
   </symbol_table>
   <title>Link successful</title>
</link_info>
