<?xml version="1.0" encoding="ISO-8859-1" ?>
<link_info>
   <banner>TI ARM Linker PC v18.1.4.LTS</banner>
   <copyright>Copyright (c) 1996-2018 Texas Instruments Incorporated</copyright>
   <link_time>0x5c57bc88</link_time>
   <link_errors>0x0</link_errors>
   <output_file>int_sw.out</output_file>
   <entry_point>
      <name>_c_int00_noargs</name>
      <address>0x2000748d</address>
   </entry_point>
   <input_file_list>
      <input_file id="fl-2">
         <path>.\</path>
         <kind>object</kind>
         <file>main.obj</file>
         <name>main.obj</name>
      </input_file>
      <input_file id="fl-3">
         <path>.\</path>
         <kind>object</kind>
         <file>pin_mux_config.obj</file>
         <name>pin_mux_config.obj</name>
      </input_file>
      <input_file id="fl-4">
         <path>.\</path>
         <kind>object</kind>
         <file>startup_ccs.obj</file>
         <name>startup_ccs.obj</name>
      </input_file>
      <input_file id="fl-5">
         <path>.\</path>
         <kind>object</kind>
         <file>timer_if.obj</file>
         <name>timer_if.obj</name>
      </input_file>
      <input_file id="fl-6">
         <path>.\</path>
         <kind>object</kind>
         <file>uart_if.obj</file>
         <name>uart_if.obj</name>
      </input_file>
      <input_file id="fl-b">
         <kind>object</kind>
         <file>&lt;internal&gt;</file>
         <name>&lt;internal&gt;</name>
      </input_file>
      <input_file id="fl-c1">
         <path>C:\TI\ccsv8\tools\compiler\ti-cgt-arm_18.1.4.LTS\lib\</path>
         <kind>archive</kind>
         <file>rtsv7M4_T_le_v4SPD16_eabi.lib</file>
         <name>copy_zero_init.c.obj</name>
      </input_file>
      <input_file id="fl-c2">
         <path>C:\TI\ccsv8\tools\compiler\ti-cgt-arm_18.1.4.LTS\lib\</path>
         <kind>archive</kind>
         <file>rtsv7M4_T_le_v4SPD16_eabi.lib</file>
         <name>copy_decompress_none.c.obj</name>
      </input_file>
      <input_file id="fl-c3">
         <path>C:\TI\ccsv8\tools\compiler\ti-cgt-arm_18.1.4.LTS\lib\</path>
         <kind>archive</kind>
         <file>rtsv7M4_T_le_v4SPD16_eabi.lib</file>
         <name>copy_decompress_lzss.c.obj</name>
      </input_file>
      <input_file id="fl-c4">
         <path>C:\TI\ccsv8\tools\compiler\ti-cgt-arm_18.1.4.LTS\lib\</path>
         <kind>archive</kind>
         <file>rtsv7M4_T_le_v4SPD16_eabi.lib</file>
         <name>boot_cortex_m.c.obj</name>
      </input_file>
      <input_file id="fl-c5">
         <path>C:\TI\ccsv8\tools\compiler\ti-cgt-arm_18.1.4.LTS\lib\</path>
         <kind>archive</kind>
         <file>rtsv7M4_T_le_v4SPD16_eabi.lib</file>
         <name>exit.c.obj</name>
      </input_file>
      <input_file id="fl-c6">
         <path>C:\TI\ccsv8\tools\compiler\ti-cgt-arm_18.1.4.LTS\lib\</path>
         <kind>archive</kind>
         <file>rtsv7M4_T_le_v4SPD16_eabi.lib</file>
         <name>memory.c.obj</name>
      </input_file>
      <input_file id="fl-c7">
         <path>C:\TI\ccsv8\tools\compiler\ti-cgt-arm_18.1.4.LTS\lib\</path>
         <kind>archive</kind>
         <file>rtsv7M4_T_le_v4SPD16_eabi.lib</file>
         <name>_lock.c.obj</name>
      </input_file>
      <input_file id="fl-c8">
         <path>C:\TI\ccsv8\tools\compiler\ti-cgt-arm_18.1.4.LTS\lib\</path>
         <kind>archive</kind>
         <file>rtsv7M4_T_le_v4SPD16_eabi.lib</file>
         <name>args_main.c.obj</name>
      </input_file>
      <input_file id="fl-c9">
         <path>C:\TI\ccsv8\tools\compiler\ti-cgt-arm_18.1.4.LTS\lib\</path>
         <kind>archive</kind>
         <file>rtsv7M4_T_le_v4SPD16_eabi.lib</file>
         <name>memmov.c.obj</name>
      </input_file>
      <input_file id="fl-ca">
         <path>C:\TI\ccsv8\tools\compiler\ti-cgt-arm_18.1.4.LTS\lib\</path>
         <kind>archive</kind>
         <file>rtsv7M4_T_le_v4SPD16_eabi.lib</file>
         <name>strlen.c.obj</name>
      </input_file>
      <input_file id="fl-cb">
         <path>C:\TI\ccsv8\tools\compiler\ti-cgt-arm_18.1.4.LTS\lib\</path>
         <kind>archive</kind>
         <file>rtsv7M4_T_le_v4SPD16_eabi.lib</file>
         <name>vsnprintf.c.obj</name>
      </input_file>
      <input_file id="fl-cc">
         <path>C:\TI\ccsv8\tools\compiler\ti-cgt-arm_18.1.4.LTS\lib\</path>
         <kind>archive</kind>
         <file>rtsv7M4_T_le_v4SPD16_eabi.lib</file>
         <name>memcpy_t2.asm.obj</name>
      </input_file>
      <input_file id="fl-cd">
         <path>C:\TI\ccsv8\tools\compiler\ti-cgt-arm_18.1.4.LTS\lib\</path>
         <kind>archive</kind>
         <file>rtsv7M4_T_le_v4SPD16_eabi.lib</file>
         <name>memset_t2.asm.obj</name>
      </input_file>
      <input_file id="fl-ce">
         <path>C:\TI\ccsv8\tools\compiler\ti-cgt-arm_18.1.4.LTS\lib\</path>
         <kind>archive</kind>
         <file>rtsv7M4_T_le_v4SPD16_eabi.lib</file>
         <name>autoinit.c.obj</name>
      </input_file>
      <input_file id="fl-cf">
         <path>C:\TI\ccsv8\tools\compiler\ti-cgt-arm_18.1.4.LTS\lib\</path>
         <kind>archive</kind>
         <file>rtsv7M4_T_le_v4SPD16_eabi.lib</file>
         <name>pre_init.c.obj</name>
      </input_file>
      <input_file id="fl-d0">
         <path>C:\TI\ccsv8\tools\compiler\ti-cgt-arm_18.1.4.LTS\lib\</path>
         <kind>archive</kind>
         <file>rtsv7M4_T_le_v4SPD16_eabi.lib</file>
         <name>cpy_tbl.c.obj</name>
      </input_file>
      <input_file id="fl-d1">
         <path>C:\TI\ccsv8\tools\compiler\ti-cgt-arm_18.1.4.LTS\lib\</path>
         <kind>archive</kind>
         <file>rtsv7M4_T_le_v4SPD16_eabi.lib</file>
         <name>_printfi.c.obj</name>
      </input_file>
      <input_file id="fl-d2">
         <path>C:\TI\ccsv8\tools\compiler\ti-cgt-arm_18.1.4.LTS\lib\</path>
         <kind>archive</kind>
         <file>rtsv7M4_T_le_v4SPD16_eabi.lib</file>
         <name>atoi.c.obj</name>
      </input_file>
      <input_file id="fl-d3">
         <path>C:\TI\ccsv8\tools\compiler\ti-cgt-arm_18.1.4.LTS\lib\</path>
         <kind>archive</kind>
         <file>rtsv7M4_T_le_v4SPD16_eabi.lib</file>
         <name>ctype.c.obj</name>
      </input_file>
      <input_file id="fl-d4">
         <path>C:\TI\ccsv8\tools\compiler\ti-cgt-arm_18.1.4.LTS\lib\</path>
         <kind>archive</kind>
         <file>rtsv7M4_T_le_v4SPD16_eabi.lib</file>
         <name>ltoa.c.obj</name>
      </input_file>
      <input_file id="fl-d5">
         <path>C:\TI\ccsv8\tools\compiler\ti-cgt-arm_18.1.4.LTS\lib\</path>
         <kind>archive</kind>
         <file>rtsv7M4_T_le_v4SPD16_eabi.lib</file>
         <name>memccpy.c.obj</name>
      </input_file>
      <input_file id="fl-d6">
         <path>C:\TI\ccsv8\tools\compiler\ti-cgt-arm_18.1.4.LTS\lib\</path>
         <kind>archive</kind>
         <file>rtsv7M4_T_le_v4SPD16_eabi.lib</file>
         <name>strchr.c.obj</name>
      </input_file>
      <input_file id="fl-d7">
         <path>C:\TI\ccsv8\tools\compiler\ti-cgt-arm_18.1.4.LTS\lib\</path>
         <kind>archive</kind>
         <file>rtsv7M4_T_le_v4SPD16_eabi.lib</file>
         <name>wcslen.c.obj</name>
      </input_file>
      <input_file id="fl-d8">
         <path>C:\TI\ccsv8\tools\compiler\ti-cgt-arm_18.1.4.LTS\lib\</path>
         <kind>archive</kind>
         <file>rtsv7M4_T_le_v4SPD16_eabi.lib</file>
         <name>s_frexp.c.obj</name>
      </input_file>
      <input_file id="fl-d9">
         <path>C:\TI\ccsv8\tools\compiler\ti-cgt-arm_18.1.4.LTS\lib\</path>
         <kind>archive</kind>
         <file>rtsv7M4_T_le_v4SPD16_eabi.lib</file>
         <name>s_scalbn.c.obj</name>
      </input_file>
      <input_file id="fl-da">
         <path>C:\TI\ccsv8\tools\compiler\ti-cgt-arm_18.1.4.LTS\lib\</path>
         <kind>archive</kind>
         <file>rtsv7M4_T_le_v4SPD16_eabi.lib</file>
         <name>fd_add_t2.asm.obj</name>
      </input_file>
      <input_file id="fl-db">
         <path>C:\TI\ccsv8\tools\compiler\ti-cgt-arm_18.1.4.LTS\lib\</path>
         <kind>archive</kind>
         <file>rtsv7M4_T_le_v4SPD16_eabi.lib</file>
         <name>fd_cmp_t2.asm.obj</name>
      </input_file>
      <input_file id="fl-dc">
         <path>C:\TI\ccsv8\tools\compiler\ti-cgt-arm_18.1.4.LTS\lib\</path>
         <kind>archive</kind>
         <file>rtsv7M4_T_le_v4SPD16_eabi.lib</file>
         <name>fd_div_t2.asm.obj</name>
      </input_file>
      <input_file id="fl-dd">
         <path>C:\TI\ccsv8\tools\compiler\ti-cgt-arm_18.1.4.LTS\lib\</path>
         <kind>archive</kind>
         <file>rtsv7M4_T_le_v4SPD16_eabi.lib</file>
         <name>fd_mul_t2.asm.obj</name>
      </input_file>
      <input_file id="fl-de">
         <path>C:\TI\ccsv8\tools\compiler\ti-cgt-arm_18.1.4.LTS\lib\</path>
         <kind>archive</kind>
         <file>rtsv7M4_T_le_v4SPD16_eabi.lib</file>
         <name>fd_toi_t2.asm.obj</name>
      </input_file>
      <input_file id="fl-df">
         <path>C:\TI\ccsv8\tools\compiler\ti-cgt-arm_18.1.4.LTS\lib\</path>
         <kind>archive</kind>
         <file>rtsv7M4_T_le_v4SPD16_eabi.lib</file>
         <name>i_tofd_t2.asm.obj</name>
      </input_file>
      <input_file id="fl-e0">
         <path>C:\TI\ccsv8\tools\compiler\ti-cgt-arm_18.1.4.LTS\lib\</path>
         <kind>archive</kind>
         <file>rtsv7M4_T_le_v4SPD16_eabi.lib</file>
         <name>ull_div_t2.asm.obj</name>
      </input_file>
      <input_file id="fl-e1">
         <path>C:\TI\ccsv8\tools\compiler\ti-cgt-arm_18.1.4.LTS\lib\</path>
         <kind>archive</kind>
         <file>rtsv7M4_T_le_v4SPD16_eabi.lib</file>
         <name>errno.c.obj</name>
      </input_file>
      <input_file id="fl-e2">
         <path>C:\TI\ccsv8\tools\compiler\ti-cgt-arm_18.1.4.LTS\lib\</path>
         <kind>archive</kind>
         <file>rtsv7M4_T_le_v4SPD16_eabi.lib</file>
         <name>s_copysign.c.obj</name>
      </input_file>
      <input_file id="fl-e3">
         <path>C:\TI\ccsv8\tools\compiler\ti-cgt-arm_18.1.4.LTS\lib\</path>
         <kind>archive</kind>
         <file>rtsv7M4_T_le_v4SPD16_eabi.lib</file>
         <name>div0.asm.obj</name>
      </input_file>
      <input_file id="fl-e4">
         <path>C:\ti\CC3200SDK_1.3.0\cc3200-sdk\driverlib\ccs\Release\</path>
         <kind>archive</kind>
         <file>driverlib.a</file>
         <name>gpio.obj</name>
      </input_file>
      <input_file id="fl-e5">
         <path>C:\ti\CC3200SDK_1.3.0\cc3200-sdk\driverlib\ccs\Release\</path>
         <kind>archive</kind>
         <file>driverlib.a</file>
         <name>interrupt.obj</name>
      </input_file>
      <input_file id="fl-e6">
         <path>C:\ti\CC3200SDK_1.3.0\cc3200-sdk\driverlib\ccs\Release\</path>
         <kind>archive</kind>
         <file>driverlib.a</file>
         <name>pin.obj</name>
      </input_file>
      <input_file id="fl-e7">
         <path>C:\ti\CC3200SDK_1.3.0\cc3200-sdk\driverlib\ccs\Release\</path>
         <kind>archive</kind>
         <file>driverlib.a</file>
         <name>prcm.obj</name>
      </input_file>
      <input_file id="fl-e8">
         <path>C:\ti\CC3200SDK_1.3.0\cc3200-sdk\driverlib\ccs\Release\</path>
         <kind>archive</kind>
         <file>driverlib.a</file>
         <name>timer.obj</name>
      </input_file>
      <input_file id="fl-e9">
         <path>C:\ti\CC3200SDK_1.3.0\cc3200-sdk\driverlib\ccs\Release\</path>
         <kind>archive</kind>
         <file>driverlib.a</file>
         <name>uart.obj</name>
      </input_file>
      <input_file id="fl-ea">
         <path>C:\ti\CC3200SDK_1.3.0\cc3200-sdk\driverlib\ccs\Release\</path>
         <kind>archive</kind>
         <file>driverlib.a</file>
         <name>utils.obj</name>
      </input_file>
      <input_file id="fl-eb">
         <path>C:\ti\CC3200SDK_1.3.0\cc3200-sdk\driverlib\ccs\Release\</path>
         <kind>archive</kind>
         <file>driverlib.a</file>
         <name>cpu.obj</name>
      </input_file>
      <input_file id="fl-ec">
         <path>C:\ti\CC3200SDK_1.3.0\cc3200-sdk\driverlib\ccs\Release\</path>
         <kind>archive</kind>
         <file>driverlib.a</file>
         <name>flash.obj</name>
      </input_file>
   </input_file_list>
   <object_component_list>
      <object_component id="oc-f">
         <name>.intvecs</name>
         <load_address>0x20004000</load_address>
         <run_address>0x20004000</run_address>
         <size>0x400</size>
         <input_file_ref idref="fl-4"/>
      </object_component>
      <object_component id="oc-2c0">
         <name>.text:__TI_printfi</name>
         <load_address>0x20004400</load_address>
         <run_address>0x20004400</run_address>
         <size>0xa5e</size>
         <input_file_ref idref="fl-d1"/>
      </object_component>
      <object_component id="oc-34e">
         <name>.text:IntDefaultHandler</name>
         <load_address>0x20004e5e</load_address>
         <run_address>0x20004e5e</run_address>
         <size>0x2</size>
         <input_file_ref idref="fl-e5"/>
      </object_component>
      <object_component id="oc-94">
         <name>.text</name>
         <load_address>0x20004e60</load_address>
         <run_address>0x20004e60</run_address>
         <size>0x488</size>
         <input_file_ref idref="fl-2"/>
      </object_component>
      <object_component id="oc-e0">
         <name>.text</name>
         <load_address>0x200052e8</load_address>
         <run_address>0x200052e8</run_address>
         <size>0x280</size>
         <input_file_ref idref="fl-6"/>
      </object_component>
      <object_component id="oc-37a">
         <name>.text:_pconv_a</name>
         <load_address>0x20005568</load_address>
         <run_address>0x20005568</run_address>
         <size>0x270</size>
         <input_file_ref idref="fl-d1"/>
      </object_component>
      <object_component id="oc-368">
         <name>.text:_pconv_g</name>
         <load_address>0x200057d8</load_address>
         <run_address>0x200057d8</run_address>
         <size>0x1d0</size>
         <input_file_ref idref="fl-d1"/>
      </object_component>
      <object_component id="oc-3ec">
         <name>.text</name>
         <load_address>0x200059a8</load_address>
         <run_address>0x200059a8</run_address>
         <size>0x1b6</size>
         <input_file_ref idref="fl-da"/>
      </object_component>
      <object_component id="oc-321">
         <name>.text:_nop</name>
         <load_address>0x20005b5e</load_address>
         <run_address>0x20005b5e</run_address>
         <size>0x2</size>
         <input_file_ref idref="fl-c7"/>
      </object_component>
      <object_component id="oc-ce">
         <name>.text</name>
         <load_address>0x20005b60</load_address>
         <run_address>0x20005b60</run_address>
         <size>0x198</size>
         <input_file_ref idref="fl-5"/>
      </object_component>
      <object_component id="oc-f8">
         <name>.text:PRCMCC3200MCUInit</name>
         <load_address>0x20005cf8</load_address>
         <run_address>0x20005cf8</run_address>
         <size>0x178</size>
         <input_file_ref idref="fl-e7"/>
      </object_component>
      <object_component id="oc-374">
         <name>.text:_pconv_e</name>
         <load_address>0x20005e70</load_address>
         <run_address>0x20005e70</run_address>
         <size>0x13c</size>
         <input_file_ref idref="fl-d1"/>
      </object_component>
      <object_component id="oc-3d2">
         <name>.text</name>
         <load_address>0x20005fac</load_address>
         <run_address>0x20005fac</run_address>
         <size>0x136</size>
         <input_file_ref idref="fl-dc"/>
      </object_component>
      <object_component id="oc-440">
         <name>.text</name>
         <load_address>0x200060e2</load_address>
         <run_address>0x200060e2</run_address>
         <size>0x2</size>
         <input_file_ref idref="fl-e3"/>
      </object_component>
      <object_component id="oc-3fe">
         <name>.text:fcvt</name>
         <load_address>0x200060e4</load_address>
         <run_address>0x200060e4</run_address>
         <size>0x124</size>
         <input_file_ref idref="fl-d1"/>
      </object_component>
      <object_component id="oc-1f6">
         <name>.text:realloc</name>
         <load_address>0x20006208</load_address>
         <run_address>0x20006208</run_address>
         <size>0x114</size>
         <input_file_ref idref="fl-c6"/>
      </object_component>
      <object_component id="oc-412">
         <name>.text:scalbn</name>
         <load_address>0x2000631c</load_address>
         <run_address>0x2000631c</run_address>
         <size>0x110</size>
         <input_file_ref idref="fl-d9"/>
      </object_component>
      <object_component id="oc-3cd">
         <name>.text</name>
         <load_address>0x2000642c</load_address>
         <run_address>0x2000642c</run_address>
         <size>0xfc</size>
         <input_file_ref idref="fl-dd"/>
      </object_component>
      <object_component id="oc-102">
         <name>.text</name>
         <load_address>0x20006528</load_address>
         <run_address>0x20006528</run_address>
         <size>0xe2</size>
         <input_file_ref idref="fl-3"/>
      </object_component>
      <object_component id="oc-1fc">
         <name>.text:free</name>
         <load_address>0x2000660c</load_address>
         <run_address>0x2000660c</run_address>
         <size>0xd8</size>
         <input_file_ref idref="fl-c6"/>
      </object_component>
      <object_component id="oc-35d">
         <name>.text:_ltostr</name>
         <load_address>0x200066e4</load_address>
         <run_address>0x200066e4</run_address>
         <size>0xb1</size>
         <input_file_ref idref="fl-d1"/>
      </object_component>
      <object_component id="oc-2a2">
         <name>.text:IntDisable</name>
         <load_address>0x20006798</load_address>
         <run_address>0x20006798</run_address>
         <size>0xa8</size>
         <input_file_ref idref="fl-e5"/>
      </object_component>
      <object_component id="oc-f2">
         <name>.text:IntEnable</name>
         <load_address>0x20006840</load_address>
         <run_address>0x20006840</run_address>
         <size>0xa8</size>
         <input_file_ref idref="fl-e5"/>
      </object_component>
      <object_component id="oc-3a">
         <name>.text</name>
         <load_address>0x200068e8</load_address>
         <run_address>0x200068e8</run_address>
         <size>0x9c</size>
         <input_file_ref idref="fl-cc"/>
      </object_component>
      <object_component id="oc-3c6">
         <name>.text</name>
         <load_address>0x20006984</load_address>
         <run_address>0x20006984</run_address>
         <size>0x96</size>
         <input_file_ref idref="fl-e0"/>
      </object_component>
      <object_component id="oc-1c0">
         <name>.text:PRCMPeripheralClockGet</name>
         <load_address>0x20006a1c</load_address>
         <run_address>0x20006a1c</run_address>
         <size>0x94</size>
         <input_file_ref idref="fl-e7"/>
      </object_component>
      <object_component id="oc-312">
         <name>.text:PinConfigSet</name>
         <load_address>0x20006ab0</load_address>
         <run_address>0x20006ab0</run_address>
         <size>0x88</size>
         <input_file_ref idref="fl-e6"/>
      </object_component>
      <object_component id="oc-363">
         <name>.text:__aeabi_cdcmple</name>
         <load_address>0x20006b38</load_address>
         <run_address>0x20006b38</run_address>
         <size>0x86</size>
         <input_file_ref idref="fl-db"/>
      </object_component>
      <object_component id="oc-3d7">
         <name>.text:__aeabi_cdrcmple</name>
         <load_address>0x20006bbe</load_address>
         <run_address>0x20006bbe</run_address>
         <size>0x86</size>
         <input_file_ref idref="fl-db"/>
      </object_component>
      <object_component id="oc-10e">
         <name>.text:GPIOIntTypeSet</name>
         <load_address>0x20006c44</load_address>
         <run_address>0x20006c44</run_address>
         <size>0x82</size>
         <input_file_ref idref="fl-e4"/>
      </object_component>
      <object_component id="oc-88">
         <name>.text</name>
         <load_address>0x20006cc6</load_address>
         <run_address>0x20006cc6</run_address>
         <size>0x7a</size>
         <input_file_ref idref="fl-cd"/>
      </object_component>
      <object_component id="oc-1f0">
         <name>.text:malloc</name>
         <load_address>0x20006d40</load_address>
         <run_address>0x20006d40</run_address>
         <size>0x78</size>
         <input_file_ref idref="fl-c6"/>
      </object_component>
      <object_component id="oc-1c6">
         <name>.text:UARTConfigSetExpClk</name>
         <load_address>0x20006db8</load_address>
         <run_address>0x20006db8</run_address>
         <size>0x76</size>
         <input_file_ref idref="fl-e9"/>
      </object_component>
      <object_component id="oc-18c">
         <name>.text:TimerIntRegister</name>
         <load_address>0x20006e30</load_address>
         <run_address>0x20006e30</run_address>
         <size>0x70</size>
         <input_file_ref idref="fl-e8"/>
      </object_component>
      <object_component id="oc-3f7">
         <name>.text:_mcpy</name>
         <load_address>0x20006ea0</load_address>
         <run_address>0x20006ea0</run_address>
         <size>0x6e</size>
         <input_file_ref idref="fl-d1"/>
      </object_component>
      <object_component id="oc-1b6">
         <name>.text:TimerIntUnregister</name>
         <load_address>0x20006f10</load_address>
         <run_address>0x20006f10</run_address>
         <size>0x68</size>
         <input_file_ref idref="fl-e8"/>
      </object_component>
      <object_component id="oc-12">
         <name>.text:decompress:lzss:__TI_decompress_lzss</name>
         <load_address>0x20006f78</load_address>
         <run_address>0x20006f78</run_address>
         <size>0x68</size>
         <input_file_ref idref="fl-c3"/>
      </object_component>
      <object_component id="oc-40c">
         <name>.text:frexp</name>
         <load_address>0x20006fe0</load_address>
         <run_address>0x20006fe0</run_address>
         <size>0x64</size>
         <input_file_ref idref="fl-d8"/>
      </object_component>
      <object_component id="oc-17a">
         <name>.text:PRCMPeripheralReset</name>
         <load_address>0x20007044</load_address>
         <run_address>0x20007044</run_address>
         <size>0x58</size>
         <input_file_ref idref="fl-e7"/>
      </object_component>
      <object_component id="oc-36e">
         <name>.text:_pconv_f</name>
         <load_address>0x2000709c</load_address>
         <run_address>0x2000709c</run_address>
         <size>0x56</size>
         <input_file_ref idref="fl-d1"/>
      </object_component>
      <object_component id="oc-186">
         <name>.text:IntPrioritySet</name>
         <load_address>0x200070f4</load_address>
         <run_address>0x200070f4</run_address>
         <size>0x54</size>
         <input_file_ref idref="fl-e5"/>
      </object_component>
      <object_component id="oc-3e1">
         <name>.text:ltoa</name>
         <load_address>0x20007148</load_address>
         <run_address>0x20007148</run_address>
         <size>0x54</size>
         <input_file_ref idref="fl-d4"/>
      </object_component>
      <object_component id="oc-3f1">
         <name>.text:_ecpy</name>
         <load_address>0x2000719c</load_address>
         <run_address>0x2000719c</run_address>
         <size>0x52</size>
         <input_file_ref idref="fl-d1"/>
      </object_component>
      <object_component id="oc-357">
         <name>.text:atoi</name>
         <load_address>0x200071f0</load_address>
         <run_address>0x200071f0</run_address>
         <size>0x4c</size>
         <input_file_ref idref="fl-d2"/>
      </object_component>
      <object_component id="oc-256">
         <name>.text:GPIOGetIntNumber</name>
         <load_address>0x2000723c</load_address>
         <run_address>0x2000723c</run_address>
         <size>0x48</size>
         <input_file_ref idref="fl-e4"/>
      </object_component>
      <object_component id="oc-3dc">
         <name>.text</name>
         <load_address>0x20007284</load_address>
         <run_address>0x20007284</run_address>
         <size>0x48</size>
         <input_file_ref idref="fl-de"/>
      </object_component>
      <object_component id="oc-11a">
         <name>.text:TimerConfigure</name>
         <load_address>0x200072cc</load_address>
         <run_address>0x200072cc</run_address>
         <size>0x44</size>
         <input_file_ref idref="fl-e8"/>
      </object_component>
      <object_component id="oc-13b">
         <name>.text:__TI_auto_init_nobinit_nopinit:__TI_auto_init_nobinit_nopinit</name>
         <load_address>0x20007310</load_address>
         <run_address>0x20007310</run_address>
         <size>0x44</size>
         <input_file_ref idref="fl-ce"/>
      </object_component>
      <object_component id="oc-23d">
         <name>.text:PinModeSet</name>
         <load_address>0x20007354</load_address>
         <run_address>0x20007354</run_address>
         <size>0x40</size>
         <input_file_ref idref="fl-e6"/>
      </object_component>
      <object_component id="oc-1d2">
         <name>.text:vsnprintf</name>
         <load_address>0x20007394</load_address>
         <run_address>0x20007394</run_address>
         <size>0x40</size>
         <input_file_ref idref="fl-cb"/>
      </object_component>
      <object_component id="oc-404">
         <name>.text:_fcpy</name>
         <load_address>0x200073d4</load_address>
         <run_address>0x200073d4</run_address>
         <size>0x3e</size>
         <input_file_ref idref="fl-d1"/>
      </object_component>
      <object_component id="oc-174">
         <name>.text:PRCMPeripheralClkEnable</name>
         <load_address>0x20007414</load_address>
         <run_address>0x20007414</run_address>
         <size>0x3c</size>
         <input_file_ref idref="fl-e7"/>
      </object_component>
      <object_component id="oc-2f0">
         <name>.text:minsert</name>
         <load_address>0x20007450</load_address>
         <run_address>0x20007450</run_address>
         <size>0x3c</size>
         <input_file_ref idref="fl-c6"/>
      </object_component>
      <object_component id="oc-58">
         <name>.text:_c_int00_noargs:_c_int00_noargs</name>
         <load_address>0x2000748c</load_address>
         <run_address>0x2000748c</run_address>
         <size>0x38</size>
         <input_file_ref idref="fl-c4"/>
      </object_component>
      <object_component id="oc-2e4">
         <name>.text:minit</name>
         <load_address>0x200074c4</load_address>
         <run_address>0x200074c4</run_address>
         <size>0x38</size>
         <input_file_ref idref="fl-c6"/>
      </object_component>
      <object_component id="oc-249">
         <name>.text:GPIODirModeSet</name>
         <load_address>0x200074fc</load_address>
         <run_address>0x200074fc</run_address>
         <size>0x36</size>
         <input_file_ref idref="fl-e4"/>
      </object_component>
      <object_component id="oc-243">
         <name>.text:PinTypeGPIO</name>
         <load_address>0x20007532</load_address>
         <run_address>0x20007532</run_address>
         <size>0x30</size>
         <input_file_ref idref="fl-e6"/>
      </object_component>
      <object_component id="oc-2b2">
         <name>.text:UARTDisable</name>
         <load_address>0x20007564</load_address>
         <run_address>0x20007564</run_address>
         <size>0x30</size>
         <input_file_ref idref="fl-e9"/>
      </object_component>
      <object_component id="oc-2c6">
         <name>.text:_outs</name>
         <load_address>0x20007594</load_address>
         <run_address>0x20007594</run_address>
         <size>0x30</size>
         <input_file_ref idref="fl-cb"/>
      </object_component>
      <object_component id="oc-3e7">
         <name>.text</name>
         <load_address>0x200075c4</load_address>
         <run_address>0x200075c4</run_address>
         <size>0x2e</size>
         <input_file_ref idref="fl-df"/>
      </object_component>
      <object_component id="oc-21d">
         <name>.text:PRCMSysResetCauseGet</name>
         <load_address>0x200075f4</load_address>
         <run_address>0x200075f4</run_address>
         <size>0x2c</size>
         <input_file_ref idref="fl-e7"/>
      </object_component>
      <object_component id="oc-1a4">
         <name>.text:TimerLoadSet</name>
         <load_address>0x20007620</load_address>
         <run_address>0x20007620</run_address>
         <size>0x2a</size>
         <input_file_ref idref="fl-e8"/>
      </object_component>
      <object_component id="oc-180">
         <name>.text:TimerPrescaleSet</name>
         <load_address>0x2000764a</load_address>
         <run_address>0x2000764a</run_address>
         <size>0x2a</size>
         <input_file_ref idref="fl-e8"/>
      </object_component>
      <object_component id="oc-22f">
         <name>.text:PRCMPeripheralClkDisable</name>
         <load_address>0x20007674</load_address>
         <run_address>0x20007674</run_address>
         <size>0x28</size>
         <input_file_ref idref="fl-e7"/>
      </object_component>
      <object_component id="oc-2ea">
         <name>.text:mremove</name>
         <load_address>0x2000769c</load_address>
         <run_address>0x2000769c</run_address>
         <size>0x28</size>
         <input_file_ref idref="fl-c6"/>
      </object_component>
      <object_component id="oc-2a8">
         <name>.text:IntUnregister</name>
         <load_address>0x200076c4</load_address>
         <run_address>0x200076c4</run_address>
         <size>0x24</size>
         <input_file_ref idref="fl-e5"/>
      </object_component>
      <object_component id="oc-2b8">
         <name>.text:UARTEnable</name>
         <load_address>0x200076e8</load_address>
         <run_address>0x200076e8</run_address>
         <size>0x24</size>
         <input_file_ref idref="fl-e9"/>
      </object_component>
      <object_component id="oc-1ea">
         <name>.text:memmove</name>
         <load_address>0x2000770c</load_address>
         <run_address>0x2000770c</run_address>
         <size>0x24</size>
         <input_file_ref idref="fl-c9"/>
      </object_component>
      <object_component id="oc-c2">
         <name>.text:GPIOIntStatus</name>
         <load_address>0x20007730</load_address>
         <run_address>0x20007730</run_address>
         <size>0x22</size>
         <input_file_ref idref="fl-e4"/>
      </object_component>
      <object_component id="oc-da">
         <name>.text:TimerValueSet</name>
         <load_address>0x20007752</load_address>
         <run_address>0x20007752</run_address>
         <size>0x22</size>
         <input_file_ref idref="fl-e8"/>
      </object_component>
      <object_component id="oc-25c">
         <name>.text:IntRegister</name>
         <load_address>0x20007774</load_address>
         <run_address>0x20007774</run_address>
         <size>0x20</size>
         <input_file_ref idref="fl-e5"/>
      </object_component>
      <object_component id="oc-108">
         <name>.text:GPIOIntRegister</name>
         <load_address>0x20007794</load_address>
         <run_address>0x20007794</run_address>
         <size>0x1e</size>
         <input_file_ref idref="fl-e4"/>
      </object_component>
      <object_component id="oc-1aa">
         <name>.text:TimerDisable</name>
         <load_address>0x200077b2</load_address>
         <run_address>0x200077b2</run_address>
         <size>0x1e</size>
         <input_file_ref idref="fl-e8"/>
      </object_component>
      <object_component id="oc-120">
         <name>.text:TimerEnable</name>
         <load_address>0x200077d0</load_address>
         <run_address>0x200077d0</run_address>
         <size>0x1e</size>
         <input_file_ref idref="fl-e8"/>
      </object_component>
      <object_component id="oc-198">
         <name>.text:TimerIntStatus</name>
         <load_address>0x200077ee</load_address>
         <run_address>0x200077ee</run_address>
         <size>0x1e</size>
         <input_file_ref idref="fl-e8"/>
      </object_component>
      <object_component id="oc-1cc">
         <name>.text:UARTCharPut</name>
         <load_address>0x2000780c</load_address>
         <run_address>0x2000780c</run_address>
         <size>0x1e</size>
         <input_file_ref idref="fl-e9"/>
      </object_component>
      <object_component id="oc-d4">
         <name>.text:TimerValueGet</name>
         <load_address>0x2000782a</load_address>
         <run_address>0x2000782a</run_address>
         <size>0x1c</size>
         <input_file_ref idref="fl-e8"/>
      </object_component>
      <object_component id="oc-1de">
         <name>.text:UARTCharGetNonBlocking</name>
         <load_address>0x20007846</load_address>
         <run_address>0x20007846</run_address>
         <size>0x1c</size>
         <input_file_ref idref="fl-e9"/>
      </object_component>
      <object_component id="oc-380">
         <name>.text:memccpy</name>
         <load_address>0x20007862</load_address>
         <run_address>0x20007862</run_address>
         <size>0x1c</size>
         <input_file_ref idref="fl-d5"/>
      </object_component>
      <object_component id="oc-114">
         <name>.text:GPIOIntEnable</name>
         <load_address>0x2000787e</load_address>
         <run_address>0x2000787e</run_address>
         <size>0x1a</size>
         <input_file_ref idref="fl-e4"/>
      </object_component>
      <object_component id="oc-24f">
         <name>.text:PinTypeUART</name>
         <load_address>0x20007898</load_address>
         <run_address>0x20007898</run_address>
         <size>0x1a</size>
         <input_file_ref idref="fl-e6"/>
      </object_component>
      <object_component id="oc-1b0">
         <name>.text:TimerIntDisable</name>
         <load_address>0x200078b2</load_address>
         <run_address>0x200078b2</run_address>
         <size>0x18</size>
         <input_file_ref idref="fl-e8"/>
      </object_component>
      <object_component id="oc-192">
         <name>.text:TimerIntEnable</name>
         <load_address>0x200078ca</load_address>
         <run_address>0x200078ca</run_address>
         <size>0x18</size>
         <input_file_ref idref="fl-e8"/>
      </object_component>
      <object_component id="oc-1d8">
         <name>.text:UARTCharsAvail</name>
         <load_address>0x200078e2</load_address>
         <run_address>0x200078e2</run_address>
         <size>0x18</size>
         <input_file_ref idref="fl-e9"/>
      </object_component>
      <object_component id="oc-2cc">
         <name>.text:_outc</name>
         <load_address>0x200078fa</load_address>
         <run_address>0x200078fa</run_address>
         <size>0x18</size>
         <input_file_ref idref="fl-cb"/>
      </object_component>
      <object_component id="oc-223">
         <name>.text:PRCMHIBRegRead</name>
         <load_address>0x20007912</load_address>
         <run_address>0x20007912</run_address>
         <size>0x16</size>
         <input_file_ref idref="fl-e7"/>
      </object_component>
      <object_component id="oc-229">
         <name>.text:PRCMHIBRegWrite</name>
         <load_address>0x20007928</load_address>
         <run_address>0x20007928</run_address>
         <size>0x16</size>
         <input_file_ref idref="fl-e7"/>
      </object_component>
      <object_component id="oc-418">
         <name>.text:strchr</name>
         <load_address>0x2000793e</load_address>
         <run_address>0x2000793e</run_address>
         <size>0x16</size>
         <input_file_ref idref="fl-d6"/>
      </object_component>
      <object_component id="oc-212">
         <name>.text:CPUcpsie</name>
         <load_address>0x20007954</load_address>
         <run_address>0x20007954</run_address>
         <size>0x14</size>
         <input_file_ref idref="fl-eb"/>
      </object_component>
      <object_component id="oc-c8">
         <name>.text:GPIOIntClear</name>
         <load_address>0x20007968</load_address>
         <run_address>0x20007968</run_address>
         <size>0x14</size>
         <input_file_ref idref="fl-e4"/>
      </object_component>
      <object_component id="oc-e6">
         <name>.text:IntVTableBaseSet</name>
         <load_address>0x2000797c</load_address>
         <run_address>0x2000797c</run_address>
         <size>0x14</size>
         <input_file_ref idref="fl-e5"/>
      </object_component>
      <object_component id="oc-459">
         <name>.text:copysign</name>
         <load_address>0x20007990</load_address>
         <run_address>0x20007990</run_address>
         <size>0x14</size>
         <input_file_ref idref="fl-e2"/>
      </object_component>
      <object_component id="oc-1e4">
         <name>.text:strlen</name>
         <load_address>0x200079a4</load_address>
         <run_address>0x200079a4</run_address>
         <size>0x14</size>
         <input_file_ref idref="fl-ca"/>
      </object_component>
      <object_component id="oc-19e">
         <name>.text:TimerIntClear</name>
         <load_address>0x200079b8</load_address>
         <run_address>0x200079b8</run_address>
         <size>0x12</size>
         <input_file_ref idref="fl-e8"/>
      </object_component>
      <object_component id="oc-386">
         <name>.text:wcslen</name>
         <load_address>0x200079ca</load_address>
         <run_address>0x200079ca</run_address>
         <size>0x12</size>
         <input_file_ref idref="fl-d7"/>
      </object_component>
      <object_component id="oc-18">
         <name>.text:decompress:none:__TI_decompress_none</name>
         <load_address>0x200079dc</load_address>
         <run_address>0x200079dc</run_address>
         <size>0xe</size>
         <input_file_ref idref="fl-c2"/>
      </object_component>
      <object_component id="oc-26">
         <name>.text</name>
         <load_address>0x200079ea</load_address>
         <run_address>0x200079ea</run_address>
         <size>0xe</size>
         <input_file_ref idref="fl-4"/>
      </object_component>
      <object_component id="oc-4c">
         <name>.text:decompress:ZI:__TI_zero_init</name>
         <load_address>0x200079f8</load_address>
         <run_address>0x200079f8</run_address>
         <size>0xc</size>
         <input_file_ref idref="fl-c1"/>
      </object_component>
      <object_component id="oc-ec">
         <name>.text:IntMasterEnable</name>
         <load_address>0x20007a04</load_address>
         <run_address>0x20007a04</run_address>
         <size>0xa</size>
         <input_file_ref idref="fl-e5"/>
      </object_component>
      <object_component id="oc-38c">
         <name>.text:__aeabi_errno_addr</name>
         <load_address>0x20007a10</load_address>
         <run_address>0x20007a10</run_address>
         <size>0x8</size>
         <input_file_ref idref="fl-e1"/>
      </object_component>
      <object_component id="oc-30a">
         <name>.text:UtilsDelay</name>
         <load_address>0x20007a18</load_address>
         <run_address>0x20007a18</run_address>
         <size>0x6</size>
         <input_file_ref idref="fl-ea"/>
      </object_component>
      <object_component id="oc-8e">
         <name>.text:_system_pre_init</name>
         <load_address>0x20007a1e</load_address>
         <run_address>0x20007a1e</run_address>
         <size>0x4</size>
         <input_file_ref idref="fl-cf"/>
      </object_component>
      <object_component id="oc-12f">
         <name>.text:abort:abort</name>
         <load_address>0x20007a22</load_address>
         <run_address>0x20007a22</run_address>
         <size>0x4</size>
         <input_file_ref idref="fl-c5"/>
      </object_component>
      <object_component id="oc-3c1">
         <name>.const:.string:_ctypes_</name>
         <load_address>0x20007a28</load_address>
         <run_address>0x20007a28</run_address>
         <size>0x101</size>
         <input_file_ref idref="fl-d3"/>
      </object_component>
      <object_component id="oc-30e">
         <name>.const:g_ulPinToPadMap</name>
         <load_address>0x20007b2c</load_address>
         <run_address>0x20007b2c</run_address>
         <size>0x100</size>
         <input_file_ref idref="fl-e6"/>
      </object_component>
      <object_component id="oc-296">
         <name>.const:g_pulRegs</name>
         <load_address>0x20007c2c</load_address>
         <run_address>0x20007c2c</run_address>
         <size>0xd4</size>
         <input_file_ref idref="fl-e5"/>
      </object_component>
      <object_component id="oc-28f">
         <name>.const:PRCM_PeriphRegsList</name>
         <load_address>0x20007d00</load_address>
         <run_address>0x20007d00</run_address>
         <size>0xa8</size>
         <input_file_ref idref="fl-e7"/>
      </object_component>
      <object_component id="oc-219">
         <name>.const</name>
         <load_address>0x20007da8</load_address>
         <run_address>0x20007da8</run_address>
         <size>0x80</size>
         <input_file_ref idref="fl-e5"/>
      </object_component>
      <object_component id="oc-4af">
         <name>.cinit..data.load</name>
         <load_address>0x20007e28</load_address>
         <run_address>0x20007e28</run_address>
         <size>0x22</size>
      </object_component>
      <object_component id="oc-4ad">
         <name>__TI_handler_table</name>
         <load_address>0x20007e4c</load_address>
         <run_address>0x20007e4c</run_address>
         <size>0xc</size>
      </object_component>
      <object_component id="oc-4b0">
         <name>.cinit..bss.load</name>
         <load_address>0x20007e58</load_address>
         <run_address>0x20007e58</run_address>
         <size>0x8</size>
      </object_component>
      <object_component id="oc-4ae">
         <name>__TI_cinit_table</name>
         <load_address>0x20007e60</load_address>
         <run_address>0x20007e60</run_address>
         <size>0x10</size>
      </object_component>
      <object_component id="oc-126">
         <name>.data:PIN61</name>
         <load_address>0x2001e7d4</load_address>
         <run_address>0x2001e7d4</run_address>
         <size>0x8</size>
         <input_file_ref idref="fl-2"/>
      </object_component>
      <object_component id="oc-2f6">
         <name>.data:$O1$$</name>
         <load_address>0x2001e7c0</load_address>
         <run_address>0x2001e7c0</run_address>
         <size>0xc</size>
         <input_file_ref idref="fl-c6"/>
      </object_component>
      <object_component id="oc-273">
         <name>.data:$O1$$</name>
         <load_address>0x2001e7cc</load_address>
         <run_address>0x2001e7cc</run_address>
         <size>0x8</size>
         <input_file_ref idref="fl-c7"/>
      </object_component>
      <object_component id="oc-428">
         <name>.data</name>
         <load_address>0x2001e7dc</load_address>
         <run_address>0x2001e7dc</run_address>
         <size>0x4</size>
         <input_file_ref idref="fl-e1"/>
      </object_component>
      <object_component id="oc-202">
         <name>.bss</name>
         <uninitialized>true</uninitialized>
         <run_address>0x2001dfa0</run_address>
         <size>0x4</size>
         <input_file_ref idref="fl-6"/>
      </object_component>
      <object_component id="oc-129">
         <name>.common:PIN61_intcount</name>
         <uninitialized>true</uninitialized>
         <run_address>0x2001dfa4</run_address>
         <size>0x4</size>
      </object_component>
      <object_component id="oc-fe">
         <name>.common:tmp</name>
         <uninitialized>true</uninitialized>
         <run_address>0x2001dfb4</run_address>
         <size>0x4</size>
      </object_component>
      <object_component id="oc-12c">
         <name>.common:PIN61_intflag</name>
         <uninitialized>true</uninitialized>
         <run_address>0x2001dfb8</run_address>
         <size>0x1</size>
      </object_component>
      <object_component id="oc-12b">
         <name>.common:consecutivePress</name>
         <uninitialized>true</uninitialized>
         <run_address>0x2001dfa8</run_address>
         <size>0x4</size>
      </object_component>
      <object_component id="oc-12d">
         <name>.common:flag</name>
         <uninitialized>true</uninitialized>
         <run_address>0x2001dfac</run_address>
         <size>0x4</size>
      </object_component>
      <object_component id="oc-12a">
         <name>.common:previous</name>
         <uninitialized>true</uninitialized>
         <run_address>0x2001dfb0</run_address>
         <size>0x4</size>
      </object_component>
      <object_component id="oc-101">
         <name>.common:buffer</name>
         <uninitialized>true</uninitialized>
         <run_address>0x2001d000</run_address>
         <size>0xfa0</size>
      </object_component>
      <object_component id="oc-23">
         <name>.sysmem</name>
         <uninitialized>true</uninitialized>
         <run_address>0x2001dfc0</run_address>
         <size>0x8</size>
         <input_file_ref idref="fl-c6"/>
      </object_component>
      <object_component id="oc-4b2">
         <name>.sysmem</name>
         <uninitialized>true</uninitialized>
         <run_address>0x2001dfc0</run_address>
         <size>0x0</size>
      </object_component>
      <object_component id="oc-20">
         <name>.stack</name>
         <uninitialized>true</uninitialized>
         <run_address>0x2003f800</run_address>
         <size>0x4</size>
         <input_file_ref idref="fl-c4"/>
      </object_component>
      <object_component id="oc-4b1">
         <name>.stack</name>
         <uninitialized>true</uninitialized>
         <run_address>0x2003f800</run_address>
         <size>0x0</size>
      </object_component>
      <object_component id="oc-ff">
         <name>.debug_info</name>
         <load_address>0x0</load_address>
         <run_address>0x0</run_address>
         <size>0x7cd</size>
         <input_file_ref idref="fl-2"/>
      </object_component>
      <object_component id="oc-127">
         <name>.debug_info</name>
         <load_address>0x7cd</load_address>
         <run_address>0x7cd</run_address>
         <size>0xca</size>
         <input_file_ref idref="fl-2"/>
      </object_component>
      <object_component id="oc-95">
         <name>.debug_info</name>
         <load_address>0x897</load_address>
         <run_address>0x897</run_address>
         <size>0x606</size>
         <input_file_ref idref="fl-2"/>
      </object_component>
      <object_component id="oc-238">
         <name>.debug_info</name>
         <load_address>0xe9d</load_address>
         <run_address>0xe9d</run_address>
         <size>0x26b</size>
         <input_file_ref idref="fl-2"/>
      </object_component>
      <object_component id="oc-26a">
         <name>.debug_info</name>
         <load_address>0x1108</load_address>
         <run_address>0x1108</run_address>
         <size>0x62</size>
         <input_file_ref idref="fl-2"/>
      </object_component>
      <object_component id="oc-344">
         <name>.debug_info</name>
         <load_address>0x116a</load_address>
         <run_address>0x116a</run_address>
         <size>0x62</size>
         <input_file_ref idref="fl-2"/>
      </object_component>
      <object_component id="oc-35">
         <name>.debug_info</name>
         <load_address>0x11cc</load_address>
         <run_address>0x11cc</run_address>
         <size>0x84</size>
         <input_file_ref idref="fl-2"/>
      </object_component>
      <object_component id="oc-300">
         <name>.debug_info</name>
         <load_address>0x1250</load_address>
         <run_address>0x1250</run_address>
         <size>0x297</size>
         <input_file_ref idref="fl-2"/>
      </object_component>
      <object_component id="oc-16e">
         <name>.debug_info</name>
         <load_address>0x14e7</load_address>
         <run_address>0x14e7</run_address>
         <size>0x2c</size>
         <input_file_ref idref="fl-2"/>
      </object_component>
      <object_component id="oc-207">
         <name>.debug_info</name>
         <load_address>0x1513</load_address>
         <run_address>0x1513</run_address>
         <size>0x2c</size>
         <input_file_ref idref="fl-2"/>
      </object_component>
      <object_component id="oc-105">
         <name>.debug_info</name>
         <load_address>0x153f</load_address>
         <run_address>0x153f</run_address>
         <size>0x30f</size>
         <input_file_ref idref="fl-3"/>
      </object_component>
      <object_component id="oc-2e">
         <name>.debug_info</name>
         <load_address>0x184e</load_address>
         <run_address>0x184e</run_address>
         <size>0x2bc</size>
         <input_file_ref idref="fl-4"/>
      </object_component>
      <object_component id="oc-10">
         <name>.debug_info</name>
         <load_address>0x1b0a</load_address>
         <run_address>0x1b0a</run_address>
         <size>0x10d</size>
         <input_file_ref idref="fl-4"/>
      </object_component>
      <object_component id="oc-28">
         <name>.debug_info</name>
         <load_address>0x1c17</load_address>
         <run_address>0x1c17</run_address>
         <size>0x42e</size>
         <input_file_ref idref="fl-4"/>
      </object_component>
      <object_component id="oc-1bd">
         <name>.debug_info</name>
         <load_address>0x2045</load_address>
         <run_address>0x2045</run_address>
         <size>0x5ae</size>
         <input_file_ref idref="fl-5"/>
      </object_component>
      <object_component id="oc-d1">
         <name>.debug_info</name>
         <load_address>0x25f3</load_address>
         <run_address>0x25f3</run_address>
         <size>0xd5a</size>
         <input_file_ref idref="fl-5"/>
      </object_component>
      <object_component id="oc-206">
         <name>.debug_info</name>
         <load_address>0x334d</load_address>
         <run_address>0x334d</run_address>
         <size>0x4d4</size>
         <input_file_ref idref="fl-6"/>
      </object_component>
      <object_component id="oc-203">
         <name>.debug_info</name>
         <load_address>0x3821</load_address>
         <run_address>0x3821</run_address>
         <size>0xd7</size>
         <input_file_ref idref="fl-6"/>
      </object_component>
      <object_component id="oc-e1">
         <name>.debug_info</name>
         <load_address>0x38f8</load_address>
         <run_address>0x38f8</run_address>
         <size>0x63d</size>
         <input_file_ref idref="fl-6"/>
      </object_component>
      <object_component id="oc-20c">
         <name>.debug_info</name>
         <load_address>0x3f35</load_address>
         <run_address>0x3f35</run_address>
         <size>0x110</size>
         <input_file_ref idref="fl-6"/>
      </object_component>
      <object_component id="oc-87">
         <name>.debug_info</name>
         <load_address>0x4045</load_address>
         <run_address>0x4045</run_address>
         <size>0x31e</size>
         <input_file_ref idref="fl-c1"/>
      </object_component>
      <object_component id="oc-4e">
         <name>.debug_info</name>
         <load_address>0x4363</load_address>
         <run_address>0x4363</run_address>
         <size>0x1b5</size>
         <input_file_ref idref="fl-c1"/>
      </object_component>
      <object_component id="oc-82">
         <name>.debug_info</name>
         <load_address>0x4518</load_address>
         <run_address>0x4518</run_address>
         <size>0x46</size>
         <input_file_ref idref="fl-c1"/>
      </object_component>
      <object_component id="oc-b9">
         <name>.debug_info</name>
         <load_address>0x455e</load_address>
         <run_address>0x455e</run_address>
         <size>0x2c</size>
         <input_file_ref idref="fl-c1"/>
      </object_component>
      <object_component id="oc-45">
         <name>.debug_info</name>
         <load_address>0x458a</load_address>
         <run_address>0x458a</run_address>
         <size>0x2a8</size>
         <input_file_ref idref="fl-c2"/>
      </object_component>
      <object_component id="oc-1c">
         <name>.debug_info</name>
         <load_address>0x4832</load_address>
         <run_address>0x4832</run_address>
         <size>0x1ea</size>
         <input_file_ref idref="fl-c2"/>
      </object_component>
      <object_component id="oc-40">
         <name>.debug_info</name>
         <load_address>0x4a1c</load_address>
         <run_address>0x4a1c</run_address>
         <size>0x46</size>
         <input_file_ref idref="fl-c2"/>
      </object_component>
      <object_component id="oc-7a">
         <name>.debug_info</name>
         <load_address>0x4a62</load_address>
         <run_address>0x4a62</run_address>
         <size>0x2c</size>
         <input_file_ref idref="fl-c2"/>
      </object_component>
      <object_component id="oc-78">
         <name>.debug_info</name>
         <load_address>0x4a8e</load_address>
         <run_address>0x4a8e</run_address>
         <size>0x29e</size>
         <input_file_ref idref="fl-c3"/>
      </object_component>
      <object_component id="oc-15">
         <name>.debug_info</name>
         <load_address>0x4d2c</load_address>
         <run_address>0x4d2c</run_address>
         <size>0x250</size>
         <input_file_ref idref="fl-c3"/>
      </object_component>
      <object_component id="oc-30">
         <name>.debug_info</name>
         <load_address>0x4f7c</load_address>
         <run_address>0x4f7c</run_address>
         <size>0x60</size>
         <input_file_ref idref="fl-c3"/>
      </object_component>
      <object_component id="oc-b2">
         <name>.debug_info</name>
         <load_address>0x4fdc</load_address>
         <run_address>0x4fdc</run_address>
         <size>0x46</size>
         <input_file_ref idref="fl-c3"/>
      </object_component>
      <object_component id="oc-73">
         <name>.debug_info</name>
         <load_address>0x5022</load_address>
         <run_address>0x5022</run_address>
         <size>0x39</size>
         <input_file_ref idref="fl-c3"/>
      </object_component>
      <object_component id="oc-21">
         <name>.debug_info</name>
         <load_address>0x505b</load_address>
         <run_address>0x505b</run_address>
         <size>0x10b</size>
         <input_file_ref idref="fl-c4"/>
      </object_component>
      <object_component id="oc-5b">
         <name>.debug_info</name>
         <load_address>0x5166</load_address>
         <run_address>0x5166</run_address>
         <size>0x1af</size>
         <input_file_ref idref="fl-c4"/>
      </object_component>
      <object_component id="oc-131">
         <name>.debug_info</name>
         <load_address>0x5315</load_address>
         <run_address>0x5315</run_address>
         <size>0x122</size>
         <input_file_ref idref="fl-c5"/>
      </object_component>
      <object_component id="oc-6e">
         <name>.debug_info</name>
         <load_address>0x5437</load_address>
         <run_address>0x5437</run_address>
         <size>0x3c6</size>
         <input_file_ref idref="fl-c6"/>
      </object_component>
      <object_component id="oc-24">
         <name>.debug_info</name>
         <load_address>0x57fd</load_address>
         <run_address>0x57fd</run_address>
         <size>0x10c</size>
         <input_file_ref idref="fl-c6"/>
      </object_component>
      <object_component id="oc-2f7">
         <name>.debug_info</name>
         <load_address>0x5909</load_address>
         <run_address>0x5909</run_address>
         <size>0x157</size>
         <input_file_ref idref="fl-c6"/>
      </object_component>
      <object_component id="oc-2e7">
         <name>.debug_info</name>
         <load_address>0x5a60</load_address>
         <run_address>0x5a60</run_address>
         <size>0x144</size>
         <input_file_ref idref="fl-c6"/>
      </object_component>
      <object_component id="oc-2ed">
         <name>.debug_info</name>
         <load_address>0x5ba4</load_address>
         <run_address>0x5ba4</run_address>
         <size>0x17f</size>
         <input_file_ref idref="fl-c6"/>
      </object_component>
      <object_component id="oc-2f3">
         <name>.debug_info</name>
         <load_address>0x5d23</load_address>
         <run_address>0x5d23</run_address>
         <size>0x17d</size>
         <input_file_ref idref="fl-c6"/>
      </object_component>
      <object_component id="oc-1f3">
         <name>.debug_info</name>
         <load_address>0x5ea0</load_address>
         <run_address>0x5ea0</run_address>
         <size>0x1e6</size>
         <input_file_ref idref="fl-c6"/>
      </object_component>
      <object_component id="oc-200">
         <name>.debug_info</name>
         <load_address>0x6086</load_address>
         <run_address>0x6086</run_address>
         <size>0x1f1</size>
         <input_file_ref idref="fl-c6"/>
      </object_component>
      <object_component id="oc-1fa">
         <name>.debug_info</name>
         <load_address>0x6277</load_address>
         <run_address>0x6277</run_address>
         <size>0x289</size>
         <input_file_ref idref="fl-c6"/>
      </object_component>
      <object_component id="oc-a8">
         <name>.debug_info</name>
         <load_address>0x6500</load_address>
         <run_address>0x6500</run_address>
         <size>0x2c</size>
         <input_file_ref idref="fl-c6"/>
      </object_component>
      <object_component id="oc-ad">
         <name>.debug_info</name>
         <load_address>0x652c</load_address>
         <run_address>0x652c</run_address>
         <size>0x62</size>
         <input_file_ref idref="fl-c6"/>
      </object_component>
      <object_component id="oc-329">
         <name>.debug_info</name>
         <load_address>0x658e</load_address>
         <run_address>0x658e</run_address>
         <size>0x2c9</size>
         <input_file_ref idref="fl-c7"/>
      </object_component>
      <object_component id="oc-274">
         <name>.debug_info</name>
         <load_address>0x6857</load_address>
         <run_address>0x6857</run_address>
         <size>0x11e</size>
         <input_file_ref idref="fl-c7"/>
      </object_component>
      <object_component id="oc-322">
         <name>.debug_info</name>
         <load_address>0x6975</load_address>
         <run_address>0x6975</run_address>
         <size>0x12e</size>
         <input_file_ref idref="fl-c7"/>
      </object_component>
      <object_component id="oc-2e3">
         <name>.debug_info</name>
         <load_address>0x6aa3</load_address>
         <run_address>0x6aa3</run_address>
         <size>0x2a5</size>
         <input_file_ref idref="fl-c9"/>
      </object_component>
      <object_component id="oc-1eb">
         <name>.debug_info</name>
         <load_address>0x6d48</load_address>
         <run_address>0x6d48</run_address>
         <size>0x1b6</size>
         <input_file_ref idref="fl-c9"/>
      </object_component>
      <object_component id="oc-2e1">
         <name>.debug_info</name>
         <load_address>0x6efe</load_address>
         <run_address>0x6efe</run_address>
         <size>0x28f</size>
         <input_file_ref idref="fl-ca"/>
      </object_component>
      <object_component id="oc-1e7">
         <name>.debug_info</name>
         <load_address>0x718d</load_address>
         <run_address>0x718d</run_address>
         <size>0x24b</size>
         <input_file_ref idref="fl-ca"/>
      </object_component>
      <object_component id="oc-2d3">
         <name>.debug_info</name>
         <load_address>0x73d8</load_address>
         <run_address>0x73d8</run_address>
         <size>0x340</size>
         <input_file_ref idref="fl-cb"/>
      </object_component>
      <object_component id="oc-1d5">
         <name>.debug_info</name>
         <load_address>0x7718</load_address>
         <run_address>0x7718</run_address>
         <size>0x208</size>
         <input_file_ref idref="fl-cb"/>
      </object_component>
      <object_component id="oc-2c9">
         <name>.debug_info</name>
         <load_address>0x7920</load_address>
         <run_address>0x7920</run_address>
         <size>0x1c6</size>
         <input_file_ref idref="fl-cb"/>
      </object_component>
      <object_component id="oc-2ce">
         <name>.debug_info</name>
         <load_address>0x7ae6</load_address>
         <run_address>0x7ae6</run_address>
         <size>0x179</size>
         <input_file_ref idref="fl-cb"/>
      </object_component>
      <object_component id="oc-2d4">
         <name>.debug_info</name>
         <load_address>0x7c5f</load_address>
         <run_address>0x7c5f</run_address>
         <size>0x2c</size>
         <input_file_ref idref="fl-cb"/>
      </object_component>
      <object_component id="oc-2d9">
         <name>.debug_info</name>
         <load_address>0x7c8b</load_address>
         <run_address>0x7c8b</run_address>
         <size>0x69</size>
         <input_file_ref idref="fl-cb"/>
      </object_component>
      <object_component id="oc-3c">
         <name>.debug_info</name>
         <load_address>0x7cf4</load_address>
         <run_address>0x7cf4</run_address>
         <size>0x11c</size>
         <input_file_ref idref="fl-cc"/>
      </object_component>
      <object_component id="oc-89">
         <name>.debug_info</name>
         <load_address>0x7e10</load_address>
         <run_address>0x7e10</run_address>
         <size>0x14a</size>
         <input_file_ref idref="fl-cd"/>
      </object_component>
      <object_component id="oc-27a">
         <name>.debug_info</name>
         <load_address>0x7f5a</load_address>
         <run_address>0x7f5a</run_address>
         <size>0x552</size>
         <input_file_ref idref="fl-ce"/>
      </object_component>
      <object_component id="oc-13c">
         <name>.debug_info</name>
         <load_address>0x84ac</load_address>
         <run_address>0x84ac</run_address>
         <size>0x1a6</size>
         <input_file_ref idref="fl-ce"/>
      </object_component>
      <object_component id="oc-32f">
         <name>.debug_info</name>
         <load_address>0x8652</load_address>
         <run_address>0x8652</run_address>
         <size>0x39</size>
         <input_file_ref idref="fl-ce"/>
      </object_component>
      <object_component id="oc-3b4">
         <name>.debug_info</name>
         <load_address>0x868b</load_address>
         <run_address>0x868b</run_address>
         <size>0x39</size>
         <input_file_ref idref="fl-ce"/>
      </object_component>
      <object_component id="oc-334">
         <name>.debug_info</name>
         <load_address>0x86c4</load_address>
         <run_address>0x86c4</run_address>
         <size>0x39</size>
         <input_file_ref idref="fl-ce"/>
      </object_component>
      <object_component id="oc-339">
         <name>.debug_info</name>
         <load_address>0x86fd</load_address>
         <run_address>0x86fd</run_address>
         <size>0xcd</size>
         <input_file_ref idref="fl-ce"/>
      </object_component>
      <object_component id="oc-8f">
         <name>.debug_info</name>
         <load_address>0x87ca</load_address>
         <run_address>0x87ca</run_address>
         <size>0x153</size>
         <input_file_ref idref="fl-cf"/>
      </object_component>
      <object_component id="oc-393">
         <name>.debug_info</name>
         <load_address>0x891d</load_address>
         <run_address>0x891d</run_address>
         <size>0x8b1</size>
         <input_file_ref idref="fl-d1"/>
      </object_component>
      <object_component id="oc-35e">
         <name>.debug_info</name>
         <load_address>0x91ce</load_address>
         <run_address>0x91ce</run_address>
         <size>0x21e</size>
         <input_file_ref idref="fl-d1"/>
      </object_component>
      <object_component id="oc-3f2">
         <name>.debug_info</name>
         <load_address>0x93ec</load_address>
         <run_address>0x93ec</run_address>
         <size>0x1b3</size>
         <input_file_ref idref="fl-d1"/>
      </object_component>
      <object_component id="oc-3f8">
         <name>.debug_info</name>
         <load_address>0x959f</load_address>
         <run_address>0x959f</run_address>
         <size>0x21b</size>
         <input_file_ref idref="fl-d1"/>
      </object_component>
      <object_component id="oc-369">
         <name>.debug_info</name>
         <load_address>0x97ba</load_address>
         <run_address>0x97ba</run_address>
         <size>0x3bb</size>
         <input_file_ref idref="fl-d1"/>
      </object_component>
      <object_component id="oc-3ff">
         <name>.debug_info</name>
         <load_address>0x9b75</load_address>
         <run_address>0x9b75</run_address>
         <size>0x305</size>
         <input_file_ref idref="fl-d1"/>
      </object_component>
      <object_component id="oc-405">
         <name>.debug_info</name>
         <load_address>0x9e7a</load_address>
         <run_address>0x9e7a</run_address>
         <size>0x215</size>
         <input_file_ref idref="fl-d1"/>
      </object_component>
      <object_component id="oc-36f">
         <name>.debug_info</name>
         <load_address>0xa08f</load_address>
         <run_address>0xa08f</run_address>
         <size>0x215</size>
         <input_file_ref idref="fl-d1"/>
      </object_component>
      <object_component id="oc-375">
         <name>.debug_info</name>
         <load_address>0xa2a4</load_address>
         <run_address>0xa2a4</run_address>
         <size>0x304</size>
         <input_file_ref idref="fl-d1"/>
      </object_component>
      <object_component id="oc-37b">
         <name>.debug_info</name>
         <load_address>0xa5a8</load_address>
         <run_address>0xa5a8</run_address>
         <size>0x4b0</size>
         <input_file_ref idref="fl-d1"/>
      </object_component>
      <object_component id="oc-2c1">
         <name>.debug_info</name>
         <load_address>0xaa58</load_address>
         <run_address>0xaa58</run_address>
         <size>0x5d8</size>
         <input_file_ref idref="fl-d1"/>
      </object_component>
      <object_component id="oc-394">
         <name>.debug_info</name>
         <load_address>0xb030</load_address>
         <run_address>0xb030</run_address>
         <size>0x86</size>
         <input_file_ref idref="fl-d1"/>
      </object_component>
      <object_component id="oc-42f">
         <name>.debug_info</name>
         <load_address>0xb0b6</load_address>
         <run_address>0xb0b6</run_address>
         <size>0x39</size>
         <input_file_ref idref="fl-d1"/>
      </object_component>
      <object_component id="oc-470">
         <name>.debug_info</name>
         <load_address>0xb0ef</load_address>
         <run_address>0xb0ef</run_address>
         <size>0xb6</size>
         <input_file_ref idref="fl-d1"/>
      </object_component>
      <object_component id="oc-434">
         <name>.debug_info</name>
         <load_address>0xb1a5</load_address>
         <run_address>0xb1a5</run_address>
         <size>0x46</size>
         <input_file_ref idref="fl-d1"/>
      </object_component>
      <object_component id="oc-399">
         <name>.debug_info</name>
         <load_address>0xb1eb</load_address>
         <run_address>0xb1eb</run_address>
         <size>0x46</size>
         <input_file_ref idref="fl-d1"/>
      </object_component>
      <object_component id="oc-3c5">
         <name>.debug_info</name>
         <load_address>0xb231</load_address>
         <run_address>0xb231</run_address>
         <size>0x2b9</size>
         <input_file_ref idref="fl-d2"/>
      </object_component>
      <object_component id="oc-358">
         <name>.debug_info</name>
         <load_address>0xb4ea</load_address>
         <run_address>0xb4ea</run_address>
         <size>0x17c</size>
         <input_file_ref idref="fl-d2"/>
      </object_component>
      <object_component id="oc-43d">
         <name>.debug_info</name>
         <load_address>0xb666</load_address>
         <run_address>0xb666</run_address>
         <size>0xf9</size>
         <input_file_ref idref="fl-d3"/>
      </object_component>
      <object_component id="oc-3c2">
         <name>.debug_info</name>
         <load_address>0xb75f</load_address>
         <run_address>0xb75f</run_address>
         <size>0x105</size>
         <input_file_ref idref="fl-d3"/>
      </object_component>
      <object_component id="oc-44b">
         <name>.debug_info</name>
         <load_address>0xb864</load_address>
         <run_address>0xb864</run_address>
         <size>0x29b</size>
         <input_file_ref idref="fl-d4"/>
      </object_component>
      <object_component id="oc-3e3">
         <name>.debug_info</name>
         <load_address>0xbaff</load_address>
         <run_address>0xbaff</run_address>
         <size>0x1cd</size>
         <input_file_ref idref="fl-d4"/>
      </object_component>
      <object_component id="oc-420">
         <name>.debug_info</name>
         <load_address>0xbccc</load_address>
         <run_address>0xbccc</run_address>
         <size>0x296</size>
         <input_file_ref idref="fl-d5"/>
      </object_component>
      <object_component id="oc-384">
         <name>.debug_info</name>
         <load_address>0xbf62</load_address>
         <run_address>0xbf62</run_address>
         <size>0x1b6</size>
         <input_file_ref idref="fl-d5"/>
      </object_component>
      <object_component id="oc-462">
         <name>.debug_info</name>
         <load_address>0xc118</load_address>
         <run_address>0xc118</run_address>
         <size>0x29a</size>
         <input_file_ref idref="fl-d6"/>
      </object_component>
      <object_component id="oc-41c">
         <name>.debug_info</name>
         <load_address>0xc3b2</load_address>
         <run_address>0xc3b2</run_address>
         <size>0x268</size>
         <input_file_ref idref="fl-d6"/>
      </object_component>
      <object_component id="oc-427">
         <name>.debug_info</name>
         <load_address>0xc61a</load_address>
         <run_address>0xc61a</run_address>
         <size>0x28f</size>
         <input_file_ref idref="fl-d7"/>
      </object_component>
      <object_component id="oc-387">
         <name>.debug_info</name>
         <load_address>0xc8a9</load_address>
         <run_address>0xc8a9</run_address>
         <size>0x15a</size>
         <input_file_ref idref="fl-d7"/>
      </object_component>
      <object_component id="oc-465">
         <name>.debug_info</name>
         <load_address>0xca03</load_address>
         <run_address>0xca03</run_address>
         <size>0x46</size>
         <input_file_ref idref="fl-d7"/>
      </object_component>
      <object_component id="oc-422">
         <name>.debug_info</name>
         <load_address>0xca49</load_address>
         <run_address>0xca49</run_address>
         <size>0x39</size>
         <input_file_ref idref="fl-d7"/>
      </object_component>
      <object_component id="oc-453">
         <name>.debug_info</name>
         <load_address>0xca82</load_address>
         <run_address>0xca82</run_address>
         <size>0x29a</size>
         <input_file_ref idref="fl-d8"/>
      </object_component>
      <object_component id="oc-40e">
         <name>.debug_info</name>
         <load_address>0xcd1c</load_address>
         <run_address>0xcd1c</run_address>
         <size>0x195</size>
         <input_file_ref idref="fl-d8"/>
      </object_component>
      <object_component id="oc-47c">
         <name>.debug_info</name>
         <load_address>0xceb1</load_address>
         <run_address>0xceb1</run_address>
         <size>0x39</size>
         <input_file_ref idref="fl-d8"/>
      </object_component>
      <object_component id="oc-454">
         <name>.debug_info</name>
         <load_address>0xceea</load_address>
         <run_address>0xceea</run_address>
         <size>0x2c</size>
         <input_file_ref idref="fl-d8"/>
      </object_component>
      <object_component id="oc-460">
         <name>.debug_info</name>
         <load_address>0xcf16</load_address>
         <run_address>0xcf16</run_address>
         <size>0x2fd</size>
         <input_file_ref idref="fl-d9"/>
      </object_component>
      <object_component id="oc-414">
         <name>.debug_info</name>
         <load_address>0xd213</load_address>
         <run_address>0xd213</run_address>
         <size>0x225</size>
         <input_file_ref idref="fl-d9"/>
      </object_component>
      <object_component id="oc-3ee">
         <name>.debug_info</name>
         <load_address>0xd438</load_address>
         <run_address>0xd438</run_address>
         <size>0x14f</size>
         <input_file_ref idref="fl-da"/>
      </object_component>
      <object_component id="oc-364">
         <name>.debug_info</name>
         <load_address>0xd587</load_address>
         <run_address>0xd587</run_address>
         <size>0x12b</size>
         <input_file_ref idref="fl-db"/>
      </object_component>
      <object_component id="oc-3d9">
         <name>.debug_info</name>
         <load_address>0xd6b2</load_address>
         <run_address>0xd6b2</run_address>
         <size>0x12d</size>
         <input_file_ref idref="fl-db"/>
      </object_component>
      <object_component id="oc-3d3">
         <name>.debug_info</name>
         <load_address>0xd7df</load_address>
         <run_address>0xd7df</run_address>
         <size>0x13d</size>
         <input_file_ref idref="fl-dc"/>
      </object_component>
      <object_component id="oc-3cf">
         <name>.debug_info</name>
         <load_address>0xd91c</load_address>
         <run_address>0xd91c</run_address>
         <size>0x13d</size>
         <input_file_ref idref="fl-dd"/>
      </object_component>
      <object_component id="oc-3de">
         <name>.debug_info</name>
         <load_address>0xda59</load_address>
         <run_address>0xda59</run_address>
         <size>0x131</size>
         <input_file_ref idref="fl-de"/>
      </object_component>
      <object_component id="oc-3e9">
         <name>.debug_info</name>
         <load_address>0xdb8a</load_address>
         <run_address>0xdb8a</run_address>
         <size>0x12f</size>
         <input_file_ref idref="fl-df"/>
      </object_component>
      <object_component id="oc-3c7">
         <name>.debug_info</name>
         <load_address>0xdcb9</load_address>
         <run_address>0xdcb9</run_address>
         <size>0x137</size>
         <input_file_ref idref="fl-e0"/>
      </object_component>
      <object_component id="oc-42c">
         <name>.debug_info</name>
         <load_address>0xddf0</load_address>
         <run_address>0xddf0</run_address>
         <size>0x289</size>
         <input_file_ref idref="fl-e1"/>
      </object_component>
      <object_component id="oc-429">
         <name>.debug_info</name>
         <load_address>0xe079</load_address>
         <run_address>0xe079</run_address>
         <size>0x10e</size>
         <input_file_ref idref="fl-e1"/>
      </object_component>
      <object_component id="oc-38e">
         <name>.debug_info</name>
         <load_address>0xe187</load_address>
         <run_address>0xe187</run_address>
         <size>0x14e</size>
         <input_file_ref idref="fl-e1"/>
      </object_component>
      <object_component id="oc-45a">
         <name>.debug_info</name>
         <load_address>0xe2d5</load_address>
         <run_address>0xe2d5</run_address>
         <size>0x161</size>
         <input_file_ref idref="fl-e2"/>
      </object_component>
      <object_component id="oc-441">
         <name>.debug_info</name>
         <load_address>0xe436</load_address>
         <run_address>0xe436</run_address>
         <size>0x118</size>
         <input_file_ref idref="fl-e3"/>
      </object_component>
      <object_component id="oc-263">
         <name>.debug_info</name>
         <load_address>0xe54e</load_address>
         <run_address>0xe54e</run_address>
         <size>0x17a</size>
         <input_file_ref idref="fl-e4"/>
      </object_component>
      <object_component id="oc-257">
         <name>.debug_info</name>
         <load_address>0xe6c8</load_address>
         <run_address>0xe6c8</run_address>
         <size>0x1aa</size>
         <input_file_ref idref="fl-e4"/>
      </object_component>
      <object_component id="oc-24a">
         <name>.debug_info</name>
         <load_address>0xe872</load_address>
         <run_address>0xe872</run_address>
         <size>0x1e9</size>
         <input_file_ref idref="fl-e4"/>
      </object_component>
      <object_component id="oc-10f">
         <name>.debug_info</name>
         <load_address>0xea5b</load_address>
         <run_address>0xea5b</run_address>
         <size>0x1f4</size>
         <input_file_ref idref="fl-e4"/>
      </object_component>
      <object_component id="oc-115">
         <name>.debug_info</name>
         <load_address>0xec4f</load_address>
         <run_address>0xec4f</run_address>
         <size>0x1cb</size>
         <input_file_ref idref="fl-e4"/>
      </object_component>
      <object_component id="oc-c3">
         <name>.debug_info</name>
         <load_address>0xee1a</load_address>
         <run_address>0xee1a</run_address>
         <size>0x1c3</size>
         <input_file_ref idref="fl-e4"/>
      </object_component>
      <object_component id="oc-c9">
         <name>.debug_info</name>
         <load_address>0xefdd</load_address>
         <run_address>0xefdd</run_address>
         <size>0x1c9</size>
         <input_file_ref idref="fl-e4"/>
      </object_component>
      <object_component id="oc-109">
         <name>.debug_info</name>
         <load_address>0xf1a6</load_address>
         <run_address>0xf1a6</run_address>
         <size>0x214</size>
         <input_file_ref idref="fl-e4"/>
      </object_component>
      <object_component id="oc-308">
         <name>.debug_info</name>
         <load_address>0xf3ba</load_address>
         <run_address>0xf3ba</run_address>
         <size>0x19b</size>
         <input_file_ref idref="fl-e5"/>
      </object_component>
      <object_component id="oc-21a">
         <name>.debug_info</name>
         <load_address>0xf555</load_address>
[...]
      </symbol>
      <symbol id="sm-ff">
         <name>Timer_IF_IntSetup</name>
         <value>0x20005c13</value>
         <object_component_ref idref="oc-ce"/>
      </symbol>
      <symbol id="sm-100">
         <name>Timer_IF_Stop</name>
         <value>0x20005c97</value>
         <object_component_ref idref="oc-ce"/>
      </symbol>
      <symbol id="sm-101">
         <name>Timer_IF_Start</name>
         <value>0x20005c77</value>
         <object_component_ref idref="oc-ce"/>
      </symbol>
      <symbol id="sm-102">
         <name>Timer_IF_Init</name>
         <value>0x20005be1</value>
         <object_component_ref idref="oc-ce"/>
      </symbol>
      <symbol id="sm-103">
         <name>Timer_IF_ReLoad</name>
         <value>0x20005cc1</value>
         <object_component_ref idref="oc-ce"/>
      </symbol>
      <symbol id="sm-145">
         <name>GetCmd</name>
         <value>0x2000536b</value>
         <object_component_ref idref="oc-e0"/>
      </symbol>
      <symbol id="sm-146">
         <name>Message</name>
         <value>0x20005307</value>
         <object_component_ref idref="oc-e0"/>
      </symbol>
      <symbol id="sm-147">
         <name>Report</name>
         <value>0x200054a9</value>
         <object_component_ref idref="oc-e0"/>
      </symbol>
      <symbol id="sm-148">
         <name>Error</name>
         <value>0x20005333</value>
         <object_component_ref idref="oc-e0"/>
      </symbol>
      <symbol id="sm-149">
         <name>InitTerm</name>
         <value>0x200052e9</value>
         <object_component_ref idref="oc-e0"/>
      </symbol>
      <symbol id="sm-14a">
         <name>ClearTerm</name>
         <value>0x20005329</value>
         <object_component_ref idref="oc-e0"/>
      </symbol>
      <symbol id="sm-14b">
         <name>TrimSpace</name>
         <value>0x20005411</value>
         <object_component_ref idref="oc-e0"/>
      </symbol>
      <symbol id="sm-162">
         <name>__TI_zero_init</name>
         <value>0x200079f9</value>
         <object_component_ref idref="oc-4c"/>
      </symbol>
      <symbol id="sm-179">
         <name>__TI_decompress_none</name>
         <value>0x200079dd</value>
         <object_component_ref idref="oc-18"/>
      </symbol>
      <symbol id="sm-19c">
         <name>__TI_decompress_lzss</name>
         <value>0x20006f79</value>
         <object_component_ref idref="oc-12"/>
      </symbol>
      <symbol id="sm-1af">
         <name>__stack</name>
         <value>0x2003f800</value>
         <object_component_ref idref="oc-20"/>
      </symbol>
      <symbol id="sm-1b0">
         <name>_c_int00_noargs</name>
         <value>0x2000748d</value>
         <object_component_ref idref="oc-58"/>
      </symbol>
      <symbol id="sm-1bb">
         <name>C$$EXIT</name>
         <value>0x20007a23</value>
         <object_component_ref idref="oc-12f"/>
      </symbol>
      <symbol id="sm-1bc">
         <name>abort</name>
         <value>0x20007a23</value>
         <object_component_ref idref="oc-12f"/>
      </symbol>
      <symbol id="sm-252">
         <name>_sys_memory</name>
         <value>0x2001dfc0</value>
         <object_component_ref idref="oc-23"/>
      </symbol>
      <symbol id="sm-253">
         <name>free</name>
         <value>0x2000660d</value>
         <object_component_ref idref="oc-1fc"/>
      </symbol>
      <symbol id="sm-254">
         <name>realloc</name>
         <value>0x20006209</value>
         <object_component_ref idref="oc-1f6"/>
      </symbol>
      <symbol id="sm-255">
         <name>malloc</name>
         <value>0x20006d41</value>
         <object_component_ref idref="oc-1f0"/>
      </symbol>
      <symbol id="sm-256">
         <name>minit</name>
         <value>0x200074c5</value>
         <object_component_ref idref="oc-2e4"/>
      </symbol>
      <symbol id="sm-26b">
         <name>_nop</name>
         <value>0x20005b5f</value>
         <object_component_ref idref="oc-321"/>
      </symbol>
      <symbol id="sm-26c">
         <name>_lock</name>
         <value>0x2001e7cc</value>
         <object_component_ref idref="oc-273"/>
      </symbol>
      <symbol id="sm-26d">
         <name>_unlock</name>
         <value>0x2001e7d0</value>
         <object_component_ref idref="oc-273"/>
      </symbol>
      <symbol id="sm-27e">
         <name>memmove</name>
         <value>0x2000770d</value>
         <object_component_ref idref="oc-1ea"/>
      </symbol>
      <symbol id="sm-28c">
         <name>strlen</name>
         <value>0x200079a5</value>
         <object_component_ref idref="oc-1e4"/>
      </symbol>
      <symbol id="sm-2bb">
         <name>vsnprintf</name>
         <value>0x20007395</value>
         <object_component_ref idref="oc-1d2"/>
      </symbol>
      <symbol id="sm-2d6">
         <name>memcpy</name>
         <value>0x200068e9</value>
         <object_component_ref idref="oc-3a"/>
      </symbol>
      <symbol id="sm-2d7">
         <name>__aeabi_memcpy</name>
         <value>0x200068e9</value>
         <object_component_ref idref="oc-3a"/>
      </symbol>
      <symbol id="sm-2d8">
         <name>__aeabi_memcpy8</name>
         <value>0x200068e9</value>
         <object_component_ref idref="oc-3a"/>
      </symbol>
      <symbol id="sm-2d9">
         <name>__aeabi_memcpy4</name>
         <value>0x200068e9</value>
         <object_component_ref idref="oc-3a"/>
      </symbol>
      <symbol id="sm-2e8">
         <name>__aeabi_memset</name>
         <value>0x20006cc9</value>
         <object_component_ref idref="oc-88"/>
      </symbol>
      <symbol id="sm-2e9">
         <name>memset</name>
         <value>0x20006ccf</value>
         <object_component_ref idref="oc-88"/>
      </symbol>
      <symbol id="sm-2ea">
         <name>__aeabi_memset8</name>
         <value>0x20006cc9</value>
         <object_component_ref idref="oc-88"/>
      </symbol>
      <symbol id="sm-2eb">
         <name>__aeabi_memset4</name>
         <value>0x20006cc9</value>
         <object_component_ref idref="oc-88"/>
      </symbol>
      <symbol id="sm-2ec">
         <name>__aeabi_memclr8</name>
         <value>0x20006cc7</value>
         <object_component_ref idref="oc-88"/>
      </symbol>
      <symbol id="sm-2ed">
         <name>__aeabi_memclr4</name>
         <value>0x20006cc7</value>
         <object_component_ref idref="oc-88"/>
      </symbol>
      <symbol id="sm-2ee">
         <name>__aeabi_memclr</name>
         <value>0x20006cc7</value>
         <object_component_ref idref="oc-88"/>
      </symbol>
      <symbol id="sm-316">
         <name>__TI_auto_init_nobinit_nopinit</name>
         <value>0x20007311</value>
         <object_component_ref idref="oc-13b"/>
      </symbol>
      <symbol id="sm-320">
         <name>_system_pre_init</name>
         <value>0x20007a1f</value>
         <object_component_ref idref="oc-8e"/>
      </symbol>
      <symbol id="sm-486">
         <name>__TI_printfi</name>
         <value>0x20004401</value>
         <object_component_ref idref="oc-2c0"/>
      </symbol>
      <symbol id="sm-49c">
         <name>atoi</name>
         <value>0x200071f1</value>
         <object_component_ref idref="oc-357"/>
      </symbol>
      <symbol id="sm-4a7">
         <name>_ctypes_</name>
         <value>0x20007a28</value>
         <object_component_ref idref="oc-3c1"/>
      </symbol>
      <symbol id="sm-4b6">
         <name>ltoa</name>
         <value>0x20007149</value>
         <object_component_ref idref="oc-3e1"/>
      </symbol>
      <symbol id="sm-4c6">
         <name>memccpy</name>
         <value>0x20007863</value>
         <object_component_ref idref="oc-380"/>
      </symbol>
      <symbol id="sm-4d6">
         <name>strchr</name>
         <value>0x2000793f</value>
         <object_component_ref idref="oc-418"/>
      </symbol>
      <symbol id="sm-4ef">
         <name>wcslen</name>
         <value>0x200079cb</value>
         <object_component_ref idref="oc-386"/>
      </symbol>
      <symbol id="sm-50f">
         <name>frexpl</name>
         <value>0x20006fe1</value>
         <object_component_ref idref="oc-40c"/>
      </symbol>
      <symbol id="sm-510">
         <name>frexp</name>
         <value>0x20006fe1</value>
         <object_component_ref idref="oc-40c"/>
      </symbol>
      <symbol id="sm-52d">
         <name>scalbn</name>
         <value>0x2000631d</value>
         <object_component_ref idref="oc-412"/>
      </symbol>
      <symbol id="sm-52e">
         <name>scalbnl</name>
         <value>0x2000631d</value>
         <object_component_ref idref="oc-412"/>
      </symbol>
      <symbol id="sm-52f">
         <name>ldexpl</name>
         <value>0x2000631d</value>
         <object_component_ref idref="oc-412"/>
      </symbol>
      <symbol id="sm-530">
         <name>ldexp</name>
         <value>0x2000631d</value>
         <object_component_ref idref="oc-412"/>
      </symbol>
      <symbol id="sm-547">
         <name>__aeabi_dsub</name>
         <value>0x200059a9</value>
         <object_component_ref idref="oc-3ec"/>
      </symbol>
      <symbol id="sm-548">
         <name>__aeabi_dadd</name>
         <value>0x200059b3</value>
         <object_component_ref idref="oc-3ec"/>
      </symbol>
      <symbol id="sm-56a">
         <name>__aeabi_cdcmpeq</name>
         <value>0x20006b39</value>
         <object_component_ref idref="oc-363"/>
      </symbol>
      <symbol id="sm-56b">
         <name>__aeabi_cdcmple</name>
         <value>0x20006b39</value>
         <object_component_ref idref="oc-363"/>
      </symbol>
      <symbol id="sm-56c">
         <name>__aeabi_cdrcmple</name>
         <value>0x20006bbf</value>
         <object_component_ref idref="oc-3d7"/>
      </symbol>
      <symbol id="sm-580">
         <name>__aeabi_ddiv</name>
         <value>0x20005fad</value>
         <object_component_ref idref="oc-3d2"/>
      </symbol>
      <symbol id="sm-58b">
         <name>__aeabi_dmul</name>
         <value>0x2000642d</value>
         <object_component_ref idref="oc-3cd"/>
      </symbol>
      <symbol id="sm-595">
         <name>__aeabi_d2iz</name>
         <value>0x20007285</value>
         <object_component_ref idref="oc-3dc"/>
      </symbol>
      <symbol id="sm-59f">
         <name>__aeabi_i2d</name>
         <value>0x200075c5</value>
         <object_component_ref idref="oc-3e7"/>
      </symbol>
      <symbol id="sm-5ac">
         <name>__aeabi_uldivmod</name>
         <value>0x20006985</value>
         <object_component_ref idref="oc-3c6"/>
      </symbol>
      <symbol id="sm-5c2">
         <name>__aeabi_errno_addr</name>
         <value>0x20007a11</value>
         <object_component_ref idref="oc-38c"/>
      </symbol>
      <symbol id="sm-5c3">
         <name>errno</name>
         <value>0x2001e7dc</value>
         <object_component_ref idref="oc-428"/>
      </symbol>
      <symbol id="sm-5cd">
         <name>copysign</name>
         <value>0x20007991</value>
         <object_component_ref idref="oc-459"/>
      </symbol>
      <symbol id="sm-5ce">
         <name>copysignl</name>
         <value>0x20007991</value>
         <object_component_ref idref="oc-459"/>
      </symbol>
      <symbol id="sm-5d8">
         <name>__aeabi_idiv0</name>
         <value>0x200060e3</value>
         <object_component_ref idref="oc-440"/>
      </symbol>
      <symbol id="sm-5d9">
         <name>__aeabi_ldiv0</name>
         <value>0x200060e3</value>
         <object_component_ref idref="oc-440"/>
      </symbol>
      <symbol id="sm-629">
         <name>GPIOIntRegister</name>
         <value>0x20007795</value>
         <object_component_ref idref="oc-108"/>
      </symbol>
      <symbol id="sm-62a">
         <name>GPIOIntEnable</name>
         <value>0x2000787f</value>
         <object_component_ref idref="oc-114"/>
      </symbol>
      <symbol id="sm-62b">
         <name>GPIOIntTypeSet</name>
         <value>0x20006c45</value>
         <object_component_ref idref="oc-10e"/>
      </symbol>
      <symbol id="sm-62c">
         <name>GPIOIntClear</name>
         <value>0x20007969</value>
         <object_component_ref idref="oc-c8"/>
      </symbol>
      <symbol id="sm-62d">
         <name>GPIOIntStatus</name>
         <value>0x20007731</value>
         <object_component_ref idref="oc-c2"/>
      </symbol>
      <symbol id="sm-62e">
         <name>GPIODirModeSet</name>
         <value>0x200074fd</value>
         <object_component_ref idref="oc-249"/>
      </symbol>
      <symbol id="sm-6a6">
         <name>IntPrioritySet</name>
         <value>0x200070f5</value>
         <object_component_ref idref="oc-186"/>
      </symbol>
      <symbol id="sm-6a7">
         <name>IntVTableBaseSet</name>
         <value>0x2000797d</value>
         <object_component_ref idref="oc-e6"/>
      </symbol>
      <symbol id="sm-6a8">
         <name>IntEnable</name>
         <value>0x20006841</value>
         <object_component_ref idref="oc-f2"/>
      </symbol>
      <symbol id="sm-6a9">
         <name>IntDisable</name>
         <value>0x20006799</value>
         <object_component_ref idref="oc-2a2"/>
      </symbol>
      <symbol id="sm-6aa">
         <name>IntRegister</name>
         <value>0x20007775</value>
         <object_component_ref idref="oc-25c"/>
      </symbol>
      <symbol id="sm-6ab">
         <name>IntUnregister</name>
         <value>0x200076c5</value>
         <object_component_ref idref="oc-2a8"/>
      </symbol>
      <symbol id="sm-6ac">
         <name>IntMasterEnable</name>
         <value>0x20007a05</value>
         <object_component_ref idref="oc-ec"/>
      </symbol>
      <symbol id="sm-6e3">
         <name>PinTypeUART</name>
         <value>0x20007899</value>
         <object_component_ref idref="oc-24f"/>
      </symbol>
      <symbol id="sm-6e4">
         <name>PinTypeGPIO</name>
         <value>0x20007533</value>
         <object_component_ref idref="oc-243"/>
      </symbol>
      <symbol id="sm-6e5">
         <name>PinConfigSet</name>
         <value>0x20006ab1</value>
         <object_component_ref idref="oc-312"/>
      </symbol>
      <symbol id="sm-6e6">
         <name>PinModeSet</name>
         <value>0x20007355</value>
         <object_component_ref idref="oc-23d"/>
      </symbol>
      <symbol id="sm-76c">
         <name>PRCMPeripheralReset</name>
         <value>0x20007045</value>
         <object_component_ref idref="oc-17a"/>
      </symbol>
      <symbol id="sm-76d">
         <name>PRCMPeripheralClkEnable</name>
         <value>0x20007415</value>
         <object_component_ref idref="oc-174"/>
      </symbol>
      <symbol id="sm-76e">
         <name>PRCMPeripheralClockGet</name>
         <value>0x20006a1d</value>
         <object_component_ref idref="oc-1c0"/>
      </symbol>
      <symbol id="sm-76f">
         <name>PRCMCC3200MCUInit</name>
         <value>0x20005cf9</value>
         <object_component_ref idref="oc-f8"/>
      </symbol>
      <symbol id="sm-770">
         <name>PRCMHIBRegWrite</name>
         <value>0x20007929</value>
         <object_component_ref idref="oc-229"/>
      </symbol>
      <symbol id="sm-771">
         <name>PRCMSysResetCauseGet</name>
         <value>0x200075f5</value>
         <object_component_ref idref="oc-21d"/>
      </symbol>
      <symbol id="sm-772">
         <name>PRCMPeripheralClkDisable</name>
         <value>0x20007675</value>
         <object_component_ref idref="oc-22f"/>
      </symbol>
      <symbol id="sm-773">
         <name>PRCMHIBRegRead</name>
         <value>0x20007913</value>
         <object_component_ref idref="oc-223"/>
      </symbol>
      <symbol id="sm-801">
         <name>TimerLoadSet</name>
         <value>0x20007621</value>
         <object_component_ref idref="oc-1a4"/>
      </symbol>
      <symbol id="sm-802">
         <name>TimerDisable</name>
         <value>0x200077b3</value>
         <object_component_ref idref="oc-1aa"/>
      </symbol>
      <symbol id="sm-803">
         <name>TimerValueSet</name>
         <value>0x20007753</value>
         <object_component_ref idref="oc-da"/>
      </symbol>
      <symbol id="sm-804">
         <name>TimerIntRegister</name>
         <value>0x20006e31</value>
         <object_component_ref idref="oc-18c"/>
      </symbol>
      <symbol id="sm-805">
         <name>TimerEnable</name>
         <value>0x200077d1</value>
         <object_component_ref idref="oc-120"/>
      </symbol>
      <symbol id="sm-806">
         <name>TimerIntUnregister</name>
         <value>0x20006f11</value>
         <object_component_ref idref="oc-1b6"/>
      </symbol>
      <symbol id="sm-807">
         <name>TimerIntStatus</name>
         <value>0x200077ef</value>
         <object_component_ref idref="oc-198"/>
      </symbol>
      <symbol id="sm-808">
         <name>TimerIntDisable</name>
         <value>0x200078b3</value>
         <object_component_ref idref="oc-1b0"/>
      </symbol>
      <symbol id="sm-809">
         <name>TimerValueGet</name>
         <value>0x2000782b</value>
         <object_component_ref idref="oc-d4"/>
      </symbol>
      <symbol id="sm-80a">
         <name>TimerPrescaleSet</name>
         <value>0x2000764b</value>
         <object_component_ref idref="oc-180"/>
      </symbol>
      <symbol id="sm-80b">
         <name>TimerIntEnable</name>
         <value>0x200078cb</value>
         <object_component_ref idref="oc-192"/>
      </symbol>
      <symbol id="sm-80c">
         <name>TimerConfigure</name>
         <value>0x200072cd</value>
         <object_component_ref idref="oc-11a"/>
      </symbol>
      <symbol id="sm-80d">
         <name>TimerIntClear</name>
         <value>0x200079b9</value>
         <object_component_ref idref="oc-19e"/>
      </symbol>
      <symbol id="sm-849">
         <name>UARTConfigSetExpClk</name>
         <value>0x20006db9</value>
         <object_component_ref idref="oc-1c6"/>
      </symbol>
      <symbol id="sm-84a">
         <name>UARTDisable</name>
         <value>0x20007565</value>
         <object_component_ref idref="oc-2b2"/>
      </symbol>
      <symbol id="sm-84b">
         <name>UARTCharsAvail</name>
         <value>0x200078e3</value>
         <object_component_ref idref="oc-1d8"/>
      </symbol>
      <symbol id="sm-84c">
         <name>UARTCharGetNonBlocking</name>
         <value>0x20007847</value>
         <object_component_ref idref="oc-1de"/>
      </symbol>
      <symbol id="sm-84d">
         <name>UARTCharPut</name>
         <value>0x2000780d</value>
         <object_component_ref idref="oc-1cc"/>
      </symbol>
      <symbol id="sm-84e">
         <name>UARTEnable</name>
         <value>0x200076e9</value>
         <object_component_ref idref="oc-2b8"/>
      </symbol>
      <symbol id="sm-852">
         <name>UtilsDelay</name>
         <value>0x20007a19</value>
         <object_component_ref idref="oc-30a"/>
      </symbol>
      <symbol id="sm-85c">
         <name>CPUcpsie</name>
         <value>0x20007955</value>
         <object_component_ref idref="oc-212"/>
      </symbol>
      <symbol id="sm-85e">
         <name>__TI_static_base__</name>
         <value>0x20007e28</value>
      </symbol>
      <symbol id="sm-861">
         <name>__mpu_init</name>
         <value>0x0</value>
      </symbol>
      <symbol id="sm-862">
         <name>_system_post_cinit</name>
         <value>0x0</value>
      </symbol>
   </symbol_table>
   <title>Link successful</title>
</link_info>
