<?xml version="1.0" encoding="ISO-8859-1" ?>
<link_info>
   <banner>TI ARM Linker PC v18.1.4.LTS</banner>
   <copyright>Copyright (c) 1996-2018 Texas Instruments Incorporated</copyright>
   <link_time>0x5c594484</link_time>
   <link_errors>0x0</link_errors>
   <output_file>Lab3.out</output_file>
   <entry_point>
      <name>_c_int00_noargs</name>
      <address>0x20008d31</address>
   </entry_point>
   <input_file_list>
      <input_file id="fl-2">
         <path>.\</path>
         <kind>object</kind>
         <file>Adafruit_GFX.obj</file>
         <name>Adafruit_GFX.obj</name>
      </input_file>
      <input_file id="fl-3">
         <path>.\</path>
         <kind>object</kind>
         <file>Adafruit_OLED.obj</file>
         <name>Adafruit_OLED.obj</name>
      </input_file>
      <input_file id="fl-4">
         <path>.\</path>
         <kind>object</kind>
         <file>main.obj</file>
         <name>main.obj</name>
      </input_file>
      <input_file id="fl-5">
         <path>.\</path>
         <kind>object</kind>
         <file>pin_mux_config.obj</file>
         <name>pin_mux_config.obj</name>
      </input_file>
      <input_file id="fl-6">
         <path>.\</path>
         <kind>object</kind>
         <file>startup_ccs.obj</file>
         <name>startup_ccs.obj</name>
      </input_file>
      <input_file id="fl-7">
         <path>.\</path>
         <kind>object</kind>
         <file>test.obj</file>
         <name>test.obj</name>
      </input_file>
      <input_file id="fl-8">
         <path>.\</path>
         <kind>object</kind>
         <file>timer_if.obj</file>
         <name>timer_if.obj</name>
      </input_file>
      <input_file id="fl-9">
         <path>.\</path>
         <kind>object</kind>
         <file>uart_if.obj</file>
         <name>uart_if.obj</name>
      </input_file>
      <input_file id="fl-e">
         <kind>object</kind>
         <file>&lt;internal&gt;</file>
         <name>&lt;internal&gt;</name>
      </input_file>
      <input_file id="fl-c4">
         <path>C:\TI\ccsv8\tools\compiler\ti-cgt-arm_18.1.4.LTS\lib\</path>
         <kind>archive</kind>
         <file>rtsv7M4_T_le_v4SPD16_eabi.lib</file>
         <name>copy_zero_init.c.obj</name>
      </input_file>
      <input_file id="fl-c5">
         <path>C:\TI\ccsv8\tools\compiler\ti-cgt-arm_18.1.4.LTS\lib\</path>
         <kind>archive</kind>
         <file>rtsv7M4_T_le_v4SPD16_eabi.lib</file>
         <name>copy_decompress_none.c.obj</name>
      </input_file>
      <input_file id="fl-c6">
         <path>C:\TI\ccsv8\tools\compiler\ti-cgt-arm_18.1.4.LTS\lib\</path>
         <kind>archive</kind>
         <file>rtsv7M4_T_le_v4SPD16_eabi.lib</file>
         <name>copy_decompress_lzss.c.obj</name>
      </input_file>
      <input_file id="fl-c7">
         <path>C:\TI\ccsv8\tools\compiler\ti-cgt-arm_18.1.4.LTS\lib\</path>
         <kind>archive</kind>
         <file>rtsv7M4_T_le_v4SPD16_eabi.lib</file>
         <name>boot_cortex_m.c.obj</name>
      </input_file>
      <input_file id="fl-c8">
         <path>C:\TI\ccsv8\tools\compiler\ti-cgt-arm_18.1.4.LTS\lib\</path>
         <kind>archive</kind>
         <file>rtsv7M4_T_le_v4SPD16_eabi.lib</file>
         <name>exit.c.obj</name>
      </input_file>
      <input_file id="fl-c9">
         <path>C:\TI\ccsv8\tools\compiler\ti-cgt-arm_18.1.4.LTS\lib\</path>
         <kind>archive</kind>
         <file>rtsv7M4_T_le_v4SPD16_eabi.lib</file>
         <name>memory.c.obj</name>
      </input_file>
      <input_file id="fl-ca">
         <path>C:\TI\ccsv8\tools\compiler\ti-cgt-arm_18.1.4.LTS\lib\</path>
         <kind>archive</kind>
         <file>rtsv7M4_T_le_v4SPD16_eabi.lib</file>
         <name>_lock.c.obj</name>
      </input_file>
      <input_file id="fl-cb">
         <path>C:\TI\ccsv8\tools\compiler\ti-cgt-arm_18.1.4.LTS\lib\</path>
         <kind>archive</kind>
         <file>rtsv7M4_T_le_v4SPD16_eabi.lib</file>
         <name>args_main.c.obj</name>
      </input_file>
      <input_file id="fl-cc">
         <path>C:\TI\ccsv8\tools\compiler\ti-cgt-arm_18.1.4.LTS\lib\</path>
         <kind>archive</kind>
         <file>rtsv7M4_T_le_v4SPD16_eabi.lib</file>
         <name>memmov.c.obj</name>
      </input_file>
      <input_file id="fl-cd">
         <path>C:\TI\ccsv8\tools\compiler\ti-cgt-arm_18.1.4.LTS\lib\</path>
         <kind>archive</kind>
         <file>rtsv7M4_T_le_v4SPD16_eabi.lib</file>
         <name>strlen.c.obj</name>
      </input_file>
      <input_file id="fl-ce">
         <path>C:\TI\ccsv8\tools\compiler\ti-cgt-arm_18.1.4.LTS\lib\</path>
         <kind>archive</kind>
         <file>rtsv7M4_T_le_v4SPD16_eabi.lib</file>
         <name>vsnprintf.c.obj</name>
      </input_file>
      <input_file id="fl-cf">
         <path>C:\TI\ccsv8\tools\compiler\ti-cgt-arm_18.1.4.LTS\lib\</path>
         <kind>archive</kind>
         <file>rtsv7M4_T_le_v4SPD16_eabi.lib</file>
         <name>memcpy_t2.asm.obj</name>
      </input_file>
      <input_file id="fl-d0">
         <path>C:\TI\ccsv8\tools\compiler\ti-cgt-arm_18.1.4.LTS\lib\</path>
         <kind>archive</kind>
         <file>rtsv7M4_T_le_v4SPD16_eabi.lib</file>
         <name>memset_t2.asm.obj</name>
      </input_file>
      <input_file id="fl-d1">
         <path>C:\TI\ccsv8\tools\compiler\ti-cgt-arm_18.1.4.LTS\lib\</path>
         <kind>archive</kind>
         <file>rtsv7M4_T_le_v4SPD16_eabi.lib</file>
         <name>autoinit.c.obj</name>
      </input_file>
      <input_file id="fl-d2">
         <path>C:\TI\ccsv8\tools\compiler\ti-cgt-arm_18.1.4.LTS\lib\</path>
         <kind>archive</kind>
         <file>rtsv7M4_T_le_v4SPD16_eabi.lib</file>
         <name>pre_init.c.obj</name>
      </input_file>
      <input_file id="fl-d3">
         <path>C:\TI\ccsv8\tools\compiler\ti-cgt-arm_18.1.4.LTS\lib\</path>
         <kind>archive</kind>
         <file>rtsv7M4_T_le_v4SPD16_eabi.lib</file>
         <name>cpy_tbl.c.obj</name>
      </input_file>
      <input_file id="fl-d4">
         <path>C:\TI\ccsv8\tools\compiler\ti-cgt-arm_18.1.4.LTS\lib\</path>
         <kind>archive</kind>
         <file>rtsv7M4_T_le_v4SPD16_eabi.lib</file>
         <name>_printfi.c.obj</name>
      </input_file>
      <input_file id="fl-d5">
         <path>C:\TI\ccsv8\tools\compiler\ti-cgt-arm_18.1.4.LTS\lib\</path>
         <kind>archive</kind>
         <file>rtsv7M4_T_le_v4SPD16_eabi.lib</file>
         <name>atoi.c.obj</name>
      </input_file>
      <input_file id="fl-d6">
         <path>C:\TI\ccsv8\tools\compiler\ti-cgt-arm_18.1.4.LTS\lib\</path>
         <kind>archive</kind>
         <file>rtsv7M4_T_le_v4SPD16_eabi.lib</file>
         <name>ctype.c.obj</name>
      </input_file>
      <input_file id="fl-d7">
         <path>C:\TI\ccsv8\tools\compiler\ti-cgt-arm_18.1.4.LTS\lib\</path>
         <kind>archive</kind>
         <file>rtsv7M4_T_le_v4SPD16_eabi.lib</file>
         <name>ltoa.c.obj</name>
      </input_file>
      <input_file id="fl-d8">
         <path>C:\TI\ccsv8\tools\compiler\ti-cgt-arm_18.1.4.LTS\lib\</path>
         <kind>archive</kind>
         <file>rtsv7M4_T_le_v4SPD16_eabi.lib</file>
         <name>memccpy.c.obj</name>
      </input_file>
      <input_file id="fl-d9">
         <path>C:\TI\ccsv8\tools\compiler\ti-cgt-arm_18.1.4.LTS\lib\</path>
         <kind>archive</kind>
         <file>rtsv7M4_T_le_v4SPD16_eabi.lib</file>
         <name>strchr.c.obj</name>
      </input_file>
      <input_file id="fl-da">
         <path>C:\TI\ccsv8\tools\compiler\ti-cgt-arm_18.1.4.LTS\lib\</path>
         <kind>archive</kind>
         <file>rtsv7M4_T_le_v4SPD16_eabi.lib</file>
         <name>wcslen.c.obj</name>
      </input_file>
      <input_file id="fl-db">
         <path>C:\TI\ccsv8\tools\compiler\ti-cgt-arm_18.1.4.LTS\lib\</path>
         <kind>archive</kind>
         <file>rtsv7M4_T_le_v4SPD16_eabi.lib</file>
         <name>s_frexp.c.obj</name>
      </input_file>
      <input_file id="fl-dc">
         <path>C:\TI\ccsv8\tools\compiler\ti-cgt-arm_18.1.4.LTS\lib\</path>
         <kind>archive</kind>
         <file>rtsv7M4_T_le_v4SPD16_eabi.lib</file>
         <name>s_scalbn.c.obj</name>
      </input_file>
      <input_file id="fl-dd">
         <path>C:\TI\ccsv8\tools\compiler\ti-cgt-arm_18.1.4.LTS\lib\</path>
         <kind>archive</kind>
         <file>rtsv7M4_T_le_v4SPD16_eabi.lib</file>
         <name>fd_add_t2.asm.obj</name>
      </input_file>
      <input_file id="fl-de">
         <path>C:\TI\ccsv8\tools\compiler\ti-cgt-arm_18.1.4.LTS\lib\</path>
         <kind>archive</kind>
         <file>rtsv7M4_T_le_v4SPD16_eabi.lib</file>
         <name>fd_cmp_t2.asm.obj</name>
      </input_file>
      <input_file id="fl-df">
         <path>C:\TI\ccsv8\tools\compiler\ti-cgt-arm_18.1.4.LTS\lib\</path>
         <kind>archive</kind>
         <file>rtsv7M4_T_le_v4SPD16_eabi.lib</file>
         <name>fd_div_t2.asm.obj</name>
      </input_file>
      <input_file id="fl-e0">
         <path>C:\TI\ccsv8\tools\compiler\ti-cgt-arm_18.1.4.LTS\lib\</path>
         <kind>archive</kind>
         <file>rtsv7M4_T_le_v4SPD16_eabi.lib</file>
         <name>fd_mul_t2.asm.obj</name>
      </input_file>
      <input_file id="fl-e1">
         <path>C:\TI\ccsv8\tools\compiler\ti-cgt-arm_18.1.4.LTS\lib\</path>
         <kind>archive</kind>
         <file>rtsv7M4_T_le_v4SPD16_eabi.lib</file>
         <name>fd_toi_t2.asm.obj</name>
      </input_file>
      <input_file id="fl-e2">
         <path>C:\TI\ccsv8\tools\compiler\ti-cgt-arm_18.1.4.LTS\lib\</path>
         <kind>archive</kind>
         <file>rtsv7M4_T_le_v4SPD16_eabi.lib</file>
         <name>i_tofd_t2.asm.obj</name>
      </input_file>
      <input_file id="fl-e3">
         <path>C:\TI\ccsv8\tools\compiler\ti-cgt-arm_18.1.4.LTS\lib\</path>
         <kind>archive</kind>
         <file>rtsv7M4_T_le_v4SPD16_eabi.lib</file>
         <name>ull_div_t2.asm.obj</name>
      </input_file>
      <input_file id="fl-e4">
         <path>C:\TI\ccsv8\tools\compiler\ti-cgt-arm_18.1.4.LTS\lib\</path>
         <kind>archive</kind>
         <file>rtsv7M4_T_le_v4SPD16_eabi.lib</file>
         <name>errno.c.obj</name>
      </input_file>
      <input_file id="fl-e5">
         <path>C:\TI\ccsv8\tools\compiler\ti-cgt-arm_18.1.4.LTS\lib\</path>
         <kind>archive</kind>
         <file>rtsv7M4_T_le_v4SPD16_eabi.lib</file>
         <name>s_copysign.c.obj</name>
      </input_file>
      <input_file id="fl-e6">
         <path>C:\TI\ccsv8\tools\compiler\ti-cgt-arm_18.1.4.LTS\lib\</path>
         <kind>archive</kind>
         <file>rtsv7M4_T_le_v4SPD16_eabi.lib</file>
         <name>div0.asm.obj</name>
      </input_file>
      <input_file id="fl-e7">
         <path>C:\ti\CC3200SDK_1.3.0\cc3200-sdk\driverlib\ccs\Release\</path>
         <kind>archive</kind>
         <file>driverlib.a</file>
         <name>gpio.obj</name>
      </input_file>
      <input_file id="fl-e8">
         <path>C:\ti\CC3200SDK_1.3.0\cc3200-sdk\driverlib\ccs\Release\</path>
         <kind>archive</kind>
         <file>driverlib.a</file>
         <name>interrupt.obj</name>
      </input_file>
      <input_file id="fl-e9">
         <path>C:\ti\CC3200SDK_1.3.0\cc3200-sdk\driverlib\ccs\Release\</path>
         <kind>archive</kind>
         <file>driverlib.a</file>
         <name>pin.obj</name>
      </input_file>
      <input_file id="fl-ea">
         <path>C:\ti\CC3200SDK_1.3.0\cc3200-sdk\driverlib\ccs\Release\</path>
         <kind>archive</kind>
         <file>driverlib.a</file>
         <name>prcm.obj</name>
      </input_file>
      <input_file id="fl-eb">
         <path>C:\ti\CC3200SDK_1.3.0\cc3200-sdk\driverlib\ccs\Release\</path>
         <kind>archive</kind>
         <file>driverlib.a</file>
         <name>spi.obj</name>
      </input_file>
      <input_file id="fl-ec">
         <path>C:\ti\CC3200SDK_1.3.0\cc3200-sdk\driverlib\ccs\Release\</path>
         <kind>archive</kind>
         <file>driverlib.a</file>
         <name>timer.obj</name>
      </input_file>
      <input_file id="fl-ed">
         <path>C:\ti\CC3200SDK_1.3.0\cc3200-sdk\driverlib\ccs\Release\</path>
         <kind>archive</kind>
         <file>driverlib.a</file>
         <name>uart.obj</name>
      </input_file>
      <input_file id="fl-ee">
         <path>C:\ti\CC3200SDK_1.3.0\cc3200-sdk\driverlib\ccs\Release\</path>
         <kind>archive</kind>
         <file>driverlib.a</file>
         <name>utils.obj</name>
      </input_file>
      <input_file id="fl-ef">
         <path>C:\ti\CC3200SDK_1.3.0\cc3200-sdk\driverlib\ccs\Release\</path>
         <kind>archive</kind>
         <file>driverlib.a</file>
         <name>cpu.obj</name>
      </input_file>
      <input_file id="fl-f0">
         <path>C:\ti\CC3200SDK_1.3.0\cc3200-sdk\driverlib\ccs\Release\</path>
         <kind>archive</kind>
         <file>driverlib.a</file>
         <name>flash.obj</name>
      </input_file>
   </input_file_list>
   <object_component_list>
      <object_component id="oc-f">
         <name>.intvecs</name>
         <load_address>0x20004000</load_address>
         <run_address>0x20004000</run_address>
         <size>0x400</size>
         <input_file_ref idref="fl-6"/>
      </object_component>
      <object_component id="oc-94">
         <name>.text</name>
         <load_address>0x20004400</load_address>
         <run_address>0x20004400</run_address>
         <size>0xcd8</size>
         <input_file_ref idref="fl-4"/>
      </object_component>
      <object_component id="oc-135">
         <name>.text</name>
         <load_address>0x200050d8</load_address>
         <run_address>0x200050d8</run_address>
         <size>0xa80</size>
         <input_file_ref idref="fl-2"/>
      </object_component>
      <object_component id="oc-358">
         <name>.text:__TI_printfi</name>
         <load_address>0x20005b58</load_address>
         <run_address>0x20005b58</run_address>
         <size>0xa5e</size>
         <input_file_ref idref="fl-d4"/>
      </object_component>
      <object_component id="oc-3f5">
         <name>.text:IntDefaultHandler</name>
         <load_address>0x200065b6</load_address>
         <run_address>0x200065b6</run_address>
         <size>0x2</size>
         <input_file_ref idref="fl-e8"/>
      </object_component>
      <object_component id="oc-10b">
         <name>.text</name>
         <load_address>0x200065b8</load_address>
         <run_address>0x200065b8</run_address>
         <size>0x4aa</size>
         <input_file_ref idref="fl-3"/>
      </object_component>
      <object_component id="oc-3d1">
         <name>.text:_nop</name>
         <load_address>0x20006a62</load_address>
         <run_address>0x20006a62</run_address>
         <size>0x2</size>
         <input_file_ref idref="fl-ca"/>
      </object_component>
      <object_component id="oc-e0">
         <name>.text</name>
         <load_address>0x20006a64</load_address>
         <run_address>0x20006a64</run_address>
         <size>0x280</size>
         <input_file_ref idref="fl-9"/>
      </object_component>
      <object_component id="oc-41f">
         <name>.text:_pconv_a</name>
         <load_address>0x20006ce4</load_address>
         <run_address>0x20006ce4</run_address>
         <size>0x270</size>
         <input_file_ref idref="fl-d4"/>
      </object_component>
      <object_component id="oc-40d">
         <name>.text:_pconv_g</name>
         <load_address>0x20006f54</load_address>
         <run_address>0x20006f54</run_address>
         <size>0x1d0</size>
         <input_file_ref idref="fl-d4"/>
      </object_component>
      <object_component id="oc-494">
         <name>.text</name>
         <load_address>0x20007124</load_address>
         <run_address>0x20007124</run_address>
         <size>0x1b6</size>
         <input_file_ref idref="fl-dd"/>
      </object_component>
      <object_component id="oc-4e8">
         <name>.text</name>
         <load_address>0x200072da</load_address>
         <run_address>0x200072da</run_address>
         <size>0x2</size>
         <input_file_ref idref="fl-e6"/>
      </object_component>
      <object_component id="oc-ce">
         <name>.text</name>
         <load_address>0x200072dc</load_address>
         <run_address>0x200072dc</run_address>
         <size>0x198</size>
         <input_file_ref idref="fl-8"/>
      </object_component>
      <object_component id="oc-16d">
         <name>.text:PRCMCC3200MCUInit</name>
         <load_address>0x20007474</load_address>
         <run_address>0x20007474</run_address>
         <size>0x178</size>
         <input_file_ref idref="fl-ea"/>
      </object_component>
      <object_component id="oc-419">
         <name>.text:_pconv_e</name>
         <load_address>0x200075ec</load_address>
         <run_address>0x200075ec</run_address>
         <size>0x13c</size>
         <input_file_ref idref="fl-d4"/>
      </object_component>
      <object_component id="oc-47a">
         <name>.text</name>
         <load_address>0x20007728</load_address>
         <run_address>0x20007728</run_address>
         <size>0x136</size>
         <input_file_ref idref="fl-df"/>
      </object_component>
      <object_component id="oc-175">
         <name>.text</name>
         <load_address>0x20007860</load_address>
         <run_address>0x20007860</run_address>
         <size>0x128</size>
         <input_file_ref idref="fl-5"/>
      </object_component>
      <object_component id="oc-4a6">
         <name>.text:fcvt</name>
         <load_address>0x20007988</load_address>
         <run_address>0x20007988</run_address>
         <size>0x124</size>
         <input_file_ref idref="fl-d4"/>
      </object_component>
      <object_component id="oc-255">
         <name>.text:realloc</name>
         <load_address>0x20007aac</load_address>
         <run_address>0x20007aac</run_address>
         <size>0x114</size>
         <input_file_ref idref="fl-c9"/>
      </object_component>
      <object_component id="oc-4ba">
         <name>.text:scalbn</name>
         <load_address>0x20007bc0</load_address>
         <run_address>0x20007bc0</run_address>
         <size>0x110</size>
         <input_file_ref idref="fl-dc"/>
      </object_component>
      <object_component id="oc-475">
         <name>.text</name>
         <load_address>0x20007cd0</load_address>
         <run_address>0x20007cd0</run_address>
         <size>0xfc</size>
         <input_file_ref idref="fl-e0"/>
      </object_component>
      <object_component id="oc-25b">
         <name>.text:free</name>
         <load_address>0x20007dcc</load_address>
         <run_address>0x20007dcc</run_address>
         <size>0xd8</size>
         <input_file_ref idref="fl-c9"/>
      </object_component>
      <object_component id="oc-402">
         <name>.text:_ltostr</name>
         <load_address>0x20007ea4</load_address>
         <run_address>0x20007ea4</run_address>
         <size>0xb1</size>
         <input_file_ref idref="fl-d4"/>
      </object_component>
      <object_component id="oc-349">
         <name>.text:IntDisable</name>
         <load_address>0x20007f58</load_address>
         <run_address>0x20007f58</run_address>
         <size>0xa8</size>
         <input_file_ref idref="fl-e8"/>
      </object_component>
      <object_component id="oc-167">
         <name>.text:IntEnable</name>
         <load_address>0x20008000</load_address>
         <run_address>0x20008000</run_address>
         <size>0xa8</size>
         <input_file_ref idref="fl-e8"/>
      </object_component>
      <object_component id="oc-ff">
         <name>.text:SPIConfigSetExpClk</name>
         <load_address>0x200080a8</load_address>
         <run_address>0x200080a8</run_address>
         <size>0xa0</size>
         <input_file_ref idref="fl-eb"/>
      </object_component>
      <object_component id="oc-3a">
         <name>.text</name>
         <load_address>0x20008148</load_address>
         <run_address>0x20008148</run_address>
         <size>0x9c</size>
         <input_file_ref idref="fl-cf"/>
      </object_component>
      <object_component id="oc-46e">
         <name>.text</name>
         <load_address>0x200081e4</load_address>
         <run_address>0x200081e4</run_address>
         <size>0x96</size>
         <input_file_ref idref="fl-e3"/>
      </object_component>
      <object_component id="oc-f9">
         <name>.text:PRCMPeripheralClockGet</name>
         <load_address>0x2000827c</load_address>
         <run_address>0x2000827c</run_address>
         <size>0x94</size>
         <input_file_ref idref="fl-ea"/>
      </object_component>
      <object_component id="oc-2a9">
         <name>.text:PinConfigSet</name>
         <load_address>0x20008310</load_address>
         <run_address>0x20008310</run_address>
         <size>0x88</size>
         <input_file_ref idref="fl-e9"/>
      </object_component>
      <object_component id="oc-408">
         <name>.text:__aeabi_cdcmple</name>
         <load_address>0x20008398</load_address>
         <run_address>0x20008398</run_address>
         <size>0x86</size>
         <input_file_ref idref="fl-de"/>
      </object_component>
      <object_component id="oc-47f">
         <name>.text:__aeabi_cdrcmple</name>
         <load_address>0x2000841e</load_address>
         <run_address>0x2000841e</run_address>
         <size>0x86</size>
         <input_file_ref idref="fl-de"/>
      </object_component>
      <object_component id="oc-187">
         <name>.text:GPIOIntTypeSet</name>
         <load_address>0x200084a4</load_address>
         <run_address>0x200084a4</run_address>
         <size>0x82</size>
         <input_file_ref idref="fl-e7"/>
      </object_component>
      <object_component id="oc-88">
         <name>.text</name>
         <load_address>0x20008526</load_address>
         <run_address>0x20008526</run_address>
         <size>0x7a</size>
         <input_file_ref idref="fl-d0"/>
      </object_component>
      <object_component id="oc-24f">
         <name>.text:malloc</name>
         <load_address>0x200085a0</load_address>
         <run_address>0x200085a0</run_address>
         <size>0x78</size>
         <input_file_ref idref="fl-c9"/>
      </object_component>
      <object_component id="oc-11d">
         <name>.text:UARTConfigSetExpClk</name>
         <load_address>0x20008618</load_address>
         <run_address>0x20008618</run_address>
         <size>0x76</size>
         <input_file_ref idref="fl-ed"/>
      </object_component>
      <object_component id="oc-203">
         <name>.text:TimerIntRegister</name>
         <load_address>0x20008690</load_address>
         <run_address>0x20008690</run_address>
         <size>0x70</size>
         <input_file_ref idref="fl-ec"/>
      </object_component>
      <object_component id="oc-49f">
         <name>.text:_mcpy</name>
         <load_address>0x20008700</load_address>
         <run_address>0x20008700</run_address>
         <size>0x6e</size>
         <input_file_ref idref="fl-d4"/>
      </object_component>
      <object_component id="oc-22d">
         <name>.text:TimerIntUnregister</name>
         <load_address>0x20008770</load_address>
         <run_address>0x20008770</run_address>
         <size>0x68</size>
         <input_file_ref idref="fl-ec"/>
      </object_component>
      <object_component id="oc-12">
         <name>.text:decompress:lzss:__TI_decompress_lzss</name>
         <load_address>0x200087d8</load_address>
         <run_address>0x200087d8</run_address>
         <size>0x68</size>
         <input_file_ref idref="fl-c6"/>
      </object_component>
      <object_component id="oc-4b4">
         <name>.text:frexp</name>
         <load_address>0x20008840</load_address>
         <run_address>0x20008840</run_address>
         <size>0x64</size>
         <input_file_ref idref="fl-db"/>
      </object_component>
      <object_component id="oc-17b">
         <name>.text:PRCMPeripheralReset</name>
         <load_address>0x200088a4</load_address>
         <run_address>0x200088a4</run_address>
         <size>0x58</size>
         <input_file_ref idref="fl-ea"/>
      </object_component>
      <object_component id="oc-413">
         <name>.text:_pconv_f</name>
         <load_address>0x200088fc</load_address>
         <run_address>0x200088fc</run_address>
         <size>0x56</size>
         <input_file_ref idref="fl-d4"/>
      </object_component>
      <object_component id="oc-1fd">
         <name>.text:IntPrioritySet</name>
         <load_address>0x20008954</load_address>
         <run_address>0x20008954</run_address>
         <size>0x54</size>
         <input_file_ref idref="fl-e8"/>
      </object_component>
      <object_component id="oc-489">
         <name>.text:ltoa</name>
         <load_address>0x200089a8</load_address>
         <run_address>0x200089a8</run_address>
         <size>0x54</size>
         <input_file_ref idref="fl-d7"/>
      </object_component>
      <object_component id="oc-499">
         <name>.text:_ecpy</name>
         <load_address>0x200089fc</load_address>
         <run_address>0x200089fc</run_address>
         <size>0x52</size>
         <input_file_ref idref="fl-d4"/>
      </object_component>
      <object_component id="oc-3fc">
         <name>.text:atoi</name>
         <load_address>0x20008a50</load_address>
         <run_address>0x20008a50</run_address>
         <size>0x4c</size>
         <input_file_ref idref="fl-d5"/>
      </object_component>
      <object_component id="oc-301">
         <name>.text:GPIOGetIntNumber</name>
         <load_address>0x20008a9c</load_address>
         <run_address>0x20008a9c</run_address>
         <size>0x48</size>
         <input_file_ref idref="fl-e7"/>
      </object_component>
      <object_component id="oc-484">
         <name>.text</name>
         <load_address>0x20008ae4</load_address>
         <run_address>0x20008ae4</run_address>
         <size>0x48</size>
         <input_file_ref idref="fl-e1"/>
      </object_component>
      <object_component id="oc-1f1">
         <name>.text:TimerConfigure</name>
         <load_address>0x20008b2c</load_address>
         <run_address>0x20008b2c</run_address>
         <size>0x44</size>
         <input_file_ref idref="fl-ec"/>
      </object_component>
      <object_component id="oc-313">
         <name>.text:UARTIntNumberGet</name>
         <load_address>0x20008b70</load_address>
         <run_address>0x20008b70</run_address>
         <size>0x44</size>
         <input_file_ref idref="fl-ed"/>
      </object_component>
      <object_component id="oc-1b8">
         <name>.text:__TI_auto_init_nobinit_nopinit:__TI_auto_init_nobinit_nopinit</name>
         <load_address>0x20008bb4</load_address>
         <run_address>0x20008bb4</run_address>
         <size>0x44</size>
         <input_file_ref idref="fl-d1"/>
      </object_component>
      <object_component id="oc-2a3">
         <name>.text:PinModeSet</name>
         <load_address>0x20008bf8</load_address>
         <run_address>0x20008bf8</run_address>
         <size>0x40</size>
         <input_file_ref idref="fl-e9"/>
      </object_component>
      <object_component id="oc-237">
         <name>.text:vsnprintf</name>
         <load_address>0x20008c38</load_address>
         <run_address>0x20008c38</run_address>
         <size>0x40</size>
         <input_file_ref idref="fl-ce"/>
      </object_component>
      <object_component id="oc-4ac">
         <name>.text:_fcpy</name>
         <load_address>0x20008c78</load_address>
         <run_address>0x20008c78</run_address>
         <size>0x3e</size>
         <input_file_ref idref="fl-d4"/>
      </object_component>
      <object_component id="oc-111">
         <name>.text:PRCMPeripheralClkEnable</name>
         <load_address>0x20008cb8</load_address>
         <run_address>0x20008cb8</run_address>
         <size>0x3c</size>
         <input_file_ref idref="fl-ea"/>
      </object_component>
      <object_component id="oc-387">
         <name>.text:minsert</name>
         <load_address>0x20008cf4</load_address>
         <run_address>0x20008cf4</run_address>
         <size>0x3c</size>
         <input_file_ref idref="fl-c9"/>
      </object_component>
      <object_component id="oc-58">
         <name>.text:_c_int00_noargs:_c_int00_noargs</name>
         <load_address>0x20008d30</load_address>
         <run_address>0x20008d30</run_address>
         <size>0x38</size>
         <input_file_ref idref="fl-c7"/>
      </object_component>
      <object_component id="oc-37b">
         <name>.text:minit</name>
         <load_address>0x20008d68</load_address>
         <run_address>0x20008d68</run_address>
         <size>0x38</size>
         <input_file_ref idref="fl-c9"/>
      </object_component>
      <object_component id="oc-2f2">
         <name>.text:GPIODirModeSet</name>
         <load_address>0x20008da0</load_address>
         <run_address>0x20008da0</run_address>
         <size>0x36</size>
         <input_file_ref idref="fl-e7"/>
      </object_component>
      <object_component id="oc-2ec">
         <name>.text:PinTypeGPIO</name>
         <load_address>0x20008dd6</load_address>
         <run_address>0x20008dd6</run_address>
         <size>0x30</size>
         <input_file_ref idref="fl-e9"/>
      </object_component>
      <object_component id="oc-2b0">
         <name>.text:UARTDisable</name>
         <load_address>0x20008e08</load_address>
         <run_address>0x20008e08</run_address>
         <size>0x30</size>
         <input_file_ref idref="fl-ed"/>
      </object_component>
      <object_component id="oc-35e">
         <name>.text:_outs</name>
         <load_address>0x20008e38</load_address>
         <run_address>0x20008e38</run_address>
         <size>0x30</size>
         <input_file_ref idref="fl-ce"/>
      </object_component>
      <object_component id="oc-48f">
         <name>.text</name>
         <load_address>0x20008e68</load_address>
         <run_address>0x20008e68</run_address>
         <size>0x2e</size>
         <input_file_ref idref="fl-e2"/>
      </object_component>
      <object_component id="oc-2d3">
         <name>.text:PRCMSysResetCauseGet</name>
         <load_address>0x20008e98</load_address>
         <run_address>0x20008e98</run_address>
         <size>0x2c</size>
         <input_file_ref idref="fl-ea"/>
      </object_component>
      <object_component id="oc-21b">
         <name>.text:TimerLoadSet</name>
         <load_address>0x20008ec4</load_address>
         <run_address>0x20008ec4</run_address>
         <size>0x2a</size>
         <input_file_ref idref="fl-ec"/>
      </object_component>
      <object_component id="oc-1f7">
         <name>.text:TimerPrescaleSet</name>
         <load_address>0x20008eee</load_address>
         <run_address>0x20008eee</run_address>
         <size>0x2a</size>
         <input_file_ref idref="fl-ec"/>
      </object_component>
      <object_component id="oc-2e5">
         <name>.text:PRCMPeripheralClkDisable</name>
         <load_address>0x20008f18</load_address>
         <run_address>0x20008f18</run_address>
         <size>0x28</size>
         <input_file_ref idref="fl-ea"/>
      </object_component>
      <object_component id="oc-381">
         <name>.text:mremove</name>
         <load_address>0x20008f40</load_address>
         <run_address>0x20008f40</run_address>
         <size>0x28</size>
         <input_file_ref idref="fl-c9"/>
      </object_component>
      <object_component id="oc-34f">
         <name>.text:IntUnregister</name>
         <load_address>0x20008f68</load_address>
         <run_address>0x20008f68</run_address>
         <size>0x24</size>
         <input_file_ref idref="fl-e8"/>
      </object_component>
      <object_component id="oc-123">
         <name>.text:UARTEnable</name>
         <load_address>0x20008f8c</load_address>
         <run_address>0x20008f8c</run_address>
         <size>0x24</size>
         <input_file_ref idref="fl-ed"/>
      </object_component>
      <object_component id="oc-249">
         <name>.text:memmove</name>
         <load_address>0x20008fb0</load_address>
         <run_address>0x20008fb0</run_address>
         <size>0x24</size>
         <input_file_ref idref="fl-cc"/>
      </object_component>
      <object_component id="oc-c2">
         <name>.text:GPIOIntStatus</name>
         <load_address>0x20008fd4</load_address>
         <run_address>0x20008fd4</run_address>
         <size>0x22</size>
         <input_file_ref idref="fl-e7"/>
      </object_component>
      <object_component id="oc-f3">
         <name>.text:SPIReset</name>
         <load_address>0x20008ff6</load_address>
         <run_address>0x20008ff6</run_address>
         <size>0x22</size>
         <input_file_ref idref="fl-eb"/>
      </object_component>
      <object_component id="oc-da">
         <name>.text:TimerValueSet</name>
         <load_address>0x20009018</load_address>
         <run_address>0x20009018</run_address>
         <size>0x22</size>
         <input_file_ref idref="fl-ec"/>
      </object_component>
      <object_component id="oc-285">
         <name>.text:GPIOPinWrite</name>
         <load_address>0x2000903a</load_address>
         <run_address>0x2000903a</run_address>
         <size>0x20</size>
         <input_file_ref idref="fl-e7"/>
      </object_component>
      <object_component id="oc-307">
         <name>.text:IntRegister</name>
         <load_address>0x2000905c</load_address>
         <run_address>0x2000905c</run_address>
         <size>0x20</size>
         <input_file_ref idref="fl-e8"/>
      </object_component>
      <object_component id="oc-291">
         <name>.text:SPIDataGet</name>
         <load_address>0x2000907c</load_address>
         <run_address>0x2000907c</run_address>
         <size>0x20</size>
         <input_file_ref idref="fl-eb"/>
      </object_component>
      <object_component id="oc-181">
         <name>.text:GPIOIntRegister</name>
         <load_address>0x2000909c</load_address>
         <run_address>0x2000909c</run_address>
         <size>0x1e</size>
         <input_file_ref idref="fl-e7"/>
      </object_component>
      <object_component id="oc-28b">
         <name>.text:SPIDataPut</name>
         <load_address>0x200090ba</load_address>
         <run_address>0x200090ba</run_address>
         <size>0x1e</size>
         <input_file_ref idref="fl-eb"/>
      </object_component>
      <object_component id="oc-221">
         <name>.text:TimerDisable</name>
         <load_address>0x200090d8</load_address>
         <run_address>0x200090d8</run_address>
         <size>0x1e</size>
         <input_file_ref idref="fl-ec"/>
      </object_component>
      <object_component id="oc-193">
         <name>.text:TimerEnable</name>
         <load_address>0x200090f6</load_address>
         <run_address>0x200090f6</run_address>
         <size>0x1e</size>
         <input_file_ref idref="fl-ec"/>
      </object_component>
      <object_component id="oc-20f">
         <name>.text:TimerIntStatus</name>
         <load_address>0x20009114</load_address>
         <run_address>0x20009114</run_address>
         <size>0x1e</size>
         <input_file_ref idref="fl-ec"/>
      </object_component>
      <object_component id="oc-141">
         <name>.text:UARTCharPut</name>
         <load_address>0x20009132</load_address>
         <run_address>0x20009132</run_address>
         <size>0x1e</size>
         <input_file_ref idref="fl-ed"/>
      </object_component>
      <object_component id="oc-19f">
         <name>.text:UARTIntRegister</name>
         <load_address>0x20009150</load_address>
         <run_address>0x20009150</run_address>
         <size>0x1e</size>
         <input_file_ref idref="fl-ed"/>
      </object_component>
      <object_component id="oc-d4">
         <name>.text:TimerValueGet</name>
         <load_address>0x2000916e</load_address>
         <run_address>0x2000916e</run_address>
         <size>0x1c</size>
         <input_file_ref idref="fl-ec"/>
      </object_component>
      <object_component id="oc-23d">
         <name>.text:UARTCharGetNonBlocking</name>
         <load_address>0x2000918a</load_address>
         <run_address>0x2000918a</run_address>
         <size>0x1c</size>
         <input_file_ref idref="fl-ed"/>
      </object_component>
      <object_component id="oc-425">
         <name>.text:memccpy</name>
         <load_address>0x200091a6</load_address>
         <run_address>0x200091a6</run_address>
         <size>0x1c</size>
         <input_file_ref idref="fl-d8"/>
      </object_component>
      <object_component id="oc-18d">
         <name>.text:GPIOIntEnable</name>
         <load_address>0x200091c2</load_address>
         <run_address>0x200091c2</run_address>
         <size>0x1a</size>
         <input_file_ref idref="fl-e7"/>
      </object_component>
      <object_component id="oc-2f8">
         <name>.text:PinTypeSPI</name>
         <load_address>0x200091dc</load_address>
         <run_address>0x200091dc</run_address>
         <size>0x1a</size>
         <input_file_ref idref="fl-e9"/>
      </object_component>
      <object_component id="oc-117">
         <name>.text:PinTypeUART</name>
         <load_address>0x200091f6</load_address>
         <run_address>0x200091f6</run_address>
         <size>0x1a</size>
         <input_file_ref idref="fl-e9"/>
      </object_component>
      <object_component id="oc-297">
         <name>.text:SPICSDisable</name>
         <load_address>0x20009210</load_address>
         <run_address>0x20009210</run_address>
         <size>0x18</size>
         <input_file_ref idref="fl-eb"/>
      </object_component>
      <object_component id="oc-27f">
         <name>.text:SPICSEnable</name>
         <load_address>0x20009228</load_address>
         <run_address>0x20009228</run_address>
         <size>0x18</size>
         <input_file_ref idref="fl-eb"/>
      </object_component>
      <object_component id="oc-105">
         <name>.text:SPIEnable</name>
         <load_address>0x20009240</load_address>
         <run_address>0x20009240</run_address>
         <size>0x18</size>
         <input_file_ref idref="fl-eb"/>
      </object_component>
      <object_component id="oc-227">
         <name>.text:TimerIntDisable</name>
         <load_address>0x20009258</load_address>
         <run_address>0x20009258</run_address>
         <size>0x18</size>
         <input_file_ref idref="fl-ec"/>
      </object_component>
      <object_component id="oc-209">
         <name>.text:TimerIntEnable</name>
         <load_address>0x20009270</load_address>
         <run_address>0x20009270</run_address>
         <size>0x18</size>
         <input_file_ref idref="fl-ec"/>
      </object_component>
      <object_component id="oc-13b">
         <name>.text:UARTBusy</name>
         <load_address>0x20009288</load_address>
         <run_address>0x20009288</run_address>
         <size>0x18</size>
         <input_file_ref idref="fl-ed"/>
      </object_component>
      <object_component id="oc-153">
         <name>.text:UARTCharsAvail</name>
         <load_address>0x200092a0</load_address>
         <run_address>0x200092a0</run_address>
         <size>0x18</size>
         <input_file_ref idref="fl-ed"/>
      </object_component>
      <object_component id="oc-129">
         <name>.text:UARTDMADisable</name>
         <load_address>0x200092b8</load_address>
         <run_address>0x200092b8</run_address>
         <size>0x18</size>
         <input_file_ref idref="fl-ed"/>
      </object_component>
      <object_component id="oc-199">
         <name>.text:UARTIntEnable</name>
         <load_address>0x200092d0</load_address>
         <run_address>0x200092d0</run_address>
         <size>0x18</size>
         <input_file_ref idref="fl-ed"/>
      </object_component>
      <object_component id="oc-364">
         <name>.text:_outc</name>
         <load_address>0x200092e8</load_address>
         <run_address>0x200092e8</run_address>
         <size>0x18</size>
         <input_file_ref idref="fl-ce"/>
      </object_component>
      <object_component id="oc-2d9">
         <name>.text:PRCMHIBRegRead</name>
         <load_address>0x20009300</load_address>
         <run_address>0x20009300</run_address>
         <size>0x16</size>
         <input_file_ref idref="fl-ea"/>
      </object_component>
      <object_component id="oc-2df">
         <name>.text:PRCMHIBRegWrite</name>
         <load_address>0x20009316</load_address>
         <run_address>0x20009316</run_address>
         <size>0x16</size>
         <input_file_ref idref="fl-ea"/>
      </object_component>
      <object_component id="oc-14d">
         <name>.text:UARTCharGet</name>
         <load_address>0x2000932c</load_address>
         <run_address>0x2000932c</run_address>
         <size>0x16</size>
         <input_file_ref idref="fl-ed"/>
      </object_component>
      <object_component id="oc-12f">
         <name>.text:UARTFIFODisable</name>
         <load_address>0x20009342</load_address>
         <run_address>0x20009342</run_address>
         <size>0x16</size>
         <input_file_ref idref="fl-ed"/>
      </object_component>
      <object_component id="oc-4c0">
         <name>.text:strchr</name>
         <load_address>0x20009358</load_address>
         <run_address>0x20009358</run_address>
         <size>0x16</size>
         <input_file_ref idref="fl-d9"/>
      </object_component>
      <object_component id="oc-2c8">
         <name>.text:CPUcpsie</name>
         <load_address>0x2000936e</load_address>
         <run_address>0x2000936e</run_address>
         <size>0x14</size>
         <input_file_ref idref="fl-ef"/>
      </object_component>
      <object_component id="oc-c8">
         <name>.text:GPIOIntClear</name>
         <load_address>0x20009382</load_address>
         <run_address>0x20009382</run_address>
         <size>0x14</size>
         <input_file_ref idref="fl-e7"/>
      </object_component>
      <object_component id="oc-15b">
         <name>.text:IntVTableBaseSet</name>
         <load_address>0x20009398</load_address>
         <run_address>0x20009398</run_address>
         <size>0x14</size>
         <input_file_ref idref="fl-e8"/>
      </object_component>
      <object_component id="oc-501">
         <name>.text:copysign</name>
         <load_address>0x200093ac</load_address>
         <run_address>0x200093ac</run_address>
         <size>0x14</size>
         <input_file_ref idref="fl-e5"/>
      </object_component>
      <object_component id="oc-243">
         <name>.text:strlen</name>
         <load_address>0x200093c0</load_address>
         <run_address>0x200093c0</run_address>
         <size>0x14</size>
         <input_file_ref idref="fl-cd"/>
      </object_component>
      <object_component id="oc-215">
         <name>.text:TimerIntClear</name>
         <load_address>0x200093d4</load_address>
         <run_address>0x200093d4</run_address>
         <size>0x12</size>
         <input_file_ref idref="fl-ec"/>
      </object_component>
      <object_component id="oc-147">
         <name>.text:UARTIntClear</name>
         <load_address>0x200093e6</load_address>
         <run_address>0x200093e6</run_address>
         <size>0x12</size>
         <input_file_ref idref="fl-ed"/>
      </object_component>
      <object_component id="oc-42b">
         <name>.text:wcslen</name>
         <load_address>0x200093f8</load_address>
         <run_address>0x200093f8</run_address>
         <size>0x12</size>
         <input_file_ref idref="fl-da"/>
      </object_component>
      <object_component id="oc-18">
         <name>.text:decompress:none:__TI_decompress_none</name>
         <load_address>0x2000940a</load_address>
         <run_address>0x2000940a</run_address>
         <size>0xe</size>
         <input_file_ref idref="fl-c5"/>
      </object_component>
      <object_component id="oc-26">
         <name>.text</name>
         <load_address>0x20009418</load_address>
         <run_address>0x20009418</run_address>
         <size>0xe</size>
         <input_file_ref idref="fl-6"/>
      </object_component>
      <object_component id="oc-4c">
         <name>.text:decompress:ZI:__TI_zero_init</name>
         <load_address>0x20009426</load_address>
         <run_address>0x20009426</run_address>
         <size>0xc</size>
         <input_file_ref idref="fl-c4"/>
      </object_component>
      <object_component id="oc-161">
         <name>.text:IntMasterEnable</name>
         <load_address>0x20009432</load_address>
         <run_address>0x20009432</run_address>
         <size>0xa</size>
         <input_file_ref idref="fl-e8"/>
      </object_component>
      <object_component id="oc-431">
         <name>.text:__aeabi_errno_addr</name>
         <load_address>0x2000943c</load_address>
         <run_address>0x2000943c</run_address>
         <size>0x8</size>
         <input_file_ref idref="fl-e4"/>
      </object_component>
      <object_component id="oc-3b7">
         <name>.text:UtilsDelay</name>
         <load_address>0x20009444</load_address>
         <run_address>0x20009444</run_address>
         <size>0x6</size>
         <input_file_ref idref="fl-ee"/>
      </object_component>
      <object_component id="oc-8e">
         <name>.text:_system_pre_init</name>
         <load_address>0x2000944a</load_address>
         <run_address>0x2000944a</run_address>
         <size>0x4</size>
         <input_file_ref idref="fl-d2"/>
      </object_component>
      <object_component id="oc-1ac">
         <name>.text:abort:abort</name>
         <load_address>0x2000944e</load_address>
         <run_address>0x2000944e</run_address>
         <size>0x4</size>
         <input_file_ref idref="fl-c8"/>
      </object_component>
      <object_component id="oc-2ba">
         <name>.const:.string:font</name>
         <load_address>0x20009454</load_address>
         <run_address>0x20009454</run_address>
         <size>0x4fb</size>
         <input_file_ref idref="fl-2"/>
      </object_component>
      <object_component id="oc-469">
         <name>.const:.string:_ctypes_</name>
         <load_address>0x2000994f</load_address>
         <run_address>0x2000994f</run_address>
         <size>0x101</size>
         <input_file_ref idref="fl-d6"/>
      </object_component>
      <object_component id="oc-3a6">
         <name>.const:g_ulPinToPadMap</name>
         <load_address>0x20009a50</load_address>
         <run_address>0x20009a50</run_address>
         <size>0x100</size>
         <input_file_ref idref="fl-e9"/>
      </object_component>
      <object_component id="oc-33d">
         <name>.const:g_pulRegs</name>
         <load_address>0x20009b50</load_address>
         <run_address>0x20009b50</run_address>
         <size>0xd4</size>
         <input_file_ref idref="fl-e8"/>
      </object_component>
      <object_component id="oc-29f">
         <name>.const:PRCM_PeriphRegsList</name>
         <load_address>0x20009c24</load_address>
         <run_address>0x20009c24</run_address>
         <size>0xa8</size>
         <input_file_ref idref="fl-ea"/>
      </object_component>
      <object_component id="oc-2cf">
         <name>.const</name>
         <load_address>0x20009ccc</load_address>
         <run_address>0x20009ccc</run_address>
         <size>0x80</size>
         <input_file_ref idref="fl-e8"/>
      </object_component>
      <object_component id="oc-3c9">
         <name>.const</name>
         <load_address>0x20009d4c</load_address>
         <run_address>0x20009d4c</run_address>
         <size>0x10</size>
         <input_file_ref idref="fl-ed"/>
      </object_component>
      <object_component id="oc-557">
         <name>.cinit..data.load</name>
         <load_address>0x20009d60</load_address>
         <run_address>0x20009d60</run_address>
         <size>0x3a</size>
      </object_component>
      <object_component id="oc-555">
         <name>__TI_handler_table</name>
         <load_address>0x20009d9c</load_address>
         <run_address>0x20009d9c</run_address>
         <size>0xc</size>
      </object_component>
      <object_component id="oc-558">
         <name>.cinit..bss.load</name>
         <load_address>0x20009da8</load_address>
         <run_address>0x20009da8</run_address>
         <size>0x8</size>
      </object_component>
      <object_component id="oc-556">
         <name>__TI_cinit_table</name>
         <load_address>0x20009db0</load_address>
         <run_address>0x20009db0</run_address>
         <size>0x10</size>
      </object_component>
      <object_component id="oc-2bd">
         <name>.data</name>
         <load_address>0x2001ef68</load_address>
         <run_address>0x2001ef68</run_address>
         <size>0x15</size>
         <input_file_ref idref="fl-2"/>
      </object_component>
      <object_component id="oc-f0">
         <name>.data</name>
         <load_address>0x2001ef40</load_address>
         <run_address>0x2001ef40</run_address>
         <size>0x28</size>
         <input_file_ref idref="fl-4"/>
      </object_component>
      <object_component id="oc-e6">
         <name>.data:PIN8</name>
         <load_address>0x2001ef94</load_address>
         <run_address>0x2001ef94</run_address>
         <size>0x8</size>
         <input_file_ref idref="fl-4"/>
      </object_component>
      <object_component id="oc-38d">
         <name>.data:$O1$$</name>
         <load_address>0x2001ef80</load_address>
         <run_address>0x2001ef80</run_address>
         <size>0xc</size>
         <input_file_ref idref="fl-c9"/>
      </object_component>
      <object_component id="oc-31f">
         <name>.data:$O1$$</name>
         <load_address>0x2001ef8c</load_address>
         <run_address>0x2001ef8c</run_address>
         <size>0x8</size>
         <input_file_ref idref="fl-ca"/>
      </object_component>
      <object_component id="oc-4d0">
         <name>.data</name>
         <load_address>0x2001ef9c</load_address>
         <run_address>0x2001ef9c</run_address>
         <size>0x4</size>
         <input_file_ref idref="fl-e4"/>
      </object_component>
      <object_component id="oc-261">
         <name>.bss</name>
         <uninitialized>true</uninitialized>
         <run_address>0x2001e720</run_address>
         <size>0x4</size>
         <input_file_ref idref="fl-9"/>
      </object_component>
      <object_component id="oc-e9">
         <name>.common:PIN8_intcount</name>
         <uninitialized>true</uninitialized>
         <run_address>0x2001e724</run_address>
         <size>0x4</size>
      </object_component>
      <object_component id="oc-ec">
         <name>.common:PIN8_intflag</name>
         <uninitialized>true</uninitialized>
         <run_address>0x2001e73c</run_address>
         <size>0x1</size>
      </object_component>
      <object_component id="oc-ed">
         <name>.common:tmp</name>
         <uninitialized>true</uninitialized>
         <run_address>0x2001e738</run_address>
         <size>0x4</size>
      </object_component>
      <object_component id="oc-ef">
         <name>.common:currentPress</name>
         <uninitialized>true</uninitialized>
         <run_address>0x2001e72c</run_address>
         <size>0x4</size>
      </object_component>
      <object_component id="oc-1a5">
         <name>.common:previousPress</name>
         <uninitialized>true</uninitialized>
         <run_address>0x2001e734</run_address>
         <size>0x4</size>
      </object_component>
      <object_component id="oc-173">
         <name>.common:currentButton</name>
         <uninitialized>true</uninitialized>
         <run_address>0x2001e728</run_address>
         <size>0x4</size>
      </object_component>
      <object_component id="oc-174">
         <name>.common:previousButton</name>
         <uninitialized>true</uninitialized>
         <run_address>0x2001e730</run_address>
         <size>0x4</size>
      </object_component>
      <object_component id="oc-ee">
         <name>.common:buffer</name>
         <uninitialized>true</uninitialized>
         <run_address>0x2001d000</run_address>
         <size>0xfa0</size>
      </object_component>
      <object_component id="oc-15a">
         <name>.common:ComposingLetter</name>
         <uninitialized>true</uninitialized>
         <run_address>0x2001dfa0</run_address>
         <size>0x3c0</size>
      </object_component>
      <object_component id="oc-159">
         <name>.common:ReceivedLetter</name>
         <uninitialized>true</uninitialized>
         <run_address>0x2001e360</run_address>
         <size>0x3c0</size>
      </object_component>
      <object_component id="oc-23">
         <name>.sysmem</name>
         <uninitialized>true</uninitialized>
         <run_address>0x2001e740</run_address>
         <size>0x8</size>
         <input_file_ref idref="fl-c9"/>
      </object_component>
      <object_component id="oc-55a">
         <name>.sysmem</name>
         <uninitialized>true</uninitialized>
         <run_address>0x2001e740</run_address>
         <size>0x0</size>
      </object_component>
      <object_component id="oc-20">
         <name>.stack</name>
         <uninitialized>true</uninitialized>
         <run_address>0x2003f800</run_address>
         <size>0x4</size>
         <input_file_ref idref="fl-c7"/>
      </object_component>
      <object_component id="oc-559">
         <name>.stack</name>
         <uninitialized>true</uninitialized>
         <run_address>0x2003f800</run_address>
         <size>0x0</size>
      </object_component>
      <object_component id="oc-2c1">
         <name>.debug_info</name>
         <load_address>0x0</load_address>
         <run_address>0x0</run_address>
         <size>0x34b</size>
         <input_file_ref idref="fl-2"/>
      </object_component>
      <object_component id="oc-2bb">
         <name>.debug_info</name>
         <load_address>0x34b</load_address>
         <run_address>0x34b</run_address>
         <size>0xcf</size>
         <input_file_ref idref="fl-2"/>
      </object_component>
      <object_component id="oc-2be">
         <name>.debug_info</name>
         <load_address>0x41a</load_address>
         <run_address>0x41a</run_address>
         <size>0x17d</size>
         <input_file_ref idref="fl-2"/>
      </object_component>
      <object_component id="oc-136">
         <name>.debug_info</name>
         <load_address>0x597</load_address>
         <run_address>0x597</run_address>
         <size>0x153b</size>
         <input_file_ref idref="fl-2"/>
      </object_component>
      <object_component id="oc-35">
         <name>.debug_info</name>
         <load_address>0x1ad2</load_address>
         <run_address>0x1ad2</run_address>
         <size>0x84</size>
         <input_file_ref idref="fl-2"/>
      </object_component>
      <object_component id="oc-29e">
         <name>.debug_info</name>
         <load_address>0x1b56</load_address>
         <run_address>0x1b56</run_address>
         <size>0x35e</size>
         <input_file_ref idref="fl-3"/>
      </object_component>
      <object_component id="oc-10c">
         <name>.debug_info</name>
         <load_address>0x1eb4</load_address>
         <run_address>0x1eb4</run_address>
         <size>0xe5e</size>
         <input_file_ref idref="fl-3"/>
      </object_component>
      <object_component id="oc-274">
         <name>.debug_info</name>
         <load_address>0x2d12</load_address>
         <run_address>0x2d12</run_address>
         <size>0x26b</size>
         <input_file_ref idref="fl-3"/>
      </object_component>
      <object_component id="oc-3c0">
         <name>.debug_info</name>
         <load_address>0x2f7d</load_address>
         <run_address>0x2f7d</run_address>
         <size>0x62</size>
         <input_file_ref idref="fl-3"/>
      </object_component>
      <object_component id="oc-397">
         <name>.debug_info</name>
         <load_address>0x2fdf</load_address>
         <run_address>0x2fdf</run_address>
         <size>0x297</size>
         <input_file_ref idref="fl-3"/>
      </object_component>
      <object_component id="oc-1eb">
         <name>.debug_info</name>
         <load_address>0x3276</load_address>
         <run_address>0x3276</run_address>
         <size>0x2c</size>
         <input_file_ref idref="fl-3"/>
      </object_component>
      <object_component id="oc-b9">
         <name>.debug_info</name>
         <load_address>0x32a2</load_address>
         <run_address>0x32a2</run_address>
         <size>0x2c</size>
         <input_file_ref idref="fl-3"/>
      </object_component>
      <object_component id="oc-266">
         <name>.debug_info</name>
         <load_address>0x32ce</load_address>
         <run_address>0x32ce</run_address>
         <size>0x2c</size>
         <input_file_ref idref="fl-3"/>
      </object_component>
      <object_component id="oc-ea">
         <name>.debug_info</name>
         <load_address>0x32fa</load_address>
         <run_address>0x32fa</run_address>
         <size>0xc56</size>
         <input_file_ref idref="fl-4"/>
      </object_component>
      <object_component id="oc-f1">
         <name>.debug_info</name>
         <load_address>0x3f50</load_address>
         <run_address>0x3f50</run_address>
         <size>0x22b</size>
         <input_file_ref idref="fl-4"/>
      </object_component>
      <object_component id="oc-e7">
         <name>.debug_info</name>
         <load_address>0x417b</load_address>
         <run_address>0x417b</run_address>
         <size>0xc7</size>
         <input_file_ref idref="fl-4"/>
      </object_component>
      <object_component id="oc-95">
         <name>.debug_info</name>
         <load_address>0x4242</load_address>
         <run_address>0x4242</run_address>
         <size>0xe8c</size>
         <input_file_ref idref="fl-4"/>
      </object_component>
      <object_component id="oc-1a7">
         <name>.debug_info</name>
         <load_address>0x50ce</load_address>
         <run_address>0x50ce</run_address>
         <size>0xb9</size>
         <input_file_ref idref="fl-4"/>
      </object_component>
      <object_component id="oc-176">
         <name>.debug_info</name>
         <load_address>0x5187</load_address>
         <run_address>0x5187</run_address>
         <size>0x3a8</size>
         <input_file_ref idref="fl-5"/>
      </object_component>
      <object_component id="oc-2e">
         <name>.debug_info</name>
         <load_address>0x552f</load_address>
         <run_address>0x552f</run_address>
         <size>0x2bb</size>
         <input_file_ref idref="fl-6"/>
      </object_component>
      <object_component id="oc-10">
         <name>.debug_info</name>
         <load_address>0x57ea</load_address>
         <run_address>0x57ea</run_address>
         <size>0x10c</size>
         <input_file_ref idref="fl-6"/>
      </object_component>
      <object_component id="oc-27">
         <name>.debug_info</name>
         <load_address>0x58f6</load_address>
         <run_address>0x58f6</run_address>
         <size>0x42d</size>
         <input_file_ref idref="fl-6"/>
      </object_component>
      <object_component id="oc-234">
         <name>.debug_info</name>
         <load_address>0x5d23</load_address>
         <run_address>0x5d23</run_address>
         <size>0x5ad</size>
         <input_file_ref idref="fl-8"/>
      </object_component>
      <object_component id="oc-d1">
         <name>.debug_info</name>
         <load_address>0x62d0</load_address>
         <run_address>0x62d0</run_address>
         <size>0xd59</size>
         <input_file_ref idref="fl-8"/>
      </object_component>
      <object_component id="oc-265">
         <name>.debug_info</name>
         <load_address>0x7029</load_address>
         <run_address>0x7029</run_address>
         <size>0x4d3</size>
         <input_file_ref idref="fl-9"/>
      </object_component>
      <object_component id="oc-262">
         <name>.debug_info</name>
         <load_address>0x74fc</load_address>
         <run_address>0x74fc</run_address>
         <size>0xd6</size>
         <input_file_ref idref="fl-9"/>
      </object_component>
      <object_component id="oc-e1">
         <name>.debug_info</name>
         <load_address>0x75d2</load_address>
         <run_address>0x75d2</run_address>
         <size>0x63c</size>
         <input_file_ref idref="fl-9"/>
      </object_component>
      <object_component id="oc-26b">
         <name>.debug_info</name>
         <load_address>0x7c0e</load_address>
         <run_address>0x7c0e</run_address>
         <size>0x110</size>
         <input_file_ref idref="fl-9"/>
      </object_component>
      <object_component id="oc-87">
         <name>.debug_info</name>
         <load_address>0x7d1e</load_address>
         <run_address>0x7d1e</run_address>
         <size>0x31e</size>
         <input_file_ref idref="fl-c4"/>
      </object_component>
      <object_component id="oc-4d">
         <name>.debug_info</name>
         <load_address>0x803c</load_address>
         <run_address>0x803c</run_address>
         <size>0x1b5</size>
         <input_file_ref idref="fl-c4"/>
      </object_component>
      <object_component id="oc-82">
         <name>.debug_info</name>
         <load_address>0x81f1</load_address>
         <run_address>0x81f1</run_address>
         <size>0x46</size>
         <input_file_ref idref="fl-c4"/>
      </object_component>
      <object_component id="oc-45">
         <name>.debug_info</name>
         <load_address>0x8237</load_address>
         <run_address>0x8237</run_address>
         <size>0x2a8</size>
         <input_file_ref idref="fl-c5"/>
      </object_component>
      <object_component id="oc-19">
         <name>.debug_info</name>
         <load_address>0x84df</load_address>
         <run_address>0x84df</run_address>
         <size>0x1ea</size>
         <input_file_ref idref="fl-c5"/>
      </object_component>
      <object_component id="oc-40">
         <name>.debug_info</name>
         <load_address>0x86c9</load_address>
         <run_address>0x86c9</run_address>
         <size>0x46</size>
         <input_file_ref idref="fl-c5"/>
      </object_component>
      <object_component id="oc-7a">
         <name>.debug_info</name>
         <load_address>0x870f</load_address>
         <run_address>0x870f</run_address>
         <size>0x2c</size>
         <input_file_ref idref="fl-c5"/>
      </object_component>
      <object_component id="oc-78">
         <name>.debug_info</name>
         <load_address>0x873b</load_address>
         <run_address>0x873b</run_address>
         <size>0x29e</size>
         <input_file_ref idref="fl-c6"/>
      </object_component>
      <object_component id="oc-15">
         <name>.debug_info</name>
         <load_address>0x89d9</load_address>
         <run_address>0x89d9</run_address>
         <size>0x250</size>
         <input_file_ref idref="fl-c6"/>
      </object_component>
      <object_component id="oc-30">
         <name>.debug_info</name>
         <load_address>0x8c29</load_address>
         <run_address>0x8c29</run_address>
         <size>0x60</size>
         <input_file_ref idref="fl-c6"/>
      </object_component>
      <object_component id="oc-b2">
         <name>.debug_info</name>
         <load_address>0x8c89</load_address>
         <run_address>0x8c89</run_address>
         <size>0x46</size>
         <input_file_ref idref="fl-c6"/>
      </object_component>
      <object_component id="oc-73">
         <name>.debug_info</name>
         <load_address>0x8ccf</load_address>
         <run_address>0x8ccf</run_address>
         <size>0x39</size>
         <input_file_ref idref="fl-c6"/>
      </object_component>
      <object_component id="oc-21">
         <name>.debug_info</name>
         <load_address>0x8d08</load_address>
         <run_address>0x8d08</run_address>
         <size>0x10b</size>
         <input_file_ref idref="fl-c7"/>
      </object_component>
      <object_component id="oc-5b">
         <name>.debug_info</name>
         <load_address>0x8e13</load_address>
         <run_address>0x8e13</run_address>
         <size>0x1af</size>
         <input_file_ref idref="fl-c7"/>
      </object_component>
      <object_component id="oc-1af">
         <name>.debug_info</name>
         <load_address>0x8fc2</load_address>
         <run_address>0x8fc2</run_address>
         <size>0x122</size>
         <input_file_ref idref="fl-c8"/>
      </object_component>
      <object_component id="oc-6e">
         <name>.debug_info</name>
         <load_address>0x90e4</load_address>
         <run_address>0x90e4</run_address>
         <size>0x3c6</size>
         <input_file_ref idref="fl-c9"/>
      </object_component>
      <object_component id="oc-24">
         <name>.debug_info</name>
         <load_address>0x94aa</load_address>
         <run_address>0x94aa</run_address>
         <size>0x10c</size>
         <input_file_ref idref="fl-c9"/>
      </object_component>
      <object_component id="oc-38e">
         <name>.debug_info</name>
         <load_address>0x95b6</load_address>
         <run_address>0x95b6</run_address>
         <size>0x157</size>
         <input_file_ref idref="fl-c9"/>
      </object_component>
      <object_component id="oc-37c">
         <name>.debug_info</name>
         <load_address>0x970d</load_address>
         <run_address>0x970d</run_address>
         <size>0x144</size>
         <input_file_ref idref="fl-c9"/>
      </object_component>
      <object_component id="oc-383">
         <name>.debug_info</name>
         <load_address>0x9851</load_address>
         <run_address>0x9851</run_address>
         <size>0x17f</size>
         <input_file_ref idref="fl-c9"/>
      </object_component>
      <object_component id="oc-389">
         <name>.debug_info</name>
         <load_address>0x99d0</load_address>
         <run_address>0x99d0</run_address>
         <size>0x17d</size>
         <input_file_ref idref="fl-c9"/>
      </object_component>
      <object_component id="oc-250">
         <name>.debug_info</name>
         <load_address>0x9b4d</load_address>
         <run_address>0x9b4d</run_address>
         <size>0x1e6</size>
         <input_file_ref idref="fl-c9"/>
      </object_component>
      <object_component id="oc-25d">
         <name>.debug_info</name>
         <load_address>0x9d33</load_address>
         <run_address>0x9d33</run_address>
         <size>0x1f1</size>
         <input_file_ref idref="fl-c9"/>
      </object_component>
      <object_component id="oc-256">
         <name>.debug_info</name>
         <load_address>0x9f24</load_address>
         <run_address>0x9f24</run_address>
         <size>0x289</size>
         <input_file_ref idref="fl-c9"/>
      </object_component>
      <object_component id="oc-a8">
         <name>.debug_info</name>
         <load_address>0xa1ad</load_address>
         <run_address>0xa1ad</run_address>
         <size>0x2c</size>
         <input_file_ref idref="fl-c9"/>
      </object_component>
      <object_component id="oc-ad">
         <name>.debug_info</name>
         <load_address>0xa1d9</load_address>
         <run_address>0xa1d9</run_address>
         <size>0x62</size>
         <input_file_ref idref="fl-c9"/>
      </object_component>
      <object_component id="oc-3d9">
         <name>.debug_info</name>
         <load_address>0xa23b</load_address>
         <run_address>0xa23b</run_address>
         <size>0x2c9</size>
         <input_file_ref idref="fl-ca"/>
      </object_component>
      <object_component id="oc-320">
         <name>.debug_info</name>
         <load_address>0xa504</load_address>
         <run_address>0xa504</run_address>
         <size>0x11e</size>
         <input_file_ref idref="fl-ca"/>
      </object_component>
      <object_component id="oc-3d5">
         <name>.debug_info</name>
         <load_address>0xa622</load_address>
         <run_address>0xa622</run_address>
         <size>0x12e</size>
         <input_file_ref idref="fl-ca"/>
      </object_component>
      <object_component id="oc-37a">
         <name>.debug_info</name>
         <load_address>0xa750</load_address>
         <run_address>0xa750</run_address>
         <size>0x2a5</size>
         <input_file_ref idref="fl-cc"/>
      </object_component>
      <object_component id="oc-24c">
         <name>.debug_info</name>
         <load_address>0xa9f5</load_address>
         <run_address>0xa9f5</run_address>
         <size>0x1b6</size>
         <input_file_ref idref="fl-cc"/>
      </object_component>
      <object_component id="oc-378">
         <name>.debug_info</name>
         <load_address>0xabab</load_address>
         <run_address>0xabab</run_address>
         <size>0x28f</size>
         <input_file_ref idref="fl-cd"/>
      </object_component>
      <object_component id="oc-244">
         <name>.debug_info</name>
         <load_address>0xae3a</load_address>
         <run_address>0xae3a</run_address>
         <size>0x24b</size>
         <input_file_ref idref="fl-cd"/>
      </object_component>
      <object_component id="oc-36b">
         <name>.debug_info</name>
         <load_address>0xb085</load_address>
         <run_address>0xb085</run_address>
         <size>0x340</size>
         <input_file_ref idref="fl-ce"/>
      </object_component>
      <object_component id="oc-238">
         <name>.debug_info</name>
         <load_address>0xb3c5</load_address>
         <run_address>0xb3c5</run_address>
         <size>0x208</size>
         <input_file_ref idref="fl-ce"/>
      </object_component>
      <object_component id="oc-35f">
         <name>.debug_info</name>
         <load_address>0xb5cd</load_address>
         <run_address>0xb5cd</run_address>
         <size>0x1c6</size>
         <input_file_ref idref="fl-ce"/>
      </object_component>
      <object_component id="oc-366">
         <name>.debug_info</name>
         <load_address>0xb793</load_address>
         <run_address>0xb793</run_address>
         <size>0x179</size>
         <input_file_ref idref="fl-ce"/>
      </object_component>
      <object_component id="oc-36c">
         <name>.debug_info</name>
         <load_address>0xb90c</load_address>
         <run_address>0xb90c</run_address>
         <size>0x2c</size>
         <input_file_ref idref="fl-ce"/>
      </object_component>
      <object_component id="oc-371">
         <name>.debug_info</name>
         <load_address>0xb938</load_address>
         <run_address>0xb938</run_address>
         <size>0x69</size>
         <input_file_ref idref="fl-ce"/>
      </object_component>
      <object_component id="oc-3d">
         <name>.debug_info</name>
         <load_address>0xb9a1</load_address>
         <run_address>0xb9a1</run_address>
         <size>0x11c</size>
         <input_file_ref idref="fl-cf"/>
      </object_component>
      <object_component id="oc-8a">
         <name>.debug_info</name>
         <load_address>0xbabd</load_address>
         <run_address>0xbabd</run_address>
         <size>0x14a</size>
         <input_file_ref idref="fl-d0"/>
      </object_component>
      <object_component id="oc-326">
         <name>.debug_info</name>
         <load_address>0xbc07</load_address>
         <run_address>0xbc07</run_address>
         <size>0x552</size>
         <input_file_ref idref="fl-d1"/>
      </object_component>
      <object_component id="oc-1bc">
         <name>.debug_info</name>
         <load_address>0xc159</load_address>
         <run_address>0xc159</run_address>
         <size>0x1a6</size>
         <input_file_ref idref="fl-d1"/>
      </object_component>
      <object_component id="oc-3df">
         <name>.debug_info</name>
         <load_address>0xc2ff</load_address>
         <run_address>0xc2ff</run_address>
         <size>0x39</size>
         <input_file_ref idref="fl-d1"/>
      </object_component>
      <object_component id="oc-45c">
         <name>.debug_info</name>
         <load_address>0xc338</load_address>
         <run_address>0xc338</run_address>
         <size>0x39</size>
         <input_file_ref idref="fl-d1"/>
      </object_component>
      <object_component id="oc-3e4">
         <name>.debug_info</name>
         <load_address>0xc371</load_address>
         <run_address>0xc371</run_address>
         <size>0x39</size>
         <input_file_ref idref="fl-d1"/>
      </object_component>
      <object_component id="oc-3e9">
         <name>.debug_info</name>
         <load_address>0xc3aa</load_address>
         <run_address>0xc3aa</run_address>
         <size>0xcd</size>
         <input_file_ref idref="fl-d1"/>
      </object_component>
      <object_component id="oc-91">
         <name>.debug_info</name>
         <load_address>0xc477</load_address>
         <run_address>0xc477</run_address>
         <size>0x153</size>
         <input_file_ref idref="fl-d2"/>
      </object_component>
      <object_component id="oc-438">
         <name>.debug_info</name>
         <load_address>0xc5ca</load_address>
         <run_address>0xc5ca</run_address>
         <size>0x8b1</size>
         <input_file_ref idref="fl-d4"/>
      </object_component>
      <object_component id="oc-403">
         <name>.debug_info</name>
         <load_address>0xce7b</load_address>
         <run_address>0xce7b</run_address>
         <size>0x21e</size>
         <input_file_ref idref="fl-d4"/>
      </object_component>
      <object_component id="oc-49a">
         <name>.debug_info</name>
         <load_address>0xd099</load_address>
         <run_address>0xd099</run_address>
         <size>0x1b3</size>
         <input_file_ref idref="fl-d4"/>
      </object_component>
      <object_component id="oc-4a0">
         <name>.debug_info</name>
         <load_address>0xd24c</load_address>
         <run_address>0xd24c</run_address>
         <size>0x21b</size>
         <input_file_ref idref="fl-d4"/>
      </object_component>
      <object_component id="oc-40e">
         <name>.debug_info</name>
         <load_address>0xd467</load_address>
         <run_address>0xd467</run_address>
         <size>0x3bb</size>
         <input_file_ref idref="fl-d4"/>
      </object_component>
      <object_component id="oc-4a7">
         <name>.debug_info</name>
         <load_address>0xd822</load_address>
         <run_address>0xd822</run_address>
         <size>0x305</size>
         <input_file_ref idref="fl-d4"/>
      </object_component>
      <object_component id="oc-4ad">
         <name>.debug_info</name>
         <load_address>0xdb27</load_address>
         <run_address>0xdb27</run_address>
         <size>0x215</size>
         <input_file_ref idref="fl-d4"/>
      </object_component>
      <object_component id="oc-414">
         <name>.debug_info</name>
         <load_address>0xdd3c</load_address>
         <run_address>0xdd3c</run_address>
         <size>0x215</size>
         <input_file_ref idref="fl-d4"/>
      </object_component>
      <object_component id="oc-41a">
         <name>.debug_info</name>
         <load_address>0xdf51</load_address>
         <run_address>0xdf51</run_address>
         <size>0x304</size>
         <input_file_ref idref="fl-d4"/>
      </object_component>
      <object_component id="oc-420">
         <name>.debug_info</name>
         <load_address>0xe255</load_address>
         <run_address>0xe255</run_address>
         <size>0x4b0</size>
         <input_file_ref idref="fl-d4"/>
      </object_component>
      <object_component id="oc-359">
         <name>.debug_info</name>
         <load_address>0xe705</load_address>
         <run_address>0xe705</run_address>
         <size>0x5d8</size>
         <input_file_ref idref="fl-d4"/>
      </object_component>
      <object_component id="oc-439">
         <name>.debug_info</name>
         <load_address>0xecdd</load_address>
         <run_address>0xecdd</run_address>
         <size>0x86</size>
         <input_file_ref idref="fl-d4"/>
      </object_component>
      <object_component id="oc-4d7">
         <name>.debug_info</name>
         <load_address>0xed63</load_address>
         <run_address>0xed63</run_address>
         <size>0x39</size>
         <input_file_ref idref="fl-d4"/>
      </object_component>
      <object_component id="oc-518">
         <name>.debug_info</name>
         <load_address>0xed9c</load_address>
         <run_address>0xed9c</run_address>
         <size>0xb6</size>
         <input_file_ref idref="fl-d4"/>
      </object_component>
      <object_component id="oc-4dc">
         <name>.debug_info</name>
         <load_address>0xee52</load_address>
         <run_address>0xee52</run_address>
         <size>0x46</size>
         <input_file_ref idref="fl-d4"/>
      </object_component>
      <object_component id="oc-43e">
         <name>.debug_info</name>
         <load_address>0xee98</load_address>
         <run_address>0xee98</run_address>
         <size>0x46</size>
         <input_file_ref idref="fl-d4"/>
      </object_component>
      <object_component id="oc-46d">
         <name>.debug_info</name>
         <load_address>0xeede</load_address>
         <run_address>0xeede</run_address>
         <size>0x2b9</size>
         <input_file_ref idref="fl-d5"/>
      </object_component>
      <object_component id="oc-3ff">
         <name>.debug_info</name>
         <load_address>0xf197</load_address>
         <run_address>0xf197</run_address>
         <size>0x17c</size>
         <input_file_ref idref="fl-d5"/>
      </object_component>
      <object_component id="oc-4e5">
         <name>.debug_info</name>
         <load_address>0xf313</load_address>
         <run_address>0xf313</run_address>
         <size>0xf9</size>
         <input_file_ref idref="fl-d6"/>
      </object_component>
      <object_component id="oc-46a">
         <name>.debug_info</name>
         <load_address>0xf40c</load_address>
         <run_address>0xf40c</run_address>
         <size>0x105</size>
         <input_file_ref idref="fl-d6"/>
      </object_component>
      <object_component id="oc-4f3">
         <name>.debug_info</name>
         <load_address>0xf511</load_address>
         <run_address>0xf511</run_address>
         <size>0x29b</size>
         <input_file_ref idref="fl-d7"/>
      </object_component>
      <object_component id="oc-48a">
         <name>.debug_info</name>
         <load_address>0xf7ac</load_address>
         <run_address>0xf7ac</run_address>
         <size>0x1cd</size>
         <input_file_ref idref="fl-d7"/>
[...]
      </symbol>
      <symbol id="sm-322">
         <name>_c_int00_noargs</name>
         <value>0x20008d31</value>
         <object_component_ref idref="oc-58"/>
      </symbol>
      <symbol id="sm-32d">
         <name>C$$EXIT</name>
         <value>0x2000944f</value>
         <object_component_ref idref="oc-1ac"/>
      </symbol>
      <symbol id="sm-32e">
         <name>abort</name>
         <value>0x2000944f</value>
         <object_component_ref idref="oc-1ac"/>
      </symbol>
      <symbol id="sm-3c4">
         <name>_sys_memory</name>
         <value>0x2001e740</value>
         <object_component_ref idref="oc-23"/>
      </symbol>
      <symbol id="sm-3c5">
         <name>free</name>
         <value>0x20007dcd</value>
         <object_component_ref idref="oc-25b"/>
      </symbol>
      <symbol id="sm-3c6">
         <name>realloc</name>
         <value>0x20007aad</value>
         <object_component_ref idref="oc-255"/>
      </symbol>
      <symbol id="sm-3c7">
         <name>malloc</name>
         <value>0x200085a1</value>
         <object_component_ref idref="oc-24f"/>
      </symbol>
      <symbol id="sm-3c8">
         <name>minit</name>
         <value>0x20008d69</value>
         <object_component_ref idref="oc-37b"/>
      </symbol>
      <symbol id="sm-3dd">
         <name>_nop</name>
         <value>0x20006a63</value>
         <object_component_ref idref="oc-3d1"/>
      </symbol>
      <symbol id="sm-3de">
         <name>_lock</name>
         <value>0x2001ef8c</value>
         <object_component_ref idref="oc-31f"/>
      </symbol>
      <symbol id="sm-3df">
         <name>_unlock</name>
         <value>0x2001ef90</value>
         <object_component_ref idref="oc-31f"/>
      </symbol>
      <symbol id="sm-3f0">
         <name>memmove</name>
         <value>0x20008fb1</value>
         <object_component_ref idref="oc-249"/>
      </symbol>
      <symbol id="sm-3fe">
         <name>strlen</name>
         <value>0x200093c1</value>
         <object_component_ref idref="oc-243"/>
      </symbol>
      <symbol id="sm-42d">
         <name>vsnprintf</name>
         <value>0x20008c39</value>
         <object_component_ref idref="oc-237"/>
      </symbol>
      <symbol id="sm-448">
         <name>memcpy</name>
         <value>0x20008149</value>
         <object_component_ref idref="oc-3a"/>
      </symbol>
      <symbol id="sm-449">
         <name>__aeabi_memcpy</name>
         <value>0x20008149</value>
         <object_component_ref idref="oc-3a"/>
      </symbol>
      <symbol id="sm-44a">
         <name>__aeabi_memcpy8</name>
         <value>0x20008149</value>
         <object_component_ref idref="oc-3a"/>
      </symbol>
      <symbol id="sm-44b">
         <name>__aeabi_memcpy4</name>
         <value>0x20008149</value>
         <object_component_ref idref="oc-3a"/>
      </symbol>
      <symbol id="sm-45a">
         <name>__aeabi_memset</name>
         <value>0x20008529</value>
         <object_component_ref idref="oc-88"/>
      </symbol>
      <symbol id="sm-45b">
         <name>memset</name>
         <value>0x2000852f</value>
         <object_component_ref idref="oc-88"/>
      </symbol>
      <symbol id="sm-45c">
         <name>__aeabi_memset8</name>
         <value>0x20008529</value>
         <object_component_ref idref="oc-88"/>
      </symbol>
      <symbol id="sm-45d">
         <name>__aeabi_memset4</name>
         <value>0x20008529</value>
         <object_component_ref idref="oc-88"/>
      </symbol>
      <symbol id="sm-45e">
         <name>__aeabi_memclr8</name>
         <value>0x20008527</value>
         <object_component_ref idref="oc-88"/>
      </symbol>
      <symbol id="sm-45f">
         <name>__aeabi_memclr4</name>
         <value>0x20008527</value>
         <object_component_ref idref="oc-88"/>
      </symbol>
      <symbol id="sm-460">
         <name>__aeabi_memclr</name>
         <value>0x20008527</value>
         <object_component_ref idref="oc-88"/>
      </symbol>
      <symbol id="sm-488">
         <name>__TI_auto_init_nobinit_nopinit</name>
         <value>0x20008bb5</value>
         <object_component_ref idref="oc-1b8"/>
      </symbol>
      <symbol id="sm-492">
         <name>_system_pre_init</name>
         <value>0x2000944b</value>
         <object_component_ref idref="oc-8e"/>
      </symbol>
      <symbol id="sm-5f8">
         <name>__TI_printfi</name>
         <value>0x20005b59</value>
         <object_component_ref idref="oc-358"/>
      </symbol>
      <symbol id="sm-60e">
         <name>atoi</name>
         <value>0x20008a51</value>
         <object_component_ref idref="oc-3fc"/>
      </symbol>
      <symbol id="sm-619">
         <name>_ctypes_</name>
         <value>0x2000994f</value>
         <object_component_ref idref="oc-469"/>
      </symbol>
      <symbol id="sm-628">
         <name>ltoa</name>
         <value>0x200089a9</value>
         <object_component_ref idref="oc-489"/>
      </symbol>
      <symbol id="sm-638">
         <name>memccpy</name>
         <value>0x200091a7</value>
         <object_component_ref idref="oc-425"/>
      </symbol>
      <symbol id="sm-648">
         <name>strchr</name>
         <value>0x20009359</value>
         <object_component_ref idref="oc-4c0"/>
      </symbol>
      <symbol id="sm-661">
         <name>wcslen</name>
         <value>0x200093f9</value>
         <object_component_ref idref="oc-42b"/>
      </symbol>
      <symbol id="sm-681">
         <name>frexpl</name>
         <value>0x20008841</value>
         <object_component_ref idref="oc-4b4"/>
      </symbol>
      <symbol id="sm-682">
         <name>frexp</name>
         <value>0x20008841</value>
         <object_component_ref idref="oc-4b4"/>
      </symbol>
      <symbol id="sm-69f">
         <name>scalbn</name>
         <value>0x20007bc1</value>
         <object_component_ref idref="oc-4ba"/>
      </symbol>
      <symbol id="sm-6a0">
         <name>scalbnl</name>
         <value>0x20007bc1</value>
         <object_component_ref idref="oc-4ba"/>
      </symbol>
      <symbol id="sm-6a1">
         <name>ldexpl</name>
         <value>0x20007bc1</value>
         <object_component_ref idref="oc-4ba"/>
      </symbol>
      <symbol id="sm-6a2">
         <name>ldexp</name>
         <value>0x20007bc1</value>
         <object_component_ref idref="oc-4ba"/>
      </symbol>
      <symbol id="sm-6b9">
         <name>__aeabi_dsub</name>
         <value>0x20007125</value>
         <object_component_ref idref="oc-494"/>
      </symbol>
      <symbol id="sm-6ba">
         <name>__aeabi_dadd</name>
         <value>0x2000712f</value>
         <object_component_ref idref="oc-494"/>
      </symbol>
      <symbol id="sm-6dc">
         <name>__aeabi_cdcmpeq</name>
         <value>0x20008399</value>
         <object_component_ref idref="oc-408"/>
      </symbol>
      <symbol id="sm-6dd">
         <name>__aeabi_cdcmple</name>
         <value>0x20008399</value>
         <object_component_ref idref="oc-408"/>
      </symbol>
      <symbol id="sm-6de">
         <name>__aeabi_cdrcmple</name>
         <value>0x2000841f</value>
         <object_component_ref idref="oc-47f"/>
      </symbol>
      <symbol id="sm-6f2">
         <name>__aeabi_ddiv</name>
         <value>0x20007729</value>
         <object_component_ref idref="oc-47a"/>
      </symbol>
      <symbol id="sm-6fd">
         <name>__aeabi_dmul</name>
         <value>0x20007cd1</value>
         <object_component_ref idref="oc-475"/>
      </symbol>
      <symbol id="sm-707">
         <name>__aeabi_d2iz</name>
         <value>0x20008ae5</value>
         <object_component_ref idref="oc-484"/>
      </symbol>
      <symbol id="sm-711">
         <name>__aeabi_i2d</name>
         <value>0x20008e69</value>
         <object_component_ref idref="oc-48f"/>
      </symbol>
      <symbol id="sm-71e">
         <name>__aeabi_uldivmod</name>
         <value>0x200081e5</value>
         <object_component_ref idref="oc-46e"/>
      </symbol>
      <symbol id="sm-734">
         <name>__aeabi_errno_addr</name>
         <value>0x2000943d</value>
         <object_component_ref idref="oc-431"/>
      </symbol>
      <symbol id="sm-735">
         <name>errno</name>
         <value>0x2001ef9c</value>
         <object_component_ref idref="oc-4d0"/>
      </symbol>
      <symbol id="sm-73f">
         <name>copysign</name>
         <value>0x200093ad</value>
         <object_component_ref idref="oc-501"/>
      </symbol>
      <symbol id="sm-740">
         <name>copysignl</name>
         <value>0x200093ad</value>
         <object_component_ref idref="oc-501"/>
      </symbol>
      <symbol id="sm-74a">
         <name>__aeabi_idiv0</name>
         <value>0x200072db</value>
         <object_component_ref idref="oc-4e8"/>
      </symbol>
      <symbol id="sm-74b">
         <name>__aeabi_ldiv0</name>
         <value>0x200072db</value>
         <object_component_ref idref="oc-4e8"/>
      </symbol>
      <symbol id="sm-7a3">
         <name>GPIOIntRegister</name>
         <value>0x2000909d</value>
         <object_component_ref idref="oc-181"/>
      </symbol>
      <symbol id="sm-7a4">
         <name>GPIOIntEnable</name>
         <value>0x200091c3</value>
         <object_component_ref idref="oc-18d"/>
      </symbol>
      <symbol id="sm-7a5">
         <name>GPIOIntTypeSet</name>
         <value>0x200084a5</value>
         <object_component_ref idref="oc-187"/>
      </symbol>
      <symbol id="sm-7a6">
         <name>GPIOIntClear</name>
         <value>0x20009383</value>
         <object_component_ref idref="oc-c8"/>
      </symbol>
      <symbol id="sm-7a7">
         <name>GPIOIntStatus</name>
         <value>0x20008fd5</value>
         <object_component_ref idref="oc-c2"/>
      </symbol>
      <symbol id="sm-7a8">
         <name>GPIODirModeSet</name>
         <value>0x20008da1</value>
         <object_component_ref idref="oc-2f2"/>
      </symbol>
      <symbol id="sm-7a9">
         <name>GPIOPinWrite</name>
         <value>0x2000903b</value>
         <object_component_ref idref="oc-285"/>
      </symbol>
      <symbol id="sm-821">
         <name>IntPrioritySet</name>
         <value>0x20008955</value>
         <object_component_ref idref="oc-1fd"/>
      </symbol>
      <symbol id="sm-822">
         <name>IntVTableBaseSet</name>
         <value>0x20009399</value>
         <object_component_ref idref="oc-15b"/>
      </symbol>
      <symbol id="sm-823">
         <name>IntEnable</name>
         <value>0x20008001</value>
         <object_component_ref idref="oc-167"/>
      </symbol>
      <symbol id="sm-824">
         <name>IntDisable</name>
         <value>0x20007f59</value>
         <object_component_ref idref="oc-349"/>
      </symbol>
      <symbol id="sm-825">
         <name>IntRegister</name>
         <value>0x2000905d</value>
         <object_component_ref idref="oc-307"/>
      </symbol>
      <symbol id="sm-826">
         <name>IntUnregister</name>
         <value>0x20008f69</value>
         <object_component_ref idref="oc-34f"/>
      </symbol>
      <symbol id="sm-827">
         <name>IntMasterEnable</name>
         <value>0x20009433</value>
         <object_component_ref idref="oc-161"/>
      </symbol>
      <symbol id="sm-866">
         <name>PinTypeUART</name>
         <value>0x200091f7</value>
         <object_component_ref idref="oc-117"/>
      </symbol>
      <symbol id="sm-867">
         <name>PinTypeGPIO</name>
         <value>0x20008dd7</value>
         <object_component_ref idref="oc-2ec"/>
      </symbol>
      <symbol id="sm-868">
         <name>PinConfigSet</name>
         <value>0x20008311</value>
         <object_component_ref idref="oc-2a9"/>
      </symbol>
      <symbol id="sm-869">
         <name>PinTypeSPI</name>
         <value>0x200091dd</value>
         <object_component_ref idref="oc-2f8"/>
      </symbol>
      <symbol id="sm-86a">
         <name>PinModeSet</name>
         <value>0x20008bf9</value>
         <object_component_ref idref="oc-2a3"/>
      </symbol>
      <symbol id="sm-8f0">
         <name>PRCMPeripheralReset</name>
         <value>0x200088a5</value>
         <object_component_ref idref="oc-17b"/>
      </symbol>
      <symbol id="sm-8f1">
         <name>PRCMPeripheralClkEnable</name>
         <value>0x20008cb9</value>
         <object_component_ref idref="oc-111"/>
      </symbol>
      <symbol id="sm-8f2">
         <name>PRCMPeripheralClockGet</name>
         <value>0x2000827d</value>
         <object_component_ref idref="oc-f9"/>
      </symbol>
      <symbol id="sm-8f3">
         <name>PRCMCC3200MCUInit</name>
         <value>0x20007475</value>
         <object_component_ref idref="oc-16d"/>
      </symbol>
      <symbol id="sm-8f4">
         <name>PRCMHIBRegWrite</name>
         <value>0x20009317</value>
         <object_component_ref idref="oc-2df"/>
      </symbol>
      <symbol id="sm-8f5">
         <name>PRCMSysResetCauseGet</name>
         <value>0x20008e99</value>
         <object_component_ref idref="oc-2d3"/>
      </symbol>
      <symbol id="sm-8f6">
         <name>PRCMPeripheralClkDisable</name>
         <value>0x20008f19</value>
         <object_component_ref idref="oc-2e5"/>
      </symbol>
      <symbol id="sm-8f7">
         <name>PRCMHIBRegRead</name>
         <value>0x20009301</value>
         <object_component_ref idref="oc-2d9"/>
      </symbol>
      <symbol id="sm-93c">
         <name>SPICSEnable</name>
         <value>0x20009229</value>
         <object_component_ref idref="oc-27f"/>
      </symbol>
      <symbol id="sm-93d">
         <name>SPIDataPut</name>
         <value>0x200090bb</value>
         <object_component_ref idref="oc-28b"/>
      </symbol>
      <symbol id="sm-93e">
         <name>SPIEnable</name>
         <value>0x20009241</value>
         <object_component_ref idref="oc-105"/>
      </symbol>
      <symbol id="sm-93f">
         <name>SPIDataGet</name>
         <value>0x2000907d</value>
         <object_component_ref idref="oc-291"/>
      </symbol>
      <symbol id="sm-940">
         <name>SPIConfigSetExpClk</name>
         <value>0x200080a9</value>
         <object_component_ref idref="oc-ff"/>
      </symbol>
      <symbol id="sm-941">
         <name>SPIReset</name>
         <value>0x20008ff7</value>
         <object_component_ref idref="oc-f3"/>
      </symbol>
      <symbol id="sm-942">
         <name>SPICSDisable</name>
         <value>0x20009211</value>
         <object_component_ref idref="oc-297"/>
      </symbol>
      <symbol id="sm-9d0">
         <name>TimerLoadSet</name>
         <value>0x20008ec5</value>
         <object_component_ref idref="oc-21b"/>
      </symbol>
      <symbol id="sm-9d1">
         <name>TimerDisable</name>
         <value>0x200090d9</value>
         <object_component_ref idref="oc-221"/>
      </symbol>
      <symbol id="sm-9d2">
         <name>TimerValueSet</name>
         <value>0x20009019</value>
         <object_component_ref idref="oc-da"/>
      </symbol>
      <symbol id="sm-9d3">
         <name>TimerIntRegister</name>
         <value>0x20008691</value>
         <object_component_ref idref="oc-203"/>
      </symbol>
      <symbol id="sm-9d4">
         <name>TimerEnable</name>
         <value>0x200090f7</value>
         <object_component_ref idref="oc-193"/>
      </symbol>
      <symbol id="sm-9d5">
         <name>TimerIntUnregister</name>
         <value>0x20008771</value>
         <object_component_ref idref="oc-22d"/>
      </symbol>
      <symbol id="sm-9d6">
         <name>TimerIntStatus</name>
         <value>0x20009115</value>
         <object_component_ref idref="oc-20f"/>
      </symbol>
      <symbol id="sm-9d7">
         <name>TimerIntDisable</name>
         <value>0x20009259</value>
         <object_component_ref idref="oc-227"/>
      </symbol>
      <symbol id="sm-9d8">
         <name>TimerValueGet</name>
         <value>0x2000916f</value>
         <object_component_ref idref="oc-d4"/>
      </symbol>
      <symbol id="sm-9d9">
         <name>TimerPrescaleSet</name>
         <value>0x20008eef</value>
         <object_component_ref idref="oc-1f7"/>
      </symbol>
      <symbol id="sm-9da">
         <name>TimerIntEnable</name>
         <value>0x20009271</value>
         <object_component_ref idref="oc-209"/>
      </symbol>
      <symbol id="sm-9db">
         <name>TimerConfigure</name>
         <value>0x20008b2d</value>
         <object_component_ref idref="oc-1f1"/>
      </symbol>
      <symbol id="sm-9dc">
         <name>TimerIntClear</name>
         <value>0x200093d5</value>
         <object_component_ref idref="oc-215"/>
      </symbol>
      <symbol id="sm-a6d">
         <name>UARTFIFODisable</name>
         <value>0x20009343</value>
         <object_component_ref idref="oc-12f"/>
      </symbol>
      <symbol id="sm-a6e">
         <name>UARTConfigSetExpClk</name>
         <value>0x20008619</value>
         <object_component_ref idref="oc-11d"/>
      </symbol>
      <symbol id="sm-a6f">
         <name>UARTDisable</name>
         <value>0x20008e09</value>
         <object_component_ref idref="oc-2b0"/>
      </symbol>
      <symbol id="sm-a70">
         <name>UARTBusy</name>
         <value>0x20009289</value>
         <object_component_ref idref="oc-13b"/>
      </symbol>
      <symbol id="sm-a71">
         <name>UARTIntEnable</name>
         <value>0x200092d1</value>
         <object_component_ref idref="oc-199"/>
      </symbol>
      <symbol id="sm-a72">
         <name>UARTCharsAvail</name>
         <value>0x200092a1</value>
         <object_component_ref idref="oc-153"/>
      </symbol>
      <symbol id="sm-a73">
         <name>UARTCharGetNonBlocking</name>
         <value>0x2000918b</value>
         <object_component_ref idref="oc-23d"/>
      </symbol>
      <symbol id="sm-a74">
         <name>UARTCharPut</name>
         <value>0x20009133</value>
         <object_component_ref idref="oc-141"/>
      </symbol>
      <symbol id="sm-a75">
         <name>UARTEnable</name>
         <value>0x20008f8d</value>
         <object_component_ref idref="oc-123"/>
      </symbol>
      <symbol id="sm-a76">
         <name>UARTIntClear</name>
         <value>0x200093e7</value>
         <object_component_ref idref="oc-147"/>
      </symbol>
      <symbol id="sm-a77">
         <name>UARTDMADisable</name>
         <value>0x200092b9</value>
         <object_component_ref idref="oc-129"/>
      </symbol>
      <symbol id="sm-a78">
         <name>UARTCharGet</name>
         <value>0x2000932d</value>
         <object_component_ref idref="oc-14d"/>
      </symbol>
      <symbol id="sm-a79">
         <name>UARTIntRegister</name>
         <value>0x20009151</value>
         <object_component_ref idref="oc-19f"/>
      </symbol>
      <symbol id="sm-a7d">
         <name>UtilsDelay</name>
         <value>0x20009445</value>
         <object_component_ref idref="oc-3b7"/>
      </symbol>
      <symbol id="sm-a87">
         <name>CPUcpsie</name>
         <value>0x2000936f</value>
         <object_component_ref idref="oc-2c8"/>
      </symbol>
      <symbol id="sm-a89">
         <name>__TI_static_base__</name>
         <value>0x20009d60</value>
      </symbol>
      <symbol id="sm-a8c">
         <name>__mpu_init</name>
         <value>0x0</value>
      </symbol>
      <symbol id="sm-a8d">
         <name>_system_post_cinit</name>
         <value>0x0</value>
      </symbol>
   </symbol_table>
   <title>Link successful</title>
</link_info>
