******************************************************************************
                  TI ARM Linker PC v18.1.4                     
******************************************************************************
>> Linked Sun Feb  3 20:16:08 2019

OUTPUT FILE NAME:   <int_sw.out>
ENTRY POINT SYMBOL: "_c_int00_noargs"  address: 2000748d


MEMORY CONFIGURATION

         name            origin    length      used     unused   attr    fill
----------------------  --------  ---------  --------  --------  ----  --------
  SRAM_CODE             20004000   00019000  00003e6e  00015192  RW X
  SRAM_DATA             2001d000   00023000  00001fd9  00021027  RW X


SEGMENT ALLOCATION MAP

run origin  load origin   length   init length attrs members
----------  ----------- ---------- ----------- ----- -------
20004000    20004000    00003e70   00003e70    r-x
  20004000    20004000    00000400   00000400    r-- .intvecs
  20004400    20004400    00003626   00003626    r-x .text
  20007a28    20007a28    00000400   00000400    r-- .const
  20007e28    20007e28    00000048   00000048    r-- .cinit
2001d000    2001d000    000017e0   00000000    rw-
  2001d000    2001d000    00000fb9   00000000    rw- .bss
  2001dfc0    2001dfc0    00000800   00000000    rw- .sysmem
  2001e7c0    2001e7c0    00000020   00000000    rw- .data
2003f800    2003f800    00000800   00000000    rw-
  2003f800    2003f800    00000800   00000000    rw- .stack


SECTION ALLOCATION MAP

 output                                  attributes/
section   page    origin      length       input sections
--------  ----  ----------  ----------   ----------------
.intvecs   0    20004000    00000400     
                  20004000    00000400     startup_ccs.obj (.intvecs)

.init_array 
*          0    20004000    00000000     UNINITIALIZED

.text      0    20004400    00003626     
                  20004400    00000a5e     rtsv7M4_T_le_v4SPD16_eabi.lib : _printfi.c.obj (.text:__TI_printfi)
                  20004e5e    00000002     driverlib.a : interrupt.obj (.text:IntDefaultHandler)
                  20004e60    00000488     main.obj (.text)
                  200052e8    00000280     uart_if.obj (.text)
                  20005568    00000270     rtsv7M4_T_le_v4SPD16_eabi.lib : _printfi.c.obj (.text:_pconv_a)
                  200057d8    000001d0                                   : _printfi.c.obj (.text:_pconv_g)
                  200059a8    000001b6                                   : fd_add_t2.asm.obj (.text)
                  20005b5e    00000002                                   : _lock.c.obj (.text:_nop)
                  20005b60    00000198     timer_if.obj (.text)
                  20005cf8    00000178     driverlib.a : prcm.obj (.text:PRCMCC3200MCUInit)
                  20005e70    0000013c     rtsv7M4_T_le_v4SPD16_eabi.lib : _printfi.c.obj (.text:_pconv_e)
                  20005fac    00000136                                   : fd_div_t2.asm.obj (.text)
                  200060e2    00000002                                   : div0.asm.obj (.text)
                  200060e4    00000124                                   : _printfi.c.obj (.text:fcvt)
                  20006208    00000114                                   : memory.c.obj (.text:realloc)
                  2000631c    00000110                                   : s_scalbn.c.obj (.text:scalbn)
                  2000642c    000000fc                                   : fd_mul_t2.asm.obj (.text)
                  20006528    000000e2     pin_mux_config.obj (.text)
                  2000660a    00000002     --HOLE-- [fill = 0]
                  2000660c    000000d8     rtsv7M4_T_le_v4SPD16_eabi.lib : memory.c.obj (.text:free)
                  200066e4    000000b1                                   : _printfi.c.obj (.text:_ltostr)
                  20006795    00000003     --HOLE-- [fill = 0]
                  20006798    000000a8     driverlib.a : interrupt.obj (.text:IntDisable)
                  20006840    000000a8                 : interrupt.obj (.text:IntEnable)
                  200068e8    0000009c     rtsv7M4_T_le_v4SPD16_eabi.lib : memcpy_t2.asm.obj (.text)
                  20006984    00000096                                   : ull_div_t2.asm.obj (.text)
                  20006a1a    00000002     --HOLE-- [fill = 0]
                  20006a1c    00000094     driverlib.a : prcm.obj (.text:PRCMPeripheralClockGet)
                  20006ab0    00000088                 : pin.obj (.text:PinConfigSet)
                  20006b38    00000086     rtsv7M4_T_le_v4SPD16_eabi.lib : fd_cmp_t2.asm.obj (.text:__aeabi_cdcmple)
                  20006bbe    00000086                                   : fd_cmp_t2.asm.obj (.text:__aeabi_cdrcmple)
                  20006c44    00000082     driverlib.a : gpio.obj (.text:GPIOIntTypeSet)
                  20006cc6    0000007a     rtsv7M4_T_le_v4SPD16_eabi.lib : memset_t2.asm.obj (.text)
                  20006d40    00000078                                   : memory.c.obj (.text:malloc)
                  20006db8    00000076     driverlib.a : uart.obj (.text:UARTConfigSetExpClk)
                  20006e2e    00000002     --HOLE-- [fill = 0]
                  20006e30    00000070                 : timer.obj (.text:TimerIntRegister)
                  20006ea0    0000006e     rtsv7M4_T_le_v4SPD16_eabi.lib : _printfi.c.obj (.text:_mcpy)
                  20006f0e    00000002     --HOLE-- [fill = 0]
                  20006f10    00000068     driverlib.a : timer.obj (.text:TimerIntUnregister)
                  20006f78    00000068     rtsv7M4_T_le_v4SPD16_eabi.lib : copy_decompress_lzss.c.obj (.text:decompress:lzss:__TI_decompress_lzss)
                  20006fe0    00000064                                   : s_frexp.c.obj (.text:frexp)
                  20007044    00000058     driverlib.a : prcm.obj (.text:PRCMPeripheralReset)
                  2000709c    00000056     rtsv7M4_T_le_v4SPD16_eabi.lib : _printfi.c.obj (.text:_pconv_f)
                  200070f2    00000002     --HOLE-- [fill = 0]
                  200070f4    00000054     driverlib.a : interrupt.obj (.text:IntPrioritySet)
                  20007148    00000054     rtsv7M4_T_le_v4SPD16_eabi.lib : ltoa.c.obj (.text:ltoa)
                  2000719c    00000052                                   : _printfi.c.obj (.text:_ecpy)
                  200071ee    00000002     --HOLE-- [fill = 0]
                  200071f0    0000004c                                   : atoi.c.obj (.text:atoi)
                  2000723c    00000048     driverlib.a : gpio.obj (.text:GPIOGetIntNumber)
                  20007284    00000048     rtsv7M4_T_le_v4SPD16_eabi.lib : fd_toi_t2.asm.obj (.text)
                  200072cc    00000044     driverlib.a : timer.obj (.text:TimerConfigure)
                  20007310    00000044     rtsv7M4_T_le_v4SPD16_eabi.lib : autoinit.c.obj (.text:__TI_auto_init_nobinit_nopinit:__TI_auto_init_nobinit_nopinit)
                  20007354    00000040     driverlib.a : pin.obj (.text:PinModeSet)
                  20007394    00000040     rtsv7M4_T_le_v4SPD16_eabi.lib : vsnprintf.c.obj (.text:vsnprintf)
                  200073d4    0000003e                                   : _printfi.c.obj (.text:_fcpy)
                  20007412    00000002     --HOLE-- [fill = 0]
                  20007414    0000003c     driverlib.a : prcm.obj (.text:PRCMPeripheralClkEnable)
                  20007450    0000003c     rtsv7M4_T_le_v4SPD16_eabi.lib : memory.c.obj (.text:minsert)
                  2000748c    00000038                                   : boot_cortex_m.c.obj (.text:_c_int00_noargs:_c_int00_noargs)
                  200074c4    00000038                                   : memory.c.obj (.text:minit)
                  200074fc    00000036     driverlib.a : gpio.obj (.text:GPIODirModeSet)
                  20007532    00000030                 : pin.obj (.text:PinTypeGPIO)
                  20007562    00000002     --HOLE-- [fill = 0]
                  20007564    00000030                 : uart.obj (.text:UARTDisable)
                  20007594    00000030     rtsv7M4_T_le_v4SPD16_eabi.lib : vsnprintf.c.obj (.text:_outs)
                  200075c4    0000002e                                   : i_tofd_t2.asm.obj (.text)
                  200075f2    00000002     --HOLE-- [fill = 0]
                  200075f4    0000002c     driverlib.a : prcm.obj (.text:PRCMSysResetCauseGet)
                  20007620    0000002a                 : timer.obj (.text:TimerLoadSet)
                  2000764a    0000002a                 : timer.obj (.text:TimerPrescaleSet)
                  20007674    00000028                 : prcm.obj (.text:PRCMPeripheralClkDisable)
                  2000769c    00000028     rtsv7M4_T_le_v4SPD16_eabi.lib : memory.c.obj (.text:mremove)
                  200076c4    00000024     driverlib.a : interrupt.obj (.text:IntUnregister)
                  200076e8    00000024                 : uart.obj (.text:UARTEnable)
                  2000770c    00000024     rtsv7M4_T_le_v4SPD16_eabi.lib : memmov.c.obj (.text:memmove)
                  20007730    00000022     driverlib.a : gpio.obj (.text:GPIOIntStatus)
                  20007752    00000022                 : timer.obj (.text:TimerValueSet)
                  20007774    00000020                 : interrupt.obj (.text:IntRegister)
                  20007794    0000001e                 : gpio.obj (.text:GPIOIntRegister)
                  200077b2    0000001e                 : timer.obj (.text:TimerDisable)
                  200077d0    0000001e                 : timer.obj (.text:TimerEnable)
                  200077ee    0000001e                 : timer.obj (.text:TimerIntStatus)
                  2000780c    0000001e                 : uart.obj (.text:UARTCharPut)
                  2000782a    0000001c                 : timer.obj (.text:TimerValueGet)
                  20007846    0000001c                 : uart.obj (.text:UARTCharGetNonBlocking)
                  20007862    0000001c     rtsv7M4_T_le_v4SPD16_eabi.lib : memccpy.c.obj (.text:memccpy)
                  2000787e    0000001a     driverlib.a : gpio.obj (.text:GPIOIntEnable)
                  20007898    0000001a                 : pin.obj (.text:PinTypeUART)
                  200078b2    00000018                 : timer.obj (.text:TimerIntDisable)
                  200078ca    00000018                 : timer.obj (.text:TimerIntEnable)
                  200078e2    00000018                 : uart.obj (.text:UARTCharsAvail)
                  200078fa    00000018     rtsv7M4_T_le_v4SPD16_eabi.lib : vsnprintf.c.obj (.text:_outc)
                  20007912    00000016     driverlib.a : prcm.obj (.text:PRCMHIBRegRead)
                  20007928    00000016                 : prcm.obj (.text:PRCMHIBRegWrite)
                  2000793e    00000016     rtsv7M4_T_le_v4SPD16_eabi.lib : strchr.c.obj (.text:strchr)
                  20007954    00000014     driverlib.a : cpu.obj (.text:CPUcpsie)
                  20007968    00000014                 : gpio.obj (.text:GPIOIntClear)
                  2000797c    00000014                 : interrupt.obj (.text:IntVTableBaseSet)
                  20007990    00000014     rtsv7M4_T_le_v4SPD16_eabi.lib : s_copysign.c.obj (.text:copysign)
                  200079a4    00000014                                   : strlen.c.obj (.text:strlen)
                  200079b8    00000012     driverlib.a : timer.obj (.text:TimerIntClear)
                  200079ca    00000012     rtsv7M4_T_le_v4SPD16_eabi.lib : wcslen.c.obj (.text:wcslen)
                  200079dc    0000000e                                   : copy_decompress_none.c.obj (.text:decompress:none:__TI_decompress_none)
                  200079ea    0000000e     startup_ccs.obj (.text)
                  200079f8    0000000c     rtsv7M4_T_le_v4SPD16_eabi.lib : copy_zero_init.c.obj (.text:decompress:ZI:__TI_zero_init)
                  20007a04    0000000a     driverlib.a : interrupt.obj (.text:IntMasterEnable)
                  20007a0e    00000002     --HOLE-- [fill = 0]
                  20007a10    00000008     rtsv7M4_T_le_v4SPD16_eabi.lib : errno.c.obj (.text:__aeabi_errno_addr)
                  20007a18    00000006     driverlib.a : utils.obj (.text:UtilsDelay)
                  20007a1e    00000004     rtsv7M4_T_le_v4SPD16_eabi.lib : pre_init.c.obj (.text:_system_pre_init)
                  20007a22    00000004                                   : exit.c.obj (.text:abort:abort)

.const     0    20007a28    00000400     
                  20007a28    00000101     rtsv7M4_T_le_v4SPD16_eabi.lib : ctype.c.obj (.const:.string:_ctypes_)
                  20007b29    00000003     --HOLE-- [fill = 0]
                  20007b2c    00000100     driverlib.a : pin.obj (.const:g_ulPinToPadMap)
                  20007c2c    000000d4                 : interrupt.obj (.const:g_pulRegs)
                  20007d00    000000a8                 : prcm.obj (.const:PRCM_PeriphRegsList)
                  20007da8    00000080                 : interrupt.obj (.const)

.cinit     0    20007e28    00000048     
                  20007e28    00000022     (.cinit..data.load) [load image, compression = lzss]
                  20007e4a    00000002     --HOLE-- [fill = 0]
                  20007e4c    0000000c     (__TI_handler_table)
                  20007e58    00000008     (.cinit..bss.load) [load image, compression = zero_init]
                  20007e60    00000010     (__TI_cinit_table)

.bss       0    2001d000    00000fb9     UNINITIALIZED
                  2001d000    00000fa0     (.common:buffer)
                  2001dfa0    00000004     uart_if.obj (.bss)
                  2001dfa4    00000004     (.common:PIN61_intcount)
                  2001dfa8    00000004     (.common:consecutivePress)
                  2001dfac    00000004     (.common:flag)
                  2001dfb0    00000004     (.common:previous)
                  2001dfb4    00000004     (.common:tmp)
                  2001dfb8    00000001     (.common:PIN61_intflag)

.sysmem    0    2001dfc0    00000800     UNINITIALIZED
                  2001dfc0    00000008     rtsv7M4_T_le_v4SPD16_eabi.lib : memory.c.obj (.sysmem)
                  2001dfc8    000007f8     --HOLE--

.data      0    2001e7c0    00000020     UNINITIALIZED
                  2001e7c0    0000000c     rtsv7M4_T_le_v4SPD16_eabi.lib : memory.c.obj (.data:$O1$$)
                  2001e7cc    00000008                                   : _lock.c.obj (.data:$O1$$)
                  2001e7d4    00000008     main.obj (.data:PIN61)
                  2001e7dc    00000004     rtsv7M4_T_le_v4SPD16_eabi.lib : errno.c.obj (.data)

.stack     0    2003f800    00000800     UNINITIALIZED
                  2003f800    00000004     rtsv7M4_T_le_v4SPD16_eabi.lib : boot_cortex_m.c.obj (.stack)
                  2003f804    000007fc     --HOLE--

MODULE SUMMARY

       Module                       code    ro data   rw data
       ------                       ----    -------   -------
    .\
       main.obj                     1160    0         4029   
       startup_ccs.obj              14      1024      0      
       uart_if.obj                  640     0         4      
       timer_if.obj                 408     0         0      
       pin_mux_config.obj           226     0         0      
    +--+----------------------------+-------+---------+---------+
       Total:                       2448    1024      4033   
                                                             
    C:/ti/CC3200SDK_1.3.0/cc3200-sdk/driverlib/ccs/Release/driverlib.a
       prcm.obj                     800     168       0      
       interrupt.obj                520     340       0      
       timer.obj                    586     0         0      
       pin.obj                      274     256       0      
       gpio.obj                     366     0         0      
       uart.obj                     284     0         0      
       cpu.obj                      20      0         0      
       utils.obj                    6       0         0      
    +--+----------------------------+-------+---------+---------+
       Total:                       2856    764       0      
                                                             
    C:\TI\ccsv8\tools\compiler\ti-cgt-arm_18.1.4.LTS\lib\rtsv7M4_T_le_v4SPD16_eabi.lib
       _printfi.c.obj               4867    0         0      
       memory.c.obj                 768     0         12     
       fd_add_t2.asm.obj            438     0         0      
       fd_div_t2.asm.obj            310     0         0      
       s_scalbn.c.obj               272     0         0      
       fd_cmp_t2.asm.obj            268     0         0      
       ctype.c.obj                  0       257       0      
       fd_mul_t2.asm.obj            252     0         0      
       memcpy_t2.asm.obj            156     0         0      
       ull_div_t2.asm.obj           150     0         0      
       vsnprintf.c.obj              136     0         0      
       memset_t2.asm.obj            122     0         0      
       copy_decompress_lzss.c.obj   104     0         0      
       s_frexp.c.obj                100     0         0      
       ltoa.c.obj                   84      0         0      
       atoi.c.obj                   76      0         0      
       fd_toi_t2.asm.obj            72      0         0      
       autoinit.c.obj               68      0         0      
       boot_cortex_m.c.obj          56      0         0      
       i_tofd_t2.asm.obj            46      0         0      
       memmov.c.obj                 36      0         0      
       memccpy.c.obj                28      0         0      
       strchr.c.obj                 22      0         0      
       s_copysign.c.obj             20      0         0      
       strlen.c.obj                 20      0         0      
       wcslen.c.obj                 18      0         0      
       copy_decompress_none.c.obj   14      0         0      
       copy_zero_init.c.obj         12      0         0      
       errno.c.obj                  8       0         4      
       _lock.c.obj                  2       0         8      
       exit.c.obj                   4       0         0      
       pre_init.c.obj               4       0         0      
       div0.asm.obj                 2       0         0      
    +--+----------------------------+-------+---------+---------+
       Total:                       8535    257       24     
                                                             
       Heap:                        0       0         2048   
       Stack:                       0       0         2048   
       Linker Generated:            0       70        0      
    +--+----------------------------+-------+---------+---------+
       Grand Total:                 13839   2115      8153   


LINKER GENERATED COPY TABLES

__TI_cinit_table @ 20007e60 records: 2, size/record: 8, table size: 16
	.data: load addr=20007e28, load size=00000022 bytes, run addr=2001e7c0, run size=00000020 bytes, compression=lzss
	.bss: load addr=20007e58, load size=00000008 bytes, run addr=2001d000, run size=00000fb9 bytes, compression=zero_init


LINKER GENERATED HANDLER TABLE

__TI_handler_table @ 20007e4c records: 3, size/record: 4, table size: 12
	index: 0, handler: __TI_decompress_lzss
	index: 1, handler: __TI_decompress_none
	index: 2, handler: __TI_zero_init


GLOBAL SYMBOLS: SORTED ALPHABETICALLY BY Name 

address   name                          
-------   ----                          
20007a23  C$$EXIT                       
20007955  CPUcpsie                      
20005329  ClearTerm                     
20004eff  Decode                        
20004f3b  Display                       
20005333  Error                         
200074fd  GPIODirModeSet                
20007969  GPIOIntClear                  
2000787f  GPIOIntEnable                 
20007795  GPIOIntRegister               
20007731  GPIOIntStatus                 
20006c45  GPIOIntTypeSet                
2000536b  GetCmd                        
200052e9  InitTerm                      
20006799  IntDisable                    
20006841  IntEnable                     
20007a05  IntMasterEnable               
200070f5  IntPrioritySet                
20007775  IntRegister                   
200076c5  IntUnregister                 
2000797d  IntVTableBaseSet              
20005307  Message                       
2001dfa4  PIN61_intcount                
2001dfb8  PIN61_intflag                 
20005cf9  PRCMCC3200MCUInit             
20007913  PRCMHIBRegRead                
20007929  PRCMHIBRegWrite               
20007675  PRCMPeripheralClkDisable      
20007415  PRCMPeripheralClkEnable       
20006a1d  PRCMPeripheralClockGet        
20007045  PRCMPeripheralReset           
200075f5  PRCMSysResetCauseGet          
20006ab1  PinConfigSet                  
20007355  PinModeSet                    
20006529  PinMuxConfig                  
20007533  PinTypeGPIO                   
20007899  PinTypeUART                   
200054a9  Report                        
200079eb  ResetISR                      
200072cd  TimerConfigure                
200077b3  TimerDisable                  
200077d1  TimerEnable                   
200079b9  TimerIntClear                 
200078b3  TimerIntDisable               
200078cb  TimerIntEnable                
20006e31  TimerIntRegister              
200077ef  TimerIntStatus                
20006f11  TimerIntUnregister            
20007621  TimerLoadSet                  
2000764b  TimerPrescaleSet              
2000782b  TimerValueGet                 
20007753  TimerValueSet                 
20005ca7  Timer_IF_DeInit               
20005cd9  Timer_IF_GetCount             
20005be1  Timer_IF_Init                 
20005c13  Timer_IF_IntSetup             
20005c5f  Timer_IF_InterruptClear       
20005cc1  Timer_IF_ReLoad               
20005c77  Timer_IF_Start                
20005c97  Timer_IF_Stop                 
20005411  TrimSpace                     
20007847  UARTCharGetNonBlocking        
2000780d  UARTCharPut                   
200078e3  UARTCharsAvail                
20006db9  UARTConfigSetExpClk           
20007565  UARTDisable                   
200076e9  UARTEnable                    
20007a19  UtilsDelay                    
20040000  __STACK_END                   
00000800  __STACK_SIZE                  
00000800  __SYSMEM_SIZE                 
20007e60  __TI_CINIT_Base               
20007e70  __TI_CINIT_Limit              
20007e4c  __TI_Handler_Table_Base       
20007e58  __TI_Handler_Table_Limit      
20007311  __TI_auto_init_nobinit_nopinit
20006f79  __TI_decompress_lzss          
200079dd  __TI_decompress_none          
ffffffff  __TI_pprof_out_hndl           
20004401  __TI_printfi                  
ffffffff  __TI_prof_data_size           
ffffffff  __TI_prof_data_start          
20007e28  __TI_static_base__            
200079f9  __TI_zero_init                
20006b39  __aeabi_cdcmpeq               
20006b39  __aeabi_cdcmple               
20006bbf  __aeabi_cdrcmple              
20007285  __aeabi_d2iz                  
200059b3  __aeabi_dadd                  
20005fad  __aeabi_ddiv                  
2000642d  __aeabi_dmul                  
200059a9  __aeabi_dsub                  
20007a11  __aeabi_errno_addr            
200075c5  __aeabi_i2d                   
200060e3  __aeabi_idiv0                 
200060e3  __aeabi_ldiv0                 
20006cc7  __aeabi_memclr                
20006cc7  __aeabi_memclr4               
20006cc7  __aeabi_memclr8               
200068e9  __aeabi_memcpy                
200068e9  __aeabi_memcpy4               
200068e9  __aeabi_memcpy8               
20006cc9  __aeabi_memset                
20006cc9  __aeabi_memset4               
20006cc9  __aeabi_memset8               
20006985  __aeabi_uldivmod              
ffffffff  __binit__                     
ffffffff  __c_args__                    
UNDEFED   __mpu_init                    
2003f800  __stack                       
2000748d  _c_int00_noargs               
20007a28  _ctypes_                      
2001e7cc  _lock                         
20005b5f  _nop                          
2001dfc0  _sys_memory                   
UNDEFED   _system_post_cinit            
20007a1f  _system_pre_init              
2001e7d0  _unlock                       
20007a23  abort                         
200071f1  atoi                          
ffffffff  binit                         
2001d000  buffer                        
2001dfa8  consecutivePress              
20007991  copysign                      
20007991  copysignl                     
2001e7dc  errno                         
2001dfac  flag                          
2000660d  free                          
20006fe1  frexp                         
20006fe1  frexpl                        
20004000  g_pfnVectors                  
2000631d  ldexp                         
2000631d  ldexpl                        
20007149  ltoa                          
20005031  main                          
20006d41  malloc                        
20007863  memccpy                       
200068e9  memcpy                        
2000770d  memmove                       
20006ccf  memset                        
200074c5  minit                         
2001dfb0  previous                      
20006209  realloc                       
2000631d  scalbn                        
2000631d  scalbnl                       
2000793f  strchr                        
200079a5  strlen                        
2001dfb4  tmp                           
20007395  vsnprintf                     
200079cb  wcslen                        


GLOBAL SYMBOLS: SORTED BY Symbol Address 

address   name                          
-------   ----                          
00000800  __STACK_SIZE                  
00000800  __SYSMEM_SIZE                 
20004000  g_pfnVectors                  
20004401  __TI_printfi                  
20004eff  Decode                        
20004f3b  Display                       
20005031  main                          
200052e9  InitTerm                      
20005307  Message                       
20005329  ClearTerm                     
20005333  Error                         
2000536b  GetCmd                        
20005411  TrimSpace                     
200054a9  Report                        
200059a9  __aeabi_dsub                  
200059b3  __aeabi_dadd                  
20005b5f  _nop                          
20005be1  Timer_IF_Init                 
20005c13  Timer_IF_IntSetup             
20005c5f  Timer_IF_InterruptClear       
20005c77  Timer_IF_Start                
20005c97  Timer_IF_Stop                 
20005ca7  Timer_IF_DeInit               
20005cc1  Timer_IF_ReLoad               
20005cd9  Timer_IF_GetCount             
20005cf9  PRCMCC3200MCUInit             
20005fad  __aeabi_ddiv                  
200060e3  __aeabi_idiv0                 
200060e3  __aeabi_ldiv0                 
20006209  realloc                       
2000631d  ldexp                         
2000631d  ldexpl                        
2000631d  scalbn                        
2000631d  scalbnl                       
2000642d  __aeabi_dmul                  
20006529  PinMuxConfig                  
2000660d  free                          
20006799  IntDisable                    
20006841  IntEnable                     
200068e9  __aeabi_memcpy                
200068e9  __aeabi_memcpy4               
200068e9  __aeabi_memcpy8               
200068e9  memcpy                        
20006985  __aeabi_uldivmod              
20006a1d  PRCMPeripheralClockGet        
20006ab1  PinConfigSet                  
20006b39  __aeabi_cdcmpeq               
20006b39  __aeabi_cdcmple               
20006bbf  __aeabi_cdrcmple              
20006c45  GPIOIntTypeSet                
20006cc7  __aeabi_memclr                
20006cc7  __aeabi_memclr4               
20006cc7  __aeabi_memclr8               
20006cc9  __aeabi_memset                
20006cc9  __aeabi_memset4               
20006cc9  __aeabi_memset8               
20006ccf  memset                        
20006d41  malloc                        
20006db9  UARTConfigSetExpClk           
20006e31  TimerIntRegister              
20006f11  TimerIntUnregister            
20006f79  __TI_decompress_lzss          
20006fe1  frexp                         
20006fe1  frexpl                        
20007045  PRCMPeripheralReset           
200070f5  IntPrioritySet                
20007149  ltoa                          
200071f1  atoi                          
20007285  __aeabi_d2iz                  
200072cd  TimerConfigure                
20007311  __TI_auto_init_nobinit_nopinit
20007355  PinModeSet                    
20007395  vsnprintf                     
20007415  PRCMPeripheralClkEnable       
2000748d  _c_int00_noargs               
200074c5  minit                         
200074fd  GPIODirModeSet                
20007533  PinTypeGPIO                   
20007565  UARTDisable                   
200075c5  __aeabi_i2d                   
200075f5  PRCMSysResetCauseGet          
20007621  TimerLoadSet                  
2000764b  TimerPrescaleSet              
20007675  PRCMPeripheralClkDisable      
200076c5  IntUnregister                 
200076e9  UARTEnable                    
2000770d  memmove                       
20007731  GPIOIntStatus                 
20007753  TimerValueSet                 
20007775  IntRegister                   
20007795  GPIOIntRegister               
200077b3  TimerDisable                  
200077d1  TimerEnable                   
200077ef  TimerIntStatus                
2000780d  UARTCharPut                   
2000782b  TimerValueGet                 
20007847  UARTCharGetNonBlocking        
20007863  memccpy                       
2000787f  GPIOIntEnable                 
20007899  PinTypeUART                   
200078b3  TimerIntDisable               
200078cb  TimerIntEnable                
200078e3  UARTCharsAvail                
20007913  PRCMHIBRegRead                
20007929  PRCMHIBRegWrite               
2000793f  strchr                        
20007955  CPUcpsie                      
20007969  GPIOIntClear                  
2000797d  IntVTableBaseSet              
20007991  copysign                      
20007991  copysignl                     
200079a5  strlen                        
200079b9  TimerIntClear                 
200079cb  wcslen                        
200079dd  __TI_decompress_none          
200079eb  ResetISR                      
200079f9  __TI_zero_init                
20007a05  IntMasterEnable               
20007a11  __aeabi_errno_addr            
20007a19  UtilsDelay                    
20007a1f  _system_pre_init              
20007a23  C$$EXIT                       
20007a23  abort                         
20007a28  _ctypes_                      
20007e28  __TI_static_base__            
20007e4c  __TI_Handler_Table_Base       
20007e58  __TI_Handler_Table_Limit      
20007e60  __TI_CINIT_Base               
20007e70  __TI_CINIT_Limit              
2001d000  buffer                        
2001dfa4  PIN61_intcount                
2001dfa8  consecutivePress              
2001dfac  flag                          
2001dfb0  previous                      
2001dfb4  tmp                           
2001dfb8  PIN61_intflag                 
2001dfc0  _sys_memory                   
2001e7cc  _lock                         
2001e7d0  _unlock                       
2001e7dc  errno                         
2003f800  __stack                       
20040000  __STACK_END                   
ffffffff  __TI_pprof_out_hndl           
ffffffff  __TI_prof_data_size           
ffffffff  __TI_prof_data_start          
ffffffff  __binit__                     
ffffffff  __c_args__                    
ffffffff  binit                         
UNDEFED   __mpu_init                    
UNDEFED   _system_post_cinit            

[150 symbols]
