******************************************************************************
                  TI ARM Linker PC v18.1.4                     
******************************************************************************
>> Linked Sun Feb  3 23:05:04 2019

OUTPUT FILE NAME:   <Lab3.out>
ENTRY POINT SYMBOL: "_c_int00_noargs"  address: 200074f9


MEMORY CONFIGURATION

         name            origin    length      used     unused   attr    fill
----------------------  --------  ---------  --------  --------  ----  --------
  SRAM_CODE             20004000   00019000  00003eda  00015126  RW X
  SRAM_DATA             2001d000   00023000  00001fe1  0002101f  RW X


SEGMENT ALLOCATION MAP

run origin  load origin   length   init length attrs members
----------  ----------- ---------- ----------- ----- -------
20004000    20004000    00003ee0   00003ee0    r-x
  20004000    20004000    00000400   00000400    r-- .intvecs
  20004400    20004400    00003692   00003692    r-x .text
  20007a94    20007a94    00000400   00000400    r-- .const
  20007e98    20007e98    00000048   00000048    r-- .cinit
2001d000    2001d000    000017e4   00000000    rw-
  2001d000    2001d000    00000fbd   00000000    rw- .bss
  2001dfc0    2001dfc0    00000800   00000000    rw- .sysmem
  2001e7c0    2001e7c0    00000024   00000000    rw- .data
2003f800    2003f800    00000800   00000000    rw-
  2003f800    2003f800    00000800   00000000    rw- .stack


SECTION ALLOCATION MAP

 output                                  attributes/
section   page    origin      length       input sections
--------  ----  ----------  ----------   ----------------
.intvecs   0    20004000    00000400     
                  20004000    00000400     startup_ccs.obj (.intvecs)

.init_array 
*          0    20004000    00000000     UNINITIALIZED

.text      0    20004400    00003692     
                  20004400    00000a5e     rtsv7M4_T_le_v4SPD16_eabi.lib : _printfi.c.obj (.text:__TI_printfi)
                  20004e5e    00000002     driverlib.a : interrupt.obj (.text:IntDefaultHandler)
                  20004e60    000004f4     main.obj (.text)
                  20005354    00000280     uart_if.obj (.text)
                  200055d4    00000270     rtsv7M4_T_le_v4SPD16_eabi.lib : _printfi.c.obj (.text:_pconv_a)
                  20005844    000001d0                                   : _printfi.c.obj (.text:_pconv_g)
                  20005a14    000001b6                                   : fd_add_t2.asm.obj (.text)
                  20005bca    00000002                                   : _lock.c.obj (.text:_nop)
                  20005bcc    00000198     timer_if.obj (.text)
                  20005d64    00000178     driverlib.a : prcm.obj (.text:PRCMCC3200MCUInit)
                  20005edc    0000013c     rtsv7M4_T_le_v4SPD16_eabi.lib : _printfi.c.obj (.text:_pconv_e)
                  20006018    00000136                                   : fd_div_t2.asm.obj (.text)
                  2000614e    00000002                                   : div0.asm.obj (.text)
                  20006150    00000124                                   : _printfi.c.obj (.text:fcvt)
                  20006274    00000114                                   : memory.c.obj (.text:realloc)
                  20006388    00000110                                   : s_scalbn.c.obj (.text:scalbn)
                  20006498    000000fc                                   : fd_mul_t2.asm.obj (.text)
                  20006594    000000e2     pin_mux_config.obj (.text)
                  20006676    00000002     --HOLE-- [fill = 0]
                  20006678    000000d8     rtsv7M4_T_le_v4SPD16_eabi.lib : memory.c.obj (.text:free)
                  20006750    000000b1                                   : _printfi.c.obj (.text:_ltostr)
                  20006801    00000003     --HOLE-- [fill = 0]
                  20006804    000000a8     driverlib.a : interrupt.obj (.text:IntDisable)
                  200068ac    000000a8                 : interrupt.obj (.text:IntEnable)
                  20006954    0000009c     rtsv7M4_T_le_v4SPD16_eabi.lib : memcpy_t2.asm.obj (.text)
                  200069f0    00000096                                   : ull_div_t2.asm.obj (.text)
                  20006a86    00000002     --HOLE-- [fill = 0]
                  20006a88    00000094     driverlib.a : prcm.obj (.text:PRCMPeripheralClockGet)
                  20006b1c    00000088                 : pin.obj (.text:PinConfigSet)
                  20006ba4    00000086     rtsv7M4_T_le_v4SPD16_eabi.lib : fd_cmp_t2.asm.obj (.text:__aeabi_cdcmple)
                  20006c2a    00000086                                   : fd_cmp_t2.asm.obj (.text:__aeabi_cdrcmple)
                  20006cb0    00000082     driverlib.a : gpio.obj (.text:GPIOIntTypeSet)
                  20006d32    0000007a     rtsv7M4_T_le_v4SPD16_eabi.lib : memset_t2.asm.obj (.text)
                  20006dac    00000078                                   : memory.c.obj (.text:malloc)
                  20006e24    00000076     driverlib.a : uart.obj (.text:UARTConfigSetExpClk)
                  20006e9a    00000002     --HOLE-- [fill = 0]
                  20006e9c    00000070                 : timer.obj (.text:TimerIntRegister)
                  20006f0c    0000006e     rtsv7M4_T_le_v4SPD16_eabi.lib : _printfi.c.obj (.text:_mcpy)
                  20006f7a    00000002     --HOLE-- [fill = 0]
                  20006f7c    00000068     driverlib.a : timer.obj (.text:TimerIntUnregister)
                  20006fe4    00000068     rtsv7M4_T_le_v4SPD16_eabi.lib : copy_decompress_lzss.c.obj (.text:decompress:lzss:__TI_decompress_lzss)
                  2000704c    00000064                                   : s_frexp.c.obj (.text:frexp)
                  200070b0    00000058     driverlib.a : prcm.obj (.text:PRCMPeripheralReset)
                  20007108    00000056     rtsv7M4_T_le_v4SPD16_eabi.lib : _printfi.c.obj (.text:_pconv_f)
                  2000715e    00000002     --HOLE-- [fill = 0]
                  20007160    00000054     driverlib.a : interrupt.obj (.text:IntPrioritySet)
                  200071b4    00000054     rtsv7M4_T_le_v4SPD16_eabi.lib : ltoa.c.obj (.text:ltoa)
                  20007208    00000052                                   : _printfi.c.obj (.text:_ecpy)
                  2000725a    00000002     --HOLE-- [fill = 0]
                  2000725c    0000004c                                   : atoi.c.obj (.text:atoi)
                  200072a8    00000048     driverlib.a : gpio.obj (.text:GPIOGetIntNumber)
                  200072f0    00000048     rtsv7M4_T_le_v4SPD16_eabi.lib : fd_toi_t2.asm.obj (.text)
                  20007338    00000044     driverlib.a : timer.obj (.text:TimerConfigure)
                  2000737c    00000044     rtsv7M4_T_le_v4SPD16_eabi.lib : autoinit.c.obj (.text:__TI_auto_init_nobinit_nopinit:__TI_auto_init_nobinit_nopinit)
                  200073c0    00000040     driverlib.a : pin.obj (.text:PinModeSet)
                  20007400    00000040     rtsv7M4_T_le_v4SPD16_eabi.lib : vsnprintf.c.obj (.text:vsnprintf)
                  20007440    0000003e                                   : _printfi.c.obj (.text:_fcpy)
                  2000747e    00000002     --HOLE-- [fill = 0]
                  20007480    0000003c     driverlib.a : prcm.obj (.text:PRCMPeripheralClkEnable)
                  200074bc    0000003c     rtsv7M4_T_le_v4SPD16_eabi.lib : memory.c.obj (.text:minsert)
                  200074f8    00000038                                   : boot_cortex_m.c.obj (.text:_c_int00_noargs:_c_int00_noargs)
                  20007530    00000038                                   : memory.c.obj (.text:minit)
                  20007568    00000036     driverlib.a : gpio.obj (.text:GPIODirModeSet)
                  2000759e    00000030                 : pin.obj (.text:PinTypeGPIO)
                  200075ce    00000002     --HOLE-- [fill = 0]
                  200075d0    00000030                 : uart.obj (.text:UARTDisable)
                  20007600    00000030     rtsv7M4_T_le_v4SPD16_eabi.lib : vsnprintf.c.obj (.text:_outs)
                  20007630    0000002e                                   : i_tofd_t2.asm.obj (.text)
                  2000765e    00000002     --HOLE-- [fill = 0]
                  20007660    0000002c     driverlib.a : prcm.obj (.text:PRCMSysResetCauseGet)
                  2000768c    0000002a                 : timer.obj (.text:TimerLoadSet)
                  200076b6    0000002a                 : timer.obj (.text:TimerPrescaleSet)
                  200076e0    00000028                 : prcm.obj (.text:PRCMPeripheralClkDisable)
                  20007708    00000028     rtsv7M4_T_le_v4SPD16_eabi.lib : memory.c.obj (.text:mremove)
                  20007730    00000024     driverlib.a : interrupt.obj (.text:IntUnregister)
                  20007754    00000024                 : uart.obj (.text:UARTEnable)
                  20007778    00000024     rtsv7M4_T_le_v4SPD16_eabi.lib : memmov.c.obj (.text:memmove)
                  2000779c    00000022     driverlib.a : gpio.obj (.text:GPIOIntStatus)
                  200077be    00000022                 : timer.obj (.text:TimerValueSet)
                  200077e0    00000020                 : interrupt.obj (.text:IntRegister)
                  20007800    0000001e                 : gpio.obj (.text:GPIOIntRegister)
                  2000781e    0000001e                 : timer.obj (.text:TimerDisable)
                  2000783c    0000001e                 : timer.obj (.text:TimerEnable)
                  2000785a    0000001e                 : timer.obj (.text:TimerIntStatus)
                  20007878    0000001e                 : uart.obj (.text:UARTCharPut)
                  20007896    0000001c                 : timer.obj (.text:TimerValueGet)
                  200078b2    0000001c                 : uart.obj (.text:UARTCharGetNonBlocking)
                  200078ce    0000001c     rtsv7M4_T_le_v4SPD16_eabi.lib : memccpy.c.obj (.text:memccpy)
                  200078ea    0000001a     driverlib.a : gpio.obj (.text:GPIOIntEnable)
                  20007904    0000001a                 : pin.obj (.text:PinTypeUART)
                  2000791e    00000018                 : timer.obj (.text:TimerIntDisable)
                  20007936    00000018                 : timer.obj (.text:TimerIntEnable)
                  2000794e    00000018                 : uart.obj (.text:UARTCharsAvail)
                  20007966    00000018     rtsv7M4_T_le_v4SPD16_eabi.lib : vsnprintf.c.obj (.text:_outc)
                  2000797e    00000016     driverlib.a : prcm.obj (.text:PRCMHIBRegRead)
                  20007994    00000016                 : prcm.obj (.text:PRCMHIBRegWrite)
                  200079aa    00000016     rtsv7M4_T_le_v4SPD16_eabi.lib : strchr.c.obj (.text:strchr)
                  200079c0    00000014     driverlib.a : cpu.obj (.text:CPUcpsie)
                  200079d4    00000014                 : gpio.obj (.text:GPIOIntClear)
                  200079e8    00000014                 : interrupt.obj (.text:IntVTableBaseSet)
                  200079fc    00000014     rtsv7M4_T_le_v4SPD16_eabi.lib : s_copysign.c.obj (.text:copysign)
                  20007a10    00000014                                   : strlen.c.obj (.text:strlen)
                  20007a24    00000012     driverlib.a : timer.obj (.text:TimerIntClear)
                  20007a36    00000012     rtsv7M4_T_le_v4SPD16_eabi.lib : wcslen.c.obj (.text:wcslen)
                  20007a48    0000000e                                   : copy_decompress_none.c.obj (.text:decompress:none:__TI_decompress_none)
                  20007a56    0000000e     startup_ccs.obj (.text)
                  20007a64    0000000c     rtsv7M4_T_le_v4SPD16_eabi.lib : copy_zero_init.c.obj (.text:decompress:ZI:__TI_zero_init)
                  20007a70    0000000a     driverlib.a : interrupt.obj (.text:IntMasterEnable)
                  20007a7a    00000002     --HOLE-- [fill = 0]
                  20007a7c    00000008     rtsv7M4_T_le_v4SPD16_eabi.lib : errno.c.obj (.text:__aeabi_errno_addr)
                  20007a84    00000006     driverlib.a : utils.obj (.text:UtilsDelay)
                  20007a8a    00000004     rtsv7M4_T_le_v4SPD16_eabi.lib : pre_init.c.obj (.text:_system_pre_init)
                  20007a8e    00000004                                   : exit.c.obj (.text:abort:abort)

.const     0    20007a94    00000400     
                  20007a94    00000101     rtsv7M4_T_le_v4SPD16_eabi.lib : ctype.c.obj (.const:.string:_ctypes_)
                  20007b95    00000003     --HOLE-- [fill = 0]
                  20007b98    00000100     driverlib.a : pin.obj (.const:g_ulPinToPadMap)
                  20007c98    000000d4                 : interrupt.obj (.const:g_pulRegs)
                  20007d6c    000000a8                 : prcm.obj (.const:PRCM_PeriphRegsList)
                  20007e14    00000080                 : interrupt.obj (.const)

.cinit     0    20007e98    00000048     
                  20007e98    00000022     (.cinit..data.load) [load image, compression = lzss]
                  20007eba    00000002     --HOLE-- [fill = 0]
                  20007ebc    0000000c     (__TI_handler_table)
                  20007ec8    00000008     (.cinit..bss.load) [load image, compression = zero_init]
                  20007ed0    00000010     (__TI_cinit_table)

.bss       0    2001d000    00000fbd     UNINITIALIZED
                  2001d000    00000fa0     (.common:buffer)
                  2001dfa0    00000004     uart_if.obj (.bss)
                  2001dfa4    00000004     (.common:PIN61_intcount)
                  2001dfa8    00000004     (.common:currentButton)
                  2001dfac    00000004     (.common:currentPress)
                  2001dfb0    00000004     (.common:previousButton)
                  2001dfb4    00000004     (.common:previousPress)
                  2001dfb8    00000004     (.common:tmp)
                  2001dfbc    00000001     (.common:PIN61_intflag)

.sysmem    0    2001dfc0    00000800     UNINITIALIZED
                  2001dfc0    00000008     rtsv7M4_T_le_v4SPD16_eabi.lib : memory.c.obj (.sysmem)
                  2001dfc8    000007f8     --HOLE--

.data      0    2001e7c0    00000024     UNINITIALIZED
                  2001e7c0    0000000c     rtsv7M4_T_le_v4SPD16_eabi.lib : memory.c.obj (.data:$O1$$)
                  2001e7cc    00000008                                   : _lock.c.obj (.data:$O1$$)
                  2001e7d4    00000008     main.obj (.data:PIN61)
                  2001e7dc    00000004     main.obj (.data)
                  2001e7e0    00000004     rtsv7M4_T_le_v4SPD16_eabi.lib : errno.c.obj (.data)

.stack     0    2003f800    00000800     UNINITIALIZED
                  2003f800    00000004     rtsv7M4_T_le_v4SPD16_eabi.lib : boot_cortex_m.c.obj (.stack)
                  2003f804    000007fc     --HOLE--

MODULE SUMMARY

       Module                       code    ro data   rw data
       ------                       ----    -------   -------
    .\
       main.obj                     1268    0         4037   
       startup_ccs.obj              14      1024      0      
       uart_if.obj                  640     0         4      
       timer_if.obj                 408     0         0      
       pin_mux_config.obj           226     0         0      
    +--+----------------------------+-------+---------+---------+
       Total:                       2556    1024      4041   
                                                             
    C:/ti/CC3200SDK_1.3.0/cc3200-sdk/driverlib/ccs/Release/driverlib.a
       prcm.obj                     800     168       0      
       interrupt.obj                520     340       0      
       timer.obj                    586     0         0      
       pin.obj                      274     256       0      
       gpio.obj                     366     0         0      
       uart.obj                     284     0         0      
       cpu.obj                      20      0         0      
       utils.obj                    6       0         0      
    +--+----------------------------+-------+---------+---------+
       Total:                       2856    764       0      
                                                             
    C:\TI\ccsv8\tools\compiler\ti-cgt-arm_18.1.4.LTS\lib\rtsv7M4_T_le_v4SPD16_eabi.lib
       _printfi.c.obj               4867    0         0      
       memory.c.obj                 768     0         12     
       fd_add_t2.asm.obj            438     0         0      
       fd_div_t2.asm.obj            310     0         0      
       s_scalbn.c.obj               272     0         0      
       fd_cmp_t2.asm.obj            268     0         0      
       ctype.c.obj                  0       257       0      
       fd_mul_t2.asm.obj            252     0         0      
       memcpy_t2.asm.obj            156     0         0      
       ull_div_t2.asm.obj           150     0         0      
       vsnprintf.c.obj              136     0         0      
       memset_t2.asm.obj            122     0         0      
       copy_decompress_lzss.c.obj   104     0         0      
       s_frexp.c.obj                100     0         0      
       ltoa.c.obj                   84      0         0      
       atoi.c.obj                   76      0         0      
       fd_toi_t2.asm.obj            72      0         0      
       autoinit.c.obj               68      0         0      
       boot_cortex_m.c.obj          56      0         0      
       i_tofd_t2.asm.obj            46      0         0      
       memmov.c.obj                 36      0         0      
       memccpy.c.obj                28      0         0      
       strchr.c.obj                 22      0         0      
       s_copysign.c.obj             20      0         0      
       strlen.c.obj                 20      0         0      
       wcslen.c.obj                 18      0         0      
       copy_decompress_none.c.obj   14      0         0      
       copy_zero_init.c.obj         12      0         0      
       errno.c.obj                  8       0         4      
       _lock.c.obj                  2       0         8      
       exit.c.obj                   4       0         0      
       pre_init.c.obj               4       0         0      
       div0.asm.obj                 2       0         0      
    +--+----------------------------+-------+---------+---------+
       Total:                       8535    257       24     
                                                             
       Heap:                        0       0         2048   
       Stack:                       0       0         2048   
       Linker Generated:            0       70        0      
    +--+----------------------------+-------+---------+---------+
       Grand Total:                 13947   2115      8161   


LINKER GENERATED COPY TABLES

__TI_cinit_table @ 20007ed0 records: 2, size/record: 8, table size: 16
	.data: load addr=20007e98, load size=00000022 bytes, run addr=2001e7c0, run size=00000024 bytes, compression=lzss
	.bss: load addr=20007ec8, load size=00000008 bytes, run addr=2001d000, run size=00000fbd bytes, compression=zero_init


LINKER GENERATED HANDLER TABLE

__TI_handler_table @ 20007ebc records: 3, size/record: 4, table size: 12
	index: 0, handler: __TI_decompress_lzss
	index: 1, handler: __TI_decompress_none
	index: 2, handler: __TI_zero_init


GLOBAL SYMBOLS: SORTED ALPHABETICALLY BY Name 

address   name                          
-------   ----                          
20007a8f  C$$EXIT                       
200079c1  CPUcpsie                      
20005395  ClearTerm                     
20004efd  Decode                        
20004f39  Display                       
2000539f  Error                         
20007569  GPIODirModeSet                
200079d5  GPIOIntClear                  
200078eb  GPIOIntEnable                 
20007801  GPIOIntRegister               
2000779d  GPIOIntStatus                 
20006cb1  GPIOIntTypeSet                
200053d7  GetCmd                        
20005355  InitTerm                      
20006805  IntDisable                    
200068ad  IntEnable                     
20007a71  IntMasterEnable               
20007161  IntPrioritySet                
200077e1  IntRegister                   
20007731  IntUnregister                 
200079e9  IntVTableBaseSet              
20005373  Message                       
2001dfa4  PIN61_intcount                
2001dfbc  PIN61_intflag                 
20005d65  PRCMCC3200MCUInit             
2000797f  PRCMHIBRegRead                
20007995  PRCMHIBRegWrite               
200076e1  PRCMPeripheralClkDisable      
20007481  PRCMPeripheralClkEnable       
20006a89  PRCMPeripheralClockGet        
200070b1  PRCMPeripheralReset           
20007661  PRCMSysResetCauseGet          
20006b1d  PinConfigSet                  
200073c1  PinModeSet                    
20006595  PinMuxConfig                  
2000759f  PinTypeGPIO                   
20007905  PinTypeUART                   
20005515  Report                        
20007a57  ResetISR                      
20007339  TimerConfigure                
2000781f  TimerDisable                  
2000783d  TimerEnable                   
20007a25  TimerIntClear                 
2000791f  TimerIntDisable               
20007937  TimerIntEnable                
20006e9d  TimerIntRegister              
2000785b  TimerIntStatus                
20006f7d  TimerIntUnregister            
2000768d  TimerLoadSet                  
200076b7  TimerPrescaleSet              
20007897  TimerValueGet                 
200077bf  TimerValueSet                 
20005d13  Timer_IF_DeInit               
20005d45  Timer_IF_GetCount             
20005c4d  Timer_IF_Init                 
20005c7f  Timer_IF_IntSetup             
20005ccb  Timer_IF_InterruptClear       
20005d2d  Timer_IF_ReLoad               
20005ce3  Timer_IF_Start                
20005d03  Timer_IF_Stop                 
2000547d  TrimSpace                     
200078b3  UARTCharGetNonBlocking        
20007879  UARTCharPut                   
2000794f  UARTCharsAvail                
20006e25  UARTConfigSetExpClk           
200075d1  UARTDisable                   
20007755  UARTEnable                    
20007a85  UtilsDelay                    
20040000  __STACK_END                   
00000800  __STACK_SIZE                  
00000800  __SYSMEM_SIZE                 
20007ed0  __TI_CINIT_Base               
20007ee0  __TI_CINIT_Limit              
20007ebc  __TI_Handler_Table_Base       
20007ec8  __TI_Handler_Table_Limit      
2000737d  __TI_auto_init_nobinit_nopinit
20006fe5  __TI_decompress_lzss          
20007a49  __TI_decompress_none          
ffffffff  __TI_pprof_out_hndl           
20004401  __TI_printfi                  
ffffffff  __TI_prof_data_size           
ffffffff  __TI_prof_data_start          
20007e98  __TI_static_base__            
20007a65  __TI_zero_init                
20006ba5  __aeabi_cdcmpeq               
20006ba5  __aeabi_cdcmple               
20006c2b  __aeabi_cdrcmple              
200072f1  __aeabi_d2iz                  
20005a1f  __aeabi_dadd                  
20006019  __aeabi_ddiv                  
20006499  __aeabi_dmul                  
20005a15  __aeabi_dsub                  
20007a7d  __aeabi_errno_addr            
20007631  __aeabi_i2d                   
2000614f  __aeabi_idiv0                 
2000614f  __aeabi_ldiv0                 
20006d33  __aeabi_memclr                
20006d33  __aeabi_memclr4               
20006d33  __aeabi_memclr8               
20006955  __aeabi_memcpy                
20006955  __aeabi_memcpy4               
20006955  __aeabi_memcpy8               
20006d35  __aeabi_memset                
20006d35  __aeabi_memset4               
20006d35  __aeabi_memset8               
200069f1  __aeabi_uldivmod              
ffffffff  __binit__                     
ffffffff  __c_args__                    
UNDEFED   __mpu_init                    
2003f800  __stack                       
200074f9  _c_int00_noargs               
20007a94  _ctypes_                      
2001e7cc  _lock                         
20005bcb  _nop                          
2001dfc0  _sys_memory                   
UNDEFED   _system_post_cinit            
20007a8b  _system_pre_init              
2001e7d0  _unlock                       
20007a8f  abort                         
2000725d  atoi                          
ffffffff  binit                         
2001d000  buffer                        
200079fd  copysign                      
200079fd  copysignl                     
2001dfa8  currentButton                 
2001dfac  currentPress                  
2001e7e0  errno                         
20006679  free                          
2000704d  frexp                         
2000704d  frexpl                        
20004000  g_pfnVectors                  
20006389  ldexp                         
20006389  ldexpl                        
200071b5  ltoa                          
20005031  main                          
20006dad  malloc                        
200078cf  memccpy                       
20006955  memcpy                        
20007779  memmove                       
20006d3b  memset                        
20007531  minit                         
2001dfb0  previousButton                
2001dfb4  previousPress                 
20006275  realloc                       
2001e7dc  sameButton                    
20006389  scalbn                        
20006389  scalbnl                       
200079ab  strchr                        
20007a11  strlen                        
2001dfb8  tmp                           
20007401  vsnprintf                     
20007a37  wcslen                        


GLOBAL SYMBOLS: SORTED BY Symbol Address 

address   name                          
-------   ----                          
00000800  __STACK_SIZE                  
00000800  __SYSMEM_SIZE                 
20004000  g_pfnVectors                  
20004401  __TI_printfi                  
20004efd  Decode                        
20004f39  Display                       
20005031  main                          
20005355  InitTerm                      
20005373  Message                       
20005395  ClearTerm                     
2000539f  Error                         
200053d7  GetCmd                        
2000547d  TrimSpace                     
20005515  Report                        
20005a15  __aeabi_dsub                  
20005a1f  __aeabi_dadd                  
20005bcb  _nop                          
20005c4d  Timer_IF_Init                 
20005c7f  Timer_IF_IntSetup             
20005ccb  Timer_IF_InterruptClear       
20005ce3  Timer_IF_Start                
20005d03  Timer_IF_Stop                 
20005d13  Timer_IF_DeInit               
20005d2d  Timer_IF_ReLoad               
20005d45  Timer_IF_GetCount             
20005d65  PRCMCC3200MCUInit             
20006019  __aeabi_ddiv                  
2000614f  __aeabi_idiv0                 
2000614f  __aeabi_ldiv0                 
20006275  realloc                       
20006389  ldexp                         
20006389  ldexpl                        
20006389  scalbn                        
20006389  scalbnl                       
20006499  __aeabi_dmul                  
20006595  PinMuxConfig                  
20006679  free                          
20006805  IntDisable                    
200068ad  IntEnable                     
20006955  __aeabi_memcpy                
20006955  __aeabi_memcpy4               
20006955  __aeabi_memcpy8               
20006955  memcpy                        
200069f1  __aeabi_uldivmod              
20006a89  PRCMPeripheralClockGet        
20006b1d  PinConfigSet                  
20006ba5  __aeabi_cdcmpeq               
20006ba5  __aeabi_cdcmple               
20006c2b  __aeabi_cdrcmple              
20006cb1  GPIOIntTypeSet                
20006d33  __aeabi_memclr                
20006d33  __aeabi_memclr4               
20006d33  __aeabi_memclr8               
20006d35  __aeabi_memset                
20006d35  __aeabi_memset4               
20006d35  __aeabi_memset8               
20006d3b  memset                        
20006dad  malloc                        
20006e25  UARTConfigSetExpClk           
20006e9d  TimerIntRegister              
20006f7d  TimerIntUnregister            
20006fe5  __TI_decompress_lzss          
2000704d  frexp                         
2000704d  frexpl                        
200070b1  PRCMPeripheralReset           
20007161  IntPrioritySet                
200071b5  ltoa                          
2000725d  atoi                          
200072f1  __aeabi_d2iz                  
20007339  TimerConfigure                
2000737d  __TI_auto_init_nobinit_nopinit
200073c1  PinModeSet                    
20007401  vsnprintf                     
20007481  PRCMPeripheralClkEnable       
200074f9  _c_int00_noargs               
20007531  minit                         
20007569  GPIODirModeSet                
2000759f  PinTypeGPIO                   
200075d1  UARTDisable                   
20007631  __aeabi_i2d                   
20007661  PRCMSysResetCauseGet          
2000768d  TimerLoadSet                  
200076b7  TimerPrescaleSet              
200076e1  PRCMPeripheralClkDisable      
20007731  IntUnregister                 
20007755  UARTEnable                    
20007779  memmove                       
2000779d  GPIOIntStatus                 
200077bf  TimerValueSet                 
200077e1  IntRegister                   
20007801  GPIOIntRegister               
2000781f  TimerDisable                  
2000783d  TimerEnable                   
2000785b  TimerIntStatus                
20007879  UARTCharPut                   
20007897  TimerValueGet                 
200078b3  UARTCharGetNonBlocking        
200078cf  memccpy                       
200078eb  GPIOIntEnable                 
20007905  PinTypeUART                   
2000791f  TimerIntDisable               
20007937  TimerIntEnable                
2000794f  UARTCharsAvail                
2000797f  PRCMHIBRegRead                
20007995  PRCMHIBRegWrite               
200079ab  strchr                        
200079c1  CPUcpsie                      
200079d5  GPIOIntClear                  
200079e9  IntVTableBaseSet              
200079fd  copysign                      
200079fd  copysignl                     
20007a11  strlen                        
20007a25  TimerIntClear                 
20007a37  wcslen                        
20007a49  __TI_decompress_none          
20007a57  ResetISR                      
20007a65  __TI_zero_init                
20007a71  IntMasterEnable               
20007a7d  __aeabi_errno_addr            
20007a85  UtilsDelay                    
20007a8b  _system_pre_init              
20007a8f  C$$EXIT                       
20007a8f  abort                         
20007a94  _ctypes_                      
20007e98  __TI_static_base__            
20007ebc  __TI_Handler_Table_Base       
20007ec8  __TI_Handler_Table_Limit      
20007ed0  __TI_CINIT_Base               
20007ee0  __TI_CINIT_Limit              
2001d000  buffer                        
2001dfa4  PIN61_intcount                
2001dfa8  currentButton                 
2001dfac  currentPress                  
2001dfb0  previousButton                
2001dfb4  previousPress                 
2001dfb8  tmp                           
2001dfbc  PIN61_intflag                 
2001dfc0  _sys_memory                   
2001e7cc  _lock                         
2001e7d0  _unlock                       
2001e7dc  sameButton                    
2001e7e0  errno                         
2003f800  __stack                       
20040000  __STACK_END                   
ffffffff  __TI_pprof_out_hndl           
ffffffff  __TI_prof_data_size           
ffffffff  __TI_prof_data_start          
ffffffff  __binit__                     
ffffffff  __c_args__                    
ffffffff  binit                         
UNDEFED   __mpu_init                    
UNDEFED   _system_post_cinit            

[152 symbols]
